Archive member included because of file (symbol)

c:/freescale/kds_3.0.0/toolchain/bin/../lib/gcc/arm-none-eabi/4.8.4/../../../../arm-none-eabi/lib/armv7e-m\libg_s.a(lib_a-exit.o)
                              c:/freescale/kds_3.0.0/toolchain/bin/../lib/gcc/arm-none-eabi/4.8.4/../../../../arm-none-eabi/lib/armv7e-m/crt0.o (exit)
c:/freescale/kds_3.0.0/toolchain/bin/../lib/gcc/arm-none-eabi/4.8.4/../../../../arm-none-eabi/lib/armv7e-m\libg_s.a(lib_a-impure.o)
                              c:/freescale/kds_3.0.0/toolchain/bin/../lib/gcc/arm-none-eabi/4.8.4/../../../../arm-none-eabi/lib/armv7e-m\libg_s.a(lib_a-exit.o) (_global_impure_ptr)
c:/freescale/kds_3.0.0/toolchain/bin/../lib/gcc/arm-none-eabi/4.8.4/../../../../arm-none-eabi/lib/armv7e-m\libg_s.a(lib_a-init.o)
                              c:/freescale/kds_3.0.0/toolchain/bin/../lib/gcc/arm-none-eabi/4.8.4/../../../../arm-none-eabi/lib/armv7e-m/crt0.o (__libc_init_array)
c:/freescale/kds_3.0.0/toolchain/bin/../lib/gcc/arm-none-eabi/4.8.4/../../../../arm-none-eabi/lib/armv7e-m\libg_s.a(lib_a-memset.o)
                              c:/freescale/kds_3.0.0/toolchain/bin/../lib/gcc/arm-none-eabi/4.8.4/../../../../arm-none-eabi/lib/armv7e-m/crt0.o (memset)
c:/freescale/kds_3.0.0/toolchain/bin/../lib/gcc/arm-none-eabi/4.8.4/../../../../arm-none-eabi/lib/armv7e-m\libnosys.a(_exit.o)
                              c:/freescale/kds_3.0.0/toolchain/bin/../lib/gcc/arm-none-eabi/4.8.4/../../../../arm-none-eabi/lib/armv7e-m\libg_s.a(lib_a-exit.o) (_exit)

Allocating common symbols
Common symbol       size              file

ASerialLdd1_DeviceDataPtr
                    0x4               ./Generated_Code/Inhr1.o
ASerialLdd2_DeviceDataPtr
                    0x4               ./Generated_Code/Inhr2.o
SR_reg              0x1               ./Generated_Code/Cpu.o

Discarded input sections

 .text          0x00000000        0x0 c:/freescale/kds_3.0.0/toolchain/bin/../lib/gcc/arm-none-eabi/4.8.4/armv7e-m/crti.o
 .data          0x00000000        0x0 c:/freescale/kds_3.0.0/toolchain/bin/../lib/gcc/arm-none-eabi/4.8.4/armv7e-m/crti.o
 .bss           0x00000000        0x0 c:/freescale/kds_3.0.0/toolchain/bin/../lib/gcc/arm-none-eabi/4.8.4/armv7e-m/crti.o
 .data          0x00000000        0x4 c:/freescale/kds_3.0.0/toolchain/bin/../lib/gcc/arm-none-eabi/4.8.4/armv7e-m/crtbegin.o
 .data          0x00000000        0x0 c:/freescale/kds_3.0.0/toolchain/bin/../lib/gcc/arm-none-eabi/4.8.4/../../../../arm-none-eabi/lib/armv7e-m/crt0.o
 .bss           0x00000000        0x0 c:/freescale/kds_3.0.0/toolchain/bin/../lib/gcc/arm-none-eabi/4.8.4/../../../../arm-none-eabi/lib/armv7e-m/crt0.o
 .ARM.extab     0x00000000        0x0 c:/freescale/kds_3.0.0/toolchain/bin/../lib/gcc/arm-none-eabi/4.8.4/../../../../arm-none-eabi/lib/armv7e-m/crt0.o
 .group         0x00000000        0x8 ./Sources/Events.o
 .group         0x00000000        0x8 ./Sources/Events.o
 .group         0x00000000        0x8 ./Sources/Events.o
 .group         0x00000000        0x8 ./Sources/Events.o
 .group         0x00000000        0x8 ./Sources/Events.o
 .group         0x00000000        0x8 ./Sources/Events.o
 .group         0x00000000        0x8 ./Sources/Events.o
 .group         0x00000000        0x8 ./Sources/Events.o
 .group         0x00000000        0x8 ./Sources/Events.o
 .group         0x00000000        0x8 ./Sources/Events.o
 .group         0x00000000        0x8 ./Sources/Events.o
 .group         0x00000000        0x8 ./Sources/Events.o
 .group         0x00000000        0x8 ./Sources/Events.o
 .text          0x00000000        0x0 ./Sources/Events.o
 .data          0x00000000        0x0 ./Sources/Events.o
 .bss           0x00000000        0x0 ./Sources/Events.o
 .group         0x00000000        0x8 ./Sources/main.o
 .group         0x00000000        0x8 ./Sources/main.o
 .group         0x00000000        0x8 ./Sources/main.o
 .group         0x00000000        0x8 ./Sources/main.o
 .group         0x00000000        0x8 ./Sources/main.o
 .group         0x00000000        0x8 ./Sources/main.o
 .group         0x00000000        0x8 ./Sources/main.o
 .group         0x00000000        0x8 ./Sources/main.o
 .group         0x00000000        0x8 ./Sources/main.o
 .group         0x00000000        0x8 ./Sources/main.o
 .group         0x00000000        0x8 ./Sources/main.o
 .group         0x00000000        0x8 ./Sources/main.o
 .group         0x00000000        0x8 ./Sources/main.o
 .text          0x00000000        0x0 ./Sources/main.o
 .data          0x00000000        0x0 ./Sources/main.o
 .bss           0x00000000        0x0 ./Sources/main.o
 .debug_macro   0x00000000      0x84a ./Sources/main.o
 .debug_macro   0x00000000       0x16 ./Sources/main.o
 .debug_macro   0x00000000       0x44 ./Sources/main.o
 .debug_macro   0x00000000      0x209 ./Sources/main.o
 .debug_macro   0x00000000     0x1664 ./Sources/main.o
 .debug_macro   0x00000000      0x14e ./Sources/main.o
 .debug_macro   0x00000000       0x6a ./Sources/main.o
 .debug_macro   0x00000000     0x9b9f ./Sources/main.o
 .debug_macro   0x00000000       0x94 ./Sources/main.o
 .debug_macro   0x00000000       0x5e ./Sources/main.o
 .debug_macro   0x00000000       0x11 ./Sources/main.o
 .debug_macro   0x00000000       0x5e ./Sources/main.o
 .debug_macro   0x00000000       0x11 ./Sources/main.o
 .group         0x00000000        0x8 ./Project_Settings/Startup_Code/startup.o
 .group         0x00000000        0x8 ./Project_Settings/Startup_Code/startup.o
 .group         0x00000000        0x8 ./Project_Settings/Startup_Code/startup.o
 .group         0x00000000        0x8 ./Project_Settings/Startup_Code/startup.o
 .group         0x00000000        0x8 ./Project_Settings/Startup_Code/startup.o
 .group         0x00000000        0x8 ./Project_Settings/Startup_Code/startup.o
 .group         0x00000000        0x8 ./Project_Settings/Startup_Code/startup.o
 .group         0x00000000        0x8 ./Project_Settings/Startup_Code/startup.o
 .group         0x00000000        0x8 ./Project_Settings/Startup_Code/startup.o
 .group         0x00000000        0x8 ./Project_Settings/Startup_Code/startup.o
 .group         0x00000000        0x8 ./Project_Settings/Startup_Code/startup.o
 .group         0x00000000        0x8 ./Project_Settings/Startup_Code/startup.o
 .group         0x00000000        0x8 ./Project_Settings/Startup_Code/startup.o
 .group         0x00000000        0x8 ./Project_Settings/Startup_Code/startup.o
 .group         0x00000000        0x8 ./Project_Settings/Startup_Code/startup.o
 .group         0x00000000        0x8 ./Project_Settings/Startup_Code/startup.o
 .group         0x00000000        0x8 ./Project_Settings/Startup_Code/startup.o
 .group         0x00000000        0x8 ./Project_Settings/Startup_Code/startup.o
 .group         0x00000000        0x8 ./Project_Settings/Startup_Code/startup.o
 .text          0x00000000        0x0 ./Project_Settings/Startup_Code/startup.o
 .data          0x00000000        0x0 ./Project_Settings/Startup_Code/startup.o
 .bss           0x00000000        0x0 ./Project_Settings/Startup_Code/startup.o
 .text.__init_hardware
                0x00000000        0xc ./Project_Settings/Startup_Code/startup.o
 .text.__iar_program_start
                0x00000000        0xc ./Project_Settings/Startup_Code/startup.o
 .debug_macro   0x00000000      0x84a ./Project_Settings/Startup_Code/startup.o
 .debug_macro   0x00000000       0x16 ./Project_Settings/Startup_Code/startup.o
 .group         0x00000000        0x8 ./Generated_Code/ASerialLdd1.o
 .group         0x00000000        0x8 ./Generated_Code/ASerialLdd1.o
 .group         0x00000000        0x8 ./Generated_Code/ASerialLdd1.o
 .group         0x00000000        0x8 ./Generated_Code/ASerialLdd1.o
 .group         0x00000000        0x8 ./Generated_Code/ASerialLdd1.o
 .group         0x00000000        0x8 ./Generated_Code/ASerialLdd1.o
 .group         0x00000000        0x8 ./Generated_Code/ASerialLdd1.o
 .group         0x00000000        0x8 ./Generated_Code/ASerialLdd1.o
 .group         0x00000000        0x8 ./Generated_Code/ASerialLdd1.o
 .group         0x00000000        0x8 ./Generated_Code/ASerialLdd1.o
 .group         0x00000000        0x8 ./Generated_Code/ASerialLdd1.o
 .group         0x00000000        0x8 ./Generated_Code/ASerialLdd1.o
 .group         0x00000000        0x8 ./Generated_Code/ASerialLdd1.o
 .group         0x00000000        0x8 ./Generated_Code/ASerialLdd1.o
 .text          0x00000000        0x0 ./Generated_Code/ASerialLdd1.o
 .data          0x00000000        0x0 ./Generated_Code/ASerialLdd1.o
 .bss           0x00000000        0x0 ./Generated_Code/ASerialLdd1.o
 .text.ASerialLdd1_GetReceivedDataNum
                0x00000000       0x1c ./Generated_Code/ASerialLdd1.o
 .text.ASerialLdd1_GetError
                0x00000000       0x2c ./Generated_Code/ASerialLdd1.o
 .debug_macro   0x00000000      0x84a ./Generated_Code/ASerialLdd1.o
 .debug_macro   0x00000000       0x16 ./Generated_Code/ASerialLdd1.o
 .debug_macro   0x00000000       0x44 ./Generated_Code/ASerialLdd1.o
 .debug_macro   0x00000000      0x209 ./Generated_Code/ASerialLdd1.o
 .debug_macro   0x00000000     0x1664 ./Generated_Code/ASerialLdd1.o
 .debug_macro   0x00000000      0x14e ./Generated_Code/ASerialLdd1.o
 .debug_macro   0x00000000       0x6a ./Generated_Code/ASerialLdd1.o
 .debug_macro   0x00000000     0x9b9f ./Generated_Code/ASerialLdd1.o
 .debug_macro   0x00000000       0x94 ./Generated_Code/ASerialLdd1.o
 .group         0x00000000        0x8 ./Generated_Code/ASerialLdd2.o
 .group         0x00000000        0x8 ./Generated_Code/ASerialLdd2.o
 .group         0x00000000        0x8 ./Generated_Code/ASerialLdd2.o
 .group         0x00000000        0x8 ./Generated_Code/ASerialLdd2.o
 .group         0x00000000        0x8 ./Generated_Code/ASerialLdd2.o
 .group         0x00000000        0x8 ./Generated_Code/ASerialLdd2.o
 .group         0x00000000        0x8 ./Generated_Code/ASerialLdd2.o
 .group         0x00000000        0x8 ./Generated_Code/ASerialLdd2.o
 .group         0x00000000        0x8 ./Generated_Code/ASerialLdd2.o
 .group         0x00000000        0x8 ./Generated_Code/ASerialLdd2.o
 .group         0x00000000        0x8 ./Generated_Code/ASerialLdd2.o
 .group         0x00000000        0x8 ./Generated_Code/ASerialLdd2.o
 .group         0x00000000        0x8 ./Generated_Code/ASerialLdd2.o
 .group         0x00000000        0x8 ./Generated_Code/ASerialLdd2.o
 .text          0x00000000        0x0 ./Generated_Code/ASerialLdd2.o
 .data          0x00000000        0x0 ./Generated_Code/ASerialLdd2.o
 .bss           0x00000000        0x0 ./Generated_Code/ASerialLdd2.o
 .text.ASerialLdd2_SendBlock
                0x00000000       0x58 ./Generated_Code/ASerialLdd2.o
 .debug_macro   0x00000000      0x84a ./Generated_Code/ASerialLdd2.o
 .debug_macro   0x00000000       0x16 ./Generated_Code/ASerialLdd2.o
 .debug_macro   0x00000000       0x44 ./Generated_Code/ASerialLdd2.o
 .debug_macro   0x00000000      0x209 ./Generated_Code/ASerialLdd2.o
 .debug_macro   0x00000000     0x1664 ./Generated_Code/ASerialLdd2.o
 .debug_macro   0x00000000      0x14e ./Generated_Code/ASerialLdd2.o
 .debug_macro   0x00000000       0x6a ./Generated_Code/ASerialLdd2.o
 .debug_macro   0x00000000     0x9b9f ./Generated_Code/ASerialLdd2.o
 .debug_macro   0x00000000       0x94 ./Generated_Code/ASerialLdd2.o
 .debug_macro   0x00000000       0x94 ./Generated_Code/ASerialLdd2.o
 .debug_macro   0x00000000      0x7ab ./Generated_Code/ASerialLdd2.o
 .debug_macro   0x00000000      0x9b1 ./Generated_Code/ASerialLdd2.o
 .group         0x00000000        0x8 ./Generated_Code/Cpu.o
 .group         0x00000000        0x8 ./Generated_Code/Cpu.o
 .group         0x00000000        0x8 ./Generated_Code/Cpu.o
 .group         0x00000000        0x8 ./Generated_Code/Cpu.o
 .group         0x00000000        0x8 ./Generated_Code/Cpu.o
 .group         0x00000000        0x8 ./Generated_Code/Cpu.o
 .group         0x00000000        0x8 ./Generated_Code/Cpu.o
 .group         0x00000000        0x8 ./Generated_Code/Cpu.o
 .group         0x00000000        0x8 ./Generated_Code/Cpu.o
 .group         0x00000000        0x8 ./Generated_Code/Cpu.o
 .group         0x00000000        0x8 ./Generated_Code/Cpu.o
 .group         0x00000000        0x8 ./Generated_Code/Cpu.o
 .group         0x00000000        0x8 ./Generated_Code/Cpu.o
 .text          0x00000000        0x0 ./Generated_Code/Cpu.o
 .data          0x00000000        0x0 ./Generated_Code/Cpu.o
 .bss           0x00000000        0x0 ./Generated_Code/Cpu.o
 .bss.SR_lock   0x00000000        0x1 ./Generated_Code/Cpu.o
 .debug_macro   0x00000000      0x84a ./Generated_Code/Cpu.o
 .debug_macro   0x00000000       0x16 ./Generated_Code/Cpu.o
 .debug_macro   0x00000000       0x44 ./Generated_Code/Cpu.o
 .debug_macro   0x00000000      0x209 ./Generated_Code/Cpu.o
 .debug_macro   0x00000000     0x1664 ./Generated_Code/Cpu.o
 .debug_macro   0x00000000      0x14e ./Generated_Code/Cpu.o
 .debug_macro   0x00000000       0x6a ./Generated_Code/Cpu.o
 .debug_macro   0x00000000     0x9b9f ./Generated_Code/Cpu.o
 .debug_macro   0x00000000       0x5e ./Generated_Code/Cpu.o
 .debug_macro   0x00000000       0x11 ./Generated_Code/Cpu.o
 .debug_macro   0x00000000       0x5e ./Generated_Code/Cpu.o
 .debug_macro   0x00000000       0x11 ./Generated_Code/Cpu.o
 COMMON         0x00000000        0x1 ./Generated_Code/Cpu.o
 .group         0x00000000        0x8 ./Generated_Code/Inhr1.o
 .group         0x00000000        0x8 ./Generated_Code/Inhr1.o
 .group         0x00000000        0x8 ./Generated_Code/Inhr1.o
 .group         0x00000000        0x8 ./Generated_Code/Inhr1.o
 .group         0x00000000        0x8 ./Generated_Code/Inhr1.o
 .group         0x00000000        0x8 ./Generated_Code/Inhr1.o
 .group         0x00000000        0x8 ./Generated_Code/Inhr1.o
 .group         0x00000000        0x8 ./Generated_Code/Inhr1.o
 .group         0x00000000        0x8 ./Generated_Code/Inhr1.o
 .group         0x00000000        0x8 ./Generated_Code/Inhr1.o
 .group         0x00000000        0x8 ./Generated_Code/Inhr1.o
 .text          0x00000000        0x0 ./Generated_Code/Inhr1.o
 .data          0x00000000        0x0 ./Generated_Code/Inhr1.o
 .bss           0x00000000        0x0 ./Generated_Code/Inhr1.o
 .text.Inhr1_RecvChar
                0x00000000       0x80 ./Generated_Code/Inhr1.o
 .text.Inhr1_GetCharsInRxBuf
                0x00000000       0x24 ./Generated_Code/Inhr1.o
 .debug_macro   0x00000000      0x84a ./Generated_Code/Inhr1.o
 .debug_macro   0x00000000       0x16 ./Generated_Code/Inhr1.o
 .debug_macro   0x00000000       0x44 ./Generated_Code/Inhr1.o
 .debug_macro   0x00000000      0x209 ./Generated_Code/Inhr1.o
 .debug_macro   0x00000000     0x1664 ./Generated_Code/Inhr1.o
 .debug_macro   0x00000000      0x14e ./Generated_Code/Inhr1.o
 .debug_macro   0x00000000       0x6a ./Generated_Code/Inhr1.o
 .debug_macro   0x00000000     0x9b9f ./Generated_Code/Inhr1.o
 .debug_macro   0x00000000       0x94 ./Generated_Code/Inhr1.o
 .debug_macro   0x00000000       0x58 ./Generated_Code/Inhr1.o
 .debug_macro   0x00000000       0x11 ./Generated_Code/Inhr1.o
 .group         0x00000000        0x8 ./Generated_Code/Inhr2.o
 .group         0x00000000        0x8 ./Generated_Code/Inhr2.o
 .group         0x00000000        0x8 ./Generated_Code/Inhr2.o
 .group         0x00000000        0x8 ./Generated_Code/Inhr2.o
 .group         0x00000000        0x8 ./Generated_Code/Inhr2.o
 .group         0x00000000        0x8 ./Generated_Code/Inhr2.o
 .group         0x00000000        0x8 ./Generated_Code/Inhr2.o
 .group         0x00000000        0x8 ./Generated_Code/Inhr2.o
 .group         0x00000000        0x8 ./Generated_Code/Inhr2.o
 .group         0x00000000        0x8 ./Generated_Code/Inhr2.o
 .group         0x00000000        0x8 ./Generated_Code/Inhr2.o
 .text          0x00000000        0x0 ./Generated_Code/Inhr2.o
 .data          0x00000000        0x0 ./Generated_Code/Inhr2.o
 .bss           0x00000000        0x0 ./Generated_Code/Inhr2.o
 .bss.OutBuffer
                0x00000000        0x1 ./Generated_Code/Inhr2.o
 .text.Inhr2_SendChar
                0x00000000       0x5c ./Generated_Code/Inhr2.o
 .text.Inhr2_GetCharsInRxBuf
                0x00000000       0x24 ./Generated_Code/Inhr2.o
 .debug_macro   0x00000000      0x84a ./Generated_Code/Inhr2.o
 .debug_macro   0x00000000       0x16 ./Generated_Code/Inhr2.o
 .debug_macro   0x00000000       0x44 ./Generated_Code/Inhr2.o
 .debug_macro   0x00000000      0x209 ./Generated_Code/Inhr2.o
 .debug_macro   0x00000000     0x1664 ./Generated_Code/Inhr2.o
 .debug_macro   0x00000000      0x14e ./Generated_Code/Inhr2.o
 .debug_macro   0x00000000       0x6a ./Generated_Code/Inhr2.o
 .debug_macro   0x00000000     0x9b9f ./Generated_Code/Inhr2.o
 .debug_macro   0x00000000       0x94 ./Generated_Code/Inhr2.o
 .debug_macro   0x00000000       0x58 ./Generated_Code/Inhr2.o
 .debug_macro   0x00000000       0x11 ./Generated_Code/Inhr2.o
 .group         0x00000000        0x8 ./Generated_Code/PE_LDD.o
 .group         0x00000000        0x8 ./Generated_Code/PE_LDD.o
 .group         0x00000000        0x8 ./Generated_Code/PE_LDD.o
 .group         0x00000000        0x8 ./Generated_Code/PE_LDD.o
 .group         0x00000000        0x8 ./Generated_Code/PE_LDD.o
 .group         0x00000000        0x8 ./Generated_Code/PE_LDD.o
 .group         0x00000000        0x8 ./Generated_Code/PE_LDD.o
 .group         0x00000000        0x8 ./Generated_Code/PE_LDD.o
 .group         0x00000000        0x8 ./Generated_Code/PE_LDD.o
 .group         0x00000000        0x8 ./Generated_Code/PE_LDD.o
 .group         0x00000000        0x8 ./Generated_Code/PE_LDD.o
 .group         0x00000000        0x8 ./Generated_Code/PE_LDD.o
 .group         0x00000000        0x8 ./Generated_Code/PE_LDD.o
 .text          0x00000000        0x0 ./Generated_Code/PE_LDD.o
 .data          0x00000000        0x0 ./Generated_Code/PE_LDD.o
 .bss           0x00000000        0x0 ./Generated_Code/PE_LDD.o
 .rodata.PE_CpuClockConfigurations
                0x00000000       0x28 ./Generated_Code/PE_LDD.o
 .text.PE_FillMemory
                0x00000000       0x24 ./Generated_Code/PE_LDD.o
 .text.PE_PeripheralUsed
                0x00000000       0x38 ./Generated_Code/PE_LDD.o
 .text.LDD_SetClockConfiguration
                0x00000000       0x14 ./Generated_Code/PE_LDD.o
 .debug_macro   0x00000000      0x84a ./Generated_Code/PE_LDD.o
 .debug_macro   0x00000000       0x16 ./Generated_Code/PE_LDD.o
 .debug_macro   0x00000000       0x44 ./Generated_Code/PE_LDD.o
 .debug_macro   0x00000000      0x209 ./Generated_Code/PE_LDD.o
 .debug_macro   0x00000000     0x1664 ./Generated_Code/PE_LDD.o
 .debug_macro   0x00000000      0x14e ./Generated_Code/PE_LDD.o
 .debug_macro   0x00000000       0x6a ./Generated_Code/PE_LDD.o
 .debug_macro   0x00000000     0x9b9f ./Generated_Code/PE_LDD.o
 .debug_macro   0x00000000       0x9a ./Generated_Code/PE_LDD.o
 .debug_macro   0x00000000       0x5e ./Generated_Code/PE_LDD.o
 .debug_macro   0x00000000       0x11 ./Generated_Code/PE_LDD.o
 .debug_macro   0x00000000       0x5e ./Generated_Code/PE_LDD.o
 .debug_macro   0x00000000       0x11 ./Generated_Code/PE_LDD.o
 .group         0x00000000        0x8 ./Generated_Code/Term1.o
 .group         0x00000000        0x8 ./Generated_Code/Term1.o
 .group         0x00000000        0x8 ./Generated_Code/Term1.o
 .group         0x00000000        0x8 ./Generated_Code/Term1.o
 .group         0x00000000        0x8 ./Generated_Code/Term1.o
 .group         0x00000000        0x8 ./Generated_Code/Term1.o
 .group         0x00000000        0x8 ./Generated_Code/Term1.o
 .group         0x00000000        0x8 ./Generated_Code/Term1.o
 .group         0x00000000        0x8 ./Generated_Code/Term1.o
 .group         0x00000000        0x8 ./Generated_Code/Term1.o
 .group         0x00000000        0x8 ./Generated_Code/Term1.o
 .text          0x00000000        0x0 ./Generated_Code/Term1.o
 .data          0x00000000        0x0 ./Generated_Code/Term1.o
 .bss           0x00000000        0x0 ./Generated_Code/Term1.o
 .text.SendESCPrefix
                0x00000000       0x24 ./Generated_Code/Term1.o
 .text.Term1_ReadChar
                0x00000000       0x1c ./Generated_Code/Term1.o
 .text.Term1_KeyPressed
                0x00000000       0x1c ./Generated_Code/Term1.o
 .text.Term1_CRLF
                0x00000000       0x24 ./Generated_Code/Term1.o
 .text.Term1_SendStr
                0x00000000       0x34 ./Generated_Code/Term1.o
 .text.LongToStr
                0x00000000       0xf4 ./Generated_Code/Term1.o
 .text.Term1_SendNum
                0x00000000       0x54 ./Generated_Code/Term1.o
 .text.Term1_Cls
                0x00000000       0x28 ./Generated_Code/Term1.o
 .text.Term1_MoveTo
                0x00000000       0x44 ./Generated_Code/Term1.o
 .debug_macro   0x00000000      0x84a ./Generated_Code/Term1.o
 .debug_macro   0x00000000       0x16 ./Generated_Code/Term1.o
 .debug_macro   0x00000000       0x44 ./Generated_Code/Term1.o
 .debug_macro   0x00000000      0x209 ./Generated_Code/Term1.o
 .debug_macro   0x00000000     0x1664 ./Generated_Code/Term1.o
 .debug_macro   0x00000000      0x14e ./Generated_Code/Term1.o
 .debug_macro   0x00000000       0x6a ./Generated_Code/Term1.o
 .debug_macro   0x00000000     0x9b9f ./Generated_Code/Term1.o
 .debug_macro   0x00000000       0x9a ./Generated_Code/Term1.o
 .debug_macro   0x00000000       0x5e ./Generated_Code/Term1.o
 .debug_macro   0x00000000       0x11 ./Generated_Code/Term1.o
 .group         0x00000000        0x8 ./Generated_Code/Term2.o
 .group         0x00000000        0x8 ./Generated_Code/Term2.o
 .group         0x00000000        0x8 ./Generated_Code/Term2.o
 .group         0x00000000        0x8 ./Generated_Code/Term2.o
 .group         0x00000000        0x8 ./Generated_Code/Term2.o
 .group         0x00000000        0x8 ./Generated_Code/Term2.o
 .group         0x00000000        0x8 ./Generated_Code/Term2.o
 .group         0x00000000        0x8 ./Generated_Code/Term2.o
 .group         0x00000000        0x8 ./Generated_Code/Term2.o
 .group         0x00000000        0x8 ./Generated_Code/Term2.o
 .group         0x00000000        0x8 ./Generated_Code/Term2.o
 .text          0x00000000        0x0 ./Generated_Code/Term2.o
 .data          0x00000000        0x0 ./Generated_Code/Term2.o
 .bss           0x00000000        0x0 ./Generated_Code/Term2.o
 .text.Term2_SendChar
                0x00000000       0x20 ./Generated_Code/Term2.o
 .text.SendESCPrefix
                0x00000000       0x24 ./Generated_Code/Term2.o
 .text.Term2_ReadChar
                0x00000000       0x1c ./Generated_Code/Term2.o
 .text.Term2_KeyPressed
                0x00000000       0x1c ./Generated_Code/Term2.o
 .text.Term2_CRLF
                0x00000000       0x24 ./Generated_Code/Term2.o
 .text.Term2_SendStr
                0x00000000       0x34 ./Generated_Code/Term2.o
 .text.LongToStr
                0x00000000       0xf4 ./Generated_Code/Term2.o
 .text.Term2_SendNum
                0x00000000       0x54 ./Generated_Code/Term2.o
 .text.Term2_Cls
                0x00000000       0x28 ./Generated_Code/Term2.o
 .text.Term2_MoveTo
                0x00000000       0x44 ./Generated_Code/Term2.o
 .debug_info    0x00000000      0x2ba ./Generated_Code/Term2.o
 .debug_abbrev  0x00000000      0x139 ./Generated_Code/Term2.o
 .debug_aranges
                0x00000000       0x68 ./Generated_Code/Term2.o
 .debug_ranges  0x00000000       0x58 ./Generated_Code/Term2.o
 .debug_macro   0x00000000       0xad ./Generated_Code/Term2.o
 .debug_macro   0x00000000      0x84a ./Generated_Code/Term2.o
 .debug_macro   0x00000000       0x16 ./Generated_Code/Term2.o
 .debug_macro   0x00000000       0x44 ./Generated_Code/Term2.o
 .debug_macro   0x00000000      0x209 ./Generated_Code/Term2.o
 .debug_macro   0x00000000     0x1664 ./Generated_Code/Term2.o
 .debug_macro   0x00000000      0x14e ./Generated_Code/Term2.o
 .debug_macro   0x00000000       0x6a ./Generated_Code/Term2.o
 .debug_macro   0x00000000     0x9b9f ./Generated_Code/Term2.o
 .debug_macro   0x00000000       0x9a ./Generated_Code/Term2.o
 .debug_macro   0x00000000       0x5e ./Generated_Code/Term2.o
 .debug_macro   0x00000000       0x11 ./Generated_Code/Term2.o
 .debug_line    0x00000000      0x37d ./Generated_Code/Term2.o
 .debug_str     0x00000000    0x3f007 ./Generated_Code/Term2.o
 .comment       0x00000000       0x71 ./Generated_Code/Term2.o
 .ARM.attributes
                0x00000000       0x33 ./Generated_Code/Term2.o
 .debug_frame   0x00000000      0x13c ./Generated_Code/Term2.o
 .group         0x00000000        0x8 ./Generated_Code/Vectors.o
 .group         0x00000000        0x8 ./Generated_Code/Vectors.o
 .group         0x00000000        0x8 ./Generated_Code/Vectors.o
 .group         0x00000000        0x8 ./Generated_Code/Vectors.o
 .group         0x00000000        0x8 ./Generated_Code/Vectors.o
 .group         0x00000000        0x8 ./Generated_Code/Vectors.o
 .group         0x00000000        0x8 ./Generated_Code/Vectors.o
 .group         0x00000000        0x8 ./Generated_Code/Vectors.o
 .group         0x00000000        0x8 ./Generated_Code/Vectors.o
 .group         0x00000000        0x8 ./Generated_Code/Vectors.o
 .group         0x00000000        0x8 ./Generated_Code/Vectors.o
 .group         0x00000000        0x8 ./Generated_Code/Vectors.o
 .group         0x00000000        0x8 ./Generated_Code/Vectors.o
 .text          0x00000000        0x0 ./Generated_Code/Vectors.o
 .data          0x00000000        0x0 ./Generated_Code/Vectors.o
 .bss           0x00000000        0x0 ./Generated_Code/Vectors.o
 .debug_macro   0x00000000      0x84a ./Generated_Code/Vectors.o
 .debug_macro   0x00000000       0x16 ./Generated_Code/Vectors.o
 .debug_macro   0x00000000       0x44 ./Generated_Code/Vectors.o
 .debug_macro   0x00000000      0x209 ./Generated_Code/Vectors.o
 .debug_macro   0x00000000     0x1664 ./Generated_Code/Vectors.o
 .debug_macro   0x00000000      0x14e ./Generated_Code/Vectors.o
 .debug_macro   0x00000000       0x6a ./Generated_Code/Vectors.o
 .debug_macro   0x00000000     0x9b9f ./Generated_Code/Vectors.o
 .debug_macro   0x00000000       0x94 ./Generated_Code/Vectors.o
 .debug_macro   0x00000000       0x5e ./Generated_Code/Vectors.o
 .debug_macro   0x00000000       0x11 ./Generated_Code/Vectors.o
 .debug_macro   0x00000000       0x5e ./Generated_Code/Vectors.o
 .debug_macro   0x00000000       0x11 ./Generated_Code/Vectors.o
 .text          0x00000000        0x0 c:/freescale/kds_3.0.0/toolchain/bin/../lib/gcc/arm-none-eabi/4.8.4/../../../../arm-none-eabi/lib/armv7e-m\libg_s.a(lib_a-exit.o)
 .data          0x00000000        0x0 c:/freescale/kds_3.0.0/toolchain/bin/../lib/gcc/arm-none-eabi/4.8.4/../../../../arm-none-eabi/lib/armv7e-m\libg_s.a(lib_a-exit.o)
 .bss           0x00000000        0x0 c:/freescale/kds_3.0.0/toolchain/bin/../lib/gcc/arm-none-eabi/4.8.4/../../../../arm-none-eabi/lib/armv7e-m\libg_s.a(lib_a-exit.o)
 .text          0x00000000        0x0 c:/freescale/kds_3.0.0/toolchain/bin/../lib/gcc/arm-none-eabi/4.8.4/../../../../arm-none-eabi/lib/armv7e-m\libg_s.a(lib_a-impure.o)
 .data          0x00000000        0x0 c:/freescale/kds_3.0.0/toolchain/bin/../lib/gcc/arm-none-eabi/4.8.4/../../../../arm-none-eabi/lib/armv7e-m\libg_s.a(lib_a-impure.o)
 .bss           0x00000000        0x0 c:/freescale/kds_3.0.0/toolchain/bin/../lib/gcc/arm-none-eabi/4.8.4/../../../../arm-none-eabi/lib/armv7e-m\libg_s.a(lib_a-impure.o)
 .data._impure_ptr
                0x00000000        0x4 c:/freescale/kds_3.0.0/toolchain/bin/../lib/gcc/arm-none-eabi/4.8.4/../../../../arm-none-eabi/lib/armv7e-m\libg_s.a(lib_a-impure.o)
 .text          0x00000000        0x0 c:/freescale/kds_3.0.0/toolchain/bin/../lib/gcc/arm-none-eabi/4.8.4/../../../../arm-none-eabi/lib/armv7e-m\libg_s.a(lib_a-init.o)
 .data          0x00000000        0x0 c:/freescale/kds_3.0.0/toolchain/bin/../lib/gcc/arm-none-eabi/4.8.4/../../../../arm-none-eabi/lib/armv7e-m\libg_s.a(lib_a-init.o)
 .bss           0x00000000        0x0 c:/freescale/kds_3.0.0/toolchain/bin/../lib/gcc/arm-none-eabi/4.8.4/../../../../arm-none-eabi/lib/armv7e-m\libg_s.a(lib_a-init.o)
 .text          0x00000000        0x0 c:/freescale/kds_3.0.0/toolchain/bin/../lib/gcc/arm-none-eabi/4.8.4/../../../../arm-none-eabi/lib/armv7e-m\libg_s.a(lib_a-memset.o)
 .data          0x00000000        0x0 c:/freescale/kds_3.0.0/toolchain/bin/../lib/gcc/arm-none-eabi/4.8.4/../../../../arm-none-eabi/lib/armv7e-m\libg_s.a(lib_a-memset.o)
 .bss           0x00000000        0x0 c:/freescale/kds_3.0.0/toolchain/bin/../lib/gcc/arm-none-eabi/4.8.4/../../../../arm-none-eabi/lib/armv7e-m\libg_s.a(lib_a-memset.o)
 .text          0x00000000        0x0 c:/freescale/kds_3.0.0/toolchain/bin/../lib/gcc/arm-none-eabi/4.8.4/../../../../arm-none-eabi/lib/armv7e-m\libnosys.a(_exit.o)
 .data          0x00000000        0x0 c:/freescale/kds_3.0.0/toolchain/bin/../lib/gcc/arm-none-eabi/4.8.4/../../../../arm-none-eabi/lib/armv7e-m\libnosys.a(_exit.o)
 .bss           0x00000000        0x0 c:/freescale/kds_3.0.0/toolchain/bin/../lib/gcc/arm-none-eabi/4.8.4/../../../../arm-none-eabi/lib/armv7e-m\libnosys.a(_exit.o)
 .text          0x00000000        0x0 c:/freescale/kds_3.0.0/toolchain/bin/../lib/gcc/arm-none-eabi/4.8.4/armv7e-m/crtend.o
 .data          0x00000000        0x0 c:/freescale/kds_3.0.0/toolchain/bin/../lib/gcc/arm-none-eabi/4.8.4/armv7e-m/crtend.o
 .bss           0x00000000        0x0 c:/freescale/kds_3.0.0/toolchain/bin/../lib/gcc/arm-none-eabi/4.8.4/armv7e-m/crtend.o
 .eh_frame      0x00000000        0x4 c:/freescale/kds_3.0.0/toolchain/bin/../lib/gcc/arm-none-eabi/4.8.4/armv7e-m/crtend.o
 .jcr           0x00000000        0x4 c:/freescale/kds_3.0.0/toolchain/bin/../lib/gcc/arm-none-eabi/4.8.4/armv7e-m/crtend.o
 .ARM.attributes
                0x00000000       0x2e c:/freescale/kds_3.0.0/toolchain/bin/../lib/gcc/arm-none-eabi/4.8.4/armv7e-m/crtend.o
 .text          0x00000000        0x0 c:/freescale/kds_3.0.0/toolchain/bin/../lib/gcc/arm-none-eabi/4.8.4/armv7e-m/crtn.o
 .data          0x00000000        0x0 c:/freescale/kds_3.0.0/toolchain/bin/../lib/gcc/arm-none-eabi/4.8.4/armv7e-m/crtn.o
 .bss           0x00000000        0x0 c:/freescale/kds_3.0.0/toolchain/bin/../lib/gcc/arm-none-eabi/4.8.4/armv7e-m/crtn.o

Memory Configuration

Name             Origin             Length             Attributes
m_interrupts     0x00000000         0x000000f8         xr
m_text           0x00000410         0x0001fbf0         xr
m_data           0x1fffe000         0x00002000         rw
m_data_20000000  0x20000000         0x00002000         rw
m_cfmprotrom     0x00000400         0x00000010         xr
*default*        0x00000000         0xffffffff

Linker script and memory map

LOAD c:/freescale/kds_3.0.0/toolchain/bin/../lib/gcc/arm-none-eabi/4.8.4/armv7e-m/crti.o
LOAD c:/freescale/kds_3.0.0/toolchain/bin/../lib/gcc/arm-none-eabi/4.8.4/armv7e-m/crtbegin.o
LOAD c:/freescale/kds_3.0.0/toolchain/bin/../lib/gcc/arm-none-eabi/4.8.4/../../../../arm-none-eabi/lib/armv7e-m/crt0.o
LOAD ./Sources/Events.o
LOAD ./Sources/main.o
LOAD ./Project_Settings/Startup_Code/startup.o
LOAD ./Generated_Code/ASerialLdd1.o
LOAD ./Generated_Code/ASerialLdd2.o
LOAD ./Generated_Code/Cpu.o
LOAD ./Generated_Code/Inhr1.o
LOAD ./Generated_Code/Inhr2.o
LOAD ./Generated_Code/PE_LDD.o
LOAD ./Generated_Code/Term1.o
LOAD ./Generated_Code/Term2.o
LOAD ./Generated_Code/Vectors.o
LOAD c:/freescale/kds_3.0.0/toolchain/bin/../lib/gcc/arm-none-eabi/4.8.4/../../../../arm-none-eabi/lib/armv7e-m\libstdc++_s.a
LOAD c:/freescale/kds_3.0.0/toolchain/bin/../lib/gcc/arm-none-eabi/4.8.4/../../../../arm-none-eabi/lib/armv7e-m\libm.a
START GROUP
LOAD c:/freescale/kds_3.0.0/toolchain/bin/../lib/gcc/arm-none-eabi/4.8.4/armv7e-m\libgcc.a
LOAD c:/freescale/kds_3.0.0/toolchain/bin/../lib/gcc/arm-none-eabi/4.8.4/../../../../arm-none-eabi/lib/armv7e-m\libg_s.a
LOAD c:/freescale/kds_3.0.0/toolchain/bin/../lib/gcc/arm-none-eabi/4.8.4/../../../../arm-none-eabi/lib/armv7e-m\libc_s.a
END GROUP
START GROUP
LOAD c:/freescale/kds_3.0.0/toolchain/bin/../lib/gcc/arm-none-eabi/4.8.4/armv7e-m\libgcc.a
LOAD c:/freescale/kds_3.0.0/toolchain/bin/../lib/gcc/arm-none-eabi/4.8.4/../../../../arm-none-eabi/lib/armv7e-m\libc_s.a
LOAD c:/freescale/kds_3.0.0/toolchain/bin/../lib/gcc/arm-none-eabi/4.8.4/../../../../arm-none-eabi/lib/armv7e-m\libnosys.a
END GROUP
START GROUP
LOAD c:/freescale/kds_3.0.0/toolchain/bin/../lib/gcc/arm-none-eabi/4.8.4/armv7e-m\libgcc.a
LOAD c:/freescale/kds_3.0.0/toolchain/bin/../lib/gcc/arm-none-eabi/4.8.4/../../../../arm-none-eabi/lib/armv7e-m\libc_s.a
LOAD c:/freescale/kds_3.0.0/toolchain/bin/../lib/gcc/arm-none-eabi/4.8.4/../../../../arm-none-eabi/lib/armv7e-m\libnosys.a
END GROUP
LOAD c:/freescale/kds_3.0.0/toolchain/bin/../lib/gcc/arm-none-eabi/4.8.4/armv7e-m/crtend.o
LOAD c:/freescale/kds_3.0.0/toolchain/bin/../lib/gcc/arm-none-eabi/4.8.4/armv7e-m/crtn.o
                0x20000000                _estack = 0x20000000
                0x20000000                __SP_INIT = _estack
                0x20000000                __stack = _estack
                0x00000000                __heap_size = 0x0
                0x00000400                __stack_size = 0x400

.interrupts     0x00000000       0xf8
                0x00000000                __vector_table = .
                0x00000000                . = ALIGN (0x4)
 *(.vectortable)
 .vectortable   0x00000000       0xf8 ./Generated_Code/Vectors.o
                0x00000000                __vect_table
                0x000000f8                . = ALIGN (0x4)

.cfmprotect     0x00000400       0x10
                0x00000400                . = ALIGN (0x4)
 *(.cfmconfig)
 .cfmconfig     0x00000400       0x10 ./Generated_Code/Cpu.o
                0x00000400                _cfm
                0x00000410                . = ALIGN (0x4)

.text           0x00000410      0xe6c
                0x00000410                . = ALIGN (0x4)
 *(.text)
 .text          0x00000410       0x54 c:/freescale/kds_3.0.0/toolchain/bin/../lib/gcc/arm-none-eabi/4.8.4/armv7e-m/crtbegin.o
 .text          0x00000464       0x74 c:/freescale/kds_3.0.0/toolchain/bin/../lib/gcc/arm-none-eabi/4.8.4/../../../../arm-none-eabi/lib/armv7e-m/crt0.o
                0x00000464                _start
                0x00000464                _mainCRTStartup
 *(.text*)
 .text.Cpu_OnNMIINT
                0x000004d8        0xc ./Sources/Events.o
                0x000004d8                Cpu_OnNMIINT
 .text.recieveChar.5937
                0x000004e4       0x28 ./Sources/main.o
 .text.main     0x0000050c       0x20 ./Sources/main.o
                0x0000050c                main
 .text.__copy_rom_section
                0x0000052c       0xe4 ./Project_Settings/Startup_Code/startup.o
                0x0000052c                __copy_rom_section
 .text.__copy_rom_sections_to_ram
                0x00000610       0x9c ./Project_Settings/Startup_Code/startup.o
                0x00000610                __copy_rom_sections_to_ram
 .text.__init_registers
                0x000006ac        0xc ./Project_Settings/Startup_Code/startup.o
                0x000006ac                __init_registers
 .text.__init_user
                0x000006b8        0xc ./Project_Settings/Startup_Code/startup.o
                0x000006b8                __init_user
 .text.__thumb_startup
                0x000006c4       0x34 ./Project_Settings/Startup_Code/startup.o
                0x000006c4                __thumb_startup
 .text.ASerialLdd1_Init
                0x000006f8      0x160 ./Generated_Code/ASerialLdd1.o
                0x000006f8                ASerialLdd1_Init
 .text.ASerialLdd1_ReceiveBlock
                0x00000858       0x48 ./Generated_Code/ASerialLdd1.o
                0x00000858                ASerialLdd1_ReceiveBlock
 .text.ASerialLdd1_SendBlock
                0x000008a0       0x58 ./Generated_Code/ASerialLdd1.o
                0x000008a0                ASerialLdd1_SendBlock
 .text.InterruptRx
                0x000008f8       0x50 ./Generated_Code/ASerialLdd1.o
 .text.InterruptTx
                0x00000948       0x60 ./Generated_Code/ASerialLdd1.o
 .text.ASerialLdd1_Main
                0x000009a8       0xd8 ./Generated_Code/ASerialLdd1.o
                0x000009a8                ASerialLdd1_Main
 .text.ASerialLdd2_Init
                0x00000a80      0x160 ./Generated_Code/ASerialLdd2.o
                0x00000a80                ASerialLdd2_Init
 .text.ASerialLdd2_ReceiveBlock
                0x00000be0       0x48 ./Generated_Code/ASerialLdd2.o
                0x00000be0                ASerialLdd2_ReceiveBlock
 .text.ASerialLdd2_GetReceivedDataNum
                0x00000c28       0x1c ./Generated_Code/ASerialLdd2.o
                0x00000c28                ASerialLdd2_GetReceivedDataNum
 .text.InterruptRx
                0x00000c44       0x50 ./Generated_Code/ASerialLdd2.o
 .text.InterruptTx
                0x00000c94       0x60 ./Generated_Code/ASerialLdd2.o
 .text.ASerialLdd2_Main
                0x00000cf4       0xd8 ./Generated_Code/ASerialLdd2.o
                0x00000cf4                ASerialLdd2_Main
 .text.ASerialLdd2_GetError
                0x00000dcc       0x2c ./Generated_Code/ASerialLdd2.o
                0x00000dcc                ASerialLdd2_GetError
 .text.Cpu_INT_NMIInterrupt
                0x00000df8       0x1c ./Generated_Code/Cpu.o
                0x00000df8                Cpu_INT_NMIInterrupt
 .text.Cpu_Interrupt
                0x00000e14       0x18 ./Generated_Code/Cpu.o
                0x00000e14                Cpu_Interrupt
 .text.__init_hardware
                0x00000e2c      0x11c ./Generated_Code/Cpu.o
                0x00000e2c                __init_hardware
 .text.Cpu_SetBASEPRI
                0x00000f48       0x18 ./Generated_Code/Cpu.o
                0x00000f48                Cpu_SetBASEPRI
 .text.PE_low_level_init
                0x00000f60       0xb0 ./Generated_Code/Cpu.o
                0x00000f60                PE_low_level_init
 .text.HWEnDi   0x00001010       0x1c ./Generated_Code/Inhr1.o
 .text.Inhr1_SendChar
                0x0000102c       0x5c ./Generated_Code/Inhr1.o
                0x0000102c                Inhr1_SendChar
 .text.Inhr1_Init
                0x00001088       0x24 ./Generated_Code/Inhr1.o
                0x00001088                Inhr1_Init
 .text.ASerialLdd1_OnBreak
                0x000010ac       0x24 ./Generated_Code/Inhr1.o
                0x000010ac                ASerialLdd1_OnBreak
 .text.HWEnDi   0x000010d0       0x1c ./Generated_Code/Inhr2.o
 .text.Inhr2_RecvChar
                0x000010ec       0x80 ./Generated_Code/Inhr2.o
                0x000010ec                Inhr2_RecvChar
 .text.Inhr2_Init
                0x0000116c       0x24 ./Generated_Code/Inhr2.o
                0x0000116c                Inhr2_Init
 .text.ASerialLdd2_OnBreak
                0x00001190       0x24 ./Generated_Code/Inhr2.o
                0x00001190                ASerialLdd2_OnBreak
 .text.Term1_SendChar
                0x000011b4       0x20 ./Generated_Code/Term1.o
                0x000011b4                Term1_SendChar
 .text.exit     0x000011d4       0x28 c:/freescale/kds_3.0.0/toolchain/bin/../lib/gcc/arm-none-eabi/4.8.4/../../../../arm-none-eabi/lib/armv7e-m\libg_s.a(lib_a-exit.o)
                0x000011d4                exit
 .text.__libc_init_array
                0x000011fc       0x4c c:/freescale/kds_3.0.0/toolchain/bin/../lib/gcc/arm-none-eabi/4.8.4/../../../../arm-none-eabi/lib/armv7e-m\libg_s.a(lib_a-init.o)
                0x000011fc                __libc_init_array
 .text.memset   0x00001248       0x10 c:/freescale/kds_3.0.0/toolchain/bin/../lib/gcc/arm-none-eabi/4.8.4/../../../../arm-none-eabi/lib/armv7e-m\libg_s.a(lib_a-memset.o)
                0x00001248                memset
 .text._exit    0x00001258        0x4 c:/freescale/kds_3.0.0/toolchain/bin/../lib/gcc/arm-none-eabi/4.8.4/../../../../arm-none-eabi/lib/armv7e-m\libnosys.a(_exit.o)
                0x00001258                _exit
 *(.rodata)
 *(.rodata*)
 .rodata.str1.1
                0x0000125c        0x2 c:/freescale/kds_3.0.0/toolchain/bin/../lib/gcc/arm-none-eabi/4.8.4/../../../../arm-none-eabi/lib/armv7e-m\libg_s.a(lib_a-impure.o)
 *fill*         0x0000125e        0x2 
 .rodata._global_impure_ptr
                0x00001260        0x4 c:/freescale/kds_3.0.0/toolchain/bin/../lib/gcc/arm-none-eabi/4.8.4/../../../../arm-none-eabi/lib/armv7e-m\libg_s.a(lib_a-impure.o)
                0x00001260                _global_impure_ptr
 *(.glue_7)
 .glue_7        0x00000000        0x0 linker stubs
 *(.glue_7t)
 .glue_7t       0x00000000        0x0 linker stubs
 *(.eh_frame)
 .eh_frame      0x00001264        0x0 c:/freescale/kds_3.0.0/toolchain/bin/../lib/gcc/arm-none-eabi/4.8.4/armv7e-m/crtbegin.o
 *(.init)
 .init          0x00001264        0x4 c:/freescale/kds_3.0.0/toolchain/bin/../lib/gcc/arm-none-eabi/4.8.4/armv7e-m/crti.o
                0x00001264                _init
 .init          0x00001268        0x8 c:/freescale/kds_3.0.0/toolchain/bin/../lib/gcc/arm-none-eabi/4.8.4/armv7e-m/crtn.o
 *(.fini)
 .fini          0x00001270        0x4 c:/freescale/kds_3.0.0/toolchain/bin/../lib/gcc/arm-none-eabi/4.8.4/armv7e-m/crti.o
                0x00001270                _fini
 .fini          0x00001274        0x8 c:/freescale/kds_3.0.0/toolchain/bin/../lib/gcc/arm-none-eabi/4.8.4/armv7e-m/crtn.o
                0x0000127c                . = ALIGN (0x4)
                0x0000127c                _etext = .

.vfp11_veneer   0x0000127c        0x0
 .vfp11_veneer  0x00000000        0x0 linker stubs

.v4_bx          0x0000127c        0x0
 .v4_bx         0x00000000        0x0 linker stubs

.iplt           0x0000127c        0x0
 .iplt          0x00000000        0x0 c:/freescale/kds_3.0.0/toolchain/bin/../lib/gcc/arm-none-eabi/4.8.4/armv7e-m/crtbegin.o

.ARM.extab
 *(.ARM.extab* .gnu.linkonce.armextab.*)

.ARM            0x0000127c        0x8
                0x0000127c                __exidx_start = .
 *(.ARM.exidx*)
 .ARM.exidx     0x0000127c        0x8 c:/freescale/kds_3.0.0/toolchain/bin/../lib/gcc/arm-none-eabi/4.8.4/../../../../arm-none-eabi/lib/armv7e-m/crt0.o
                0x00001284                __exidx_end = .

.rel.dyn        0x00001284        0x0
 .rel.iplt      0x00000000        0x0 c:/freescale/kds_3.0.0/toolchain/bin/../lib/gcc/arm-none-eabi/4.8.4/armv7e-m/crtbegin.o

.ctors          0x00001284        0x0
                0x00001284                __CTOR_LIST__ = .
 *crtbegin.o(.ctors)
 *(EXCLUDE_FILE(*crtend.o) .ctors)
 *(SORT(.ctors.*))
 *(.ctors)
                0x00001284                __CTOR_END__ = .

.dtors          0x00001284        0x0
                0x00001284                __DTOR_LIST__ = .
 *crtbegin.o(.dtors)
 *(EXCLUDE_FILE(*crtend.o) .dtors)
 *(SORT(.dtors.*))
 *(.dtors)
                0x00001284                __DTOR_END__ = .

.preinit_array  0x00001284        0x0
                0x00001284                PROVIDE (__preinit_array_start, .)
 *(.preinit_array*)
                0x00001284                PROVIDE (__preinit_array_end, .)

.init_array     0x00001284        0x4
                0x00001284                PROVIDE (__init_array_start, .)
 *(SORT(.init_array.*))
 *(.init_array*)
 .init_array    0x00001284        0x4 c:/freescale/kds_3.0.0/toolchain/bin/../lib/gcc/arm-none-eabi/4.8.4/armv7e-m/crtbegin.o
                0x00001288                PROVIDE (__init_array_end, .)

.fini_array     0x00001288        0x4
                0x00001288                PROVIDE (__fini_array_start, .)
 *(SORT(.fini_array.*))
 *(.fini_array*)
 .fini_array    0x00001288        0x4 c:/freescale/kds_3.0.0/toolchain/bin/../lib/gcc/arm-none-eabi/4.8.4/armv7e-m/crtbegin.o
                0x0000128c                PROVIDE (__fini_array_end, .)
                0x0000128c                ___ROM_AT = .

.data           0x1fffe000       0x60 load address 0x0000128c
                0x1fffe000                . = ALIGN (0x4)
                0x1fffe000                _sdata = .
 *(.data)
 *(.data*)
 .data.impure_data
                0x1fffe000       0x60 c:/freescale/kds_3.0.0/toolchain/bin/../lib/gcc/arm-none-eabi/4.8.4/../../../../arm-none-eabi/lib/armv7e-m\libg_s.a(lib_a-impure.o)
                0x1fffe060                . = ALIGN (0x4)
                0x1fffe060                _edata = .
                0x00000060                ___data_size = (_edata - _sdata)
                0x000012ec                ___m_data_20000000_ROMStart = (___ROM_AT + SIZEOF (.data))

.jcr            0x1fffe060        0x0 load address 0x000012ec
 .jcr           0x1fffe060        0x0 c:/freescale/kds_3.0.0/toolchain/bin/../lib/gcc/arm-none-eabi/4.8.4/armv7e-m/crtbegin.o

.igot.plt       0x1fffe060        0x0 load address 0x000012ec
 .igot.plt      0x00000000        0x0 c:/freescale/kds_3.0.0/toolchain/bin/../lib/gcc/arm-none-eabi/4.8.4/armv7e-m/crtbegin.o

.m_data_20000000
                0x20000000        0x0 load address 0x000012ec
                0x20000000                . = ALIGN (0x4)
                0x20000000                ___m_data_20000000_RAMStart = .
 *(.m_data_20000000)
                0x20000000                ___m_data_20000000_RAMEnd = .
                0x20000000                . = ALIGN (0x4)
                0x00000000                ___m_data_20000000_ROMSize = (___m_data_20000000_RAMEnd - ___m_data_20000000_RAMStart)
                0x20000000                . = ALIGN (0x4)

.bss            0x1fffe060       0x74 load address 0x000012ec
                0x1fffe060                __START_BSS = .
                0x1fffe060                PROVIDE (__bss_start__, __START_BSS)
 *(.bss)
 .bss           0x1fffe060       0x1c c:/freescale/kds_3.0.0/toolchain/bin/../lib/gcc/arm-none-eabi/4.8.4/armv7e-m/crtbegin.o
 *(.bss*)
 .bss.DeviceDataPrv__DEFAULT_RTOS_ALLOC
                0x1fffe07c       0x20 ./Generated_Code/ASerialLdd1.o
 .bss.DeviceDataPrv__DEFAULT_RTOS_ALLOC
                0x1fffe09c       0x20 ./Generated_Code/ASerialLdd2.o
 .bss.SerFlag   0x1fffe0bc        0x2 ./Generated_Code/Inhr1.o
 .bss.BufferRead
                0x1fffe0be        0x1 ./Generated_Code/Inhr1.o
 .bss.OutBuffer
                0x1fffe0bf        0x1 ./Generated_Code/Inhr1.o
 .bss.SerFlag   0x1fffe0c0        0x2 ./Generated_Code/Inhr2.o
 .bss.BufferRead
                0x1fffe0c2        0x1 ./Generated_Code/Inhr2.o
 *fill*         0x1fffe0c3        0x1 
 .bss.PE_LDD_DeviceDataList
                0x1fffe0c4        0x8 ./Generated_Code/PE_LDD.o
                0x1fffe0c4                PE_LDD_DeviceDataList
 *(COMMON)
 COMMON         0x1fffe0cc        0x4 ./Generated_Code/Inhr1.o
                0x1fffe0cc                ASerialLdd1_DeviceDataPtr
 COMMON         0x1fffe0d0        0x4 ./Generated_Code/Inhr2.o
                0x1fffe0d0                ASerialLdd2_DeviceDataPtr
                0x1fffe0d4                . = ALIGN (0x4)
                0x1fffe0d4                __END_BSS = .
                0x1fffe0d4                PROVIDE (__bss_end__, __END_BSS)
                0x000012ec                _romp_at = ((___ROM_AT + SIZEOF (.data)) + SIZEOF (.m_data_20000000))

.romp           0x1fffe0d4       0x24 load address 0x000012ec
                0x000012ec                __S_romp = _romp_at
                0x1fffe0d4        0x4 LONG 0x128c ___ROM_AT
                0x1fffe0d8        0x4 LONG 0x1fffe000 _sdata
                0x1fffe0dc        0x4 LONG 0x60 ___data_size
                0x1fffe0e0        0x4 LONG 0x12ec ___m_data_20000000_ROMStart
                0x1fffe0e4        0x4 LONG 0x20000000 ___m_data_20000000_RAMStart
                0x1fffe0e8        0x4 LONG 0x0 ___m_data_20000000_ROMSize
                0x1fffe0ec        0x4 LONG 0x0
                0x1fffe0f0        0x4 LONG 0x0
                0x1fffe0f4        0x4 LONG 0x0

._user_heap_stack
                0x1fffe0f8      0x400 load address 0x00001310
                0x1fffe0f8                . = ALIGN (0x4)
                0x1fffe0f8                PROVIDE (end, .)
                0x1fffe0f8                PROVIDE (_end, .)
                0x1fffe0f8                __heap_addr = .
                0x1fffe0f8                __HeapBase = .
                0x1fffe0f8                . = (. + __heap_size)
                0x1fffe0f8                __HeapLimit = .
                0x1fffe4f8                . = (. + __stack_size)
 *fill*         0x1fffe0f8      0x400 
                0x1fffe4f8                . = ALIGN (0x4)

.ARM.attributes
                0x00000000       0x2a
 *(.ARM.attributes)
 .ARM.attributes
                0x00000000       0x1e c:/freescale/kds_3.0.0/toolchain/bin/../lib/gcc/arm-none-eabi/4.8.4/armv7e-m/crti.o
 .ARM.attributes
                0x0000001e       0x2e c:/freescale/kds_3.0.0/toolchain/bin/../lib/gcc/arm-none-eabi/4.8.4/armv7e-m/crtbegin.o
 .ARM.attributes
                0x0000004c       0x1c c:/freescale/kds_3.0.0/toolchain/bin/../lib/gcc/arm-none-eabi/4.8.4/../../../../arm-none-eabi/lib/armv7e-m/crt0.o
 .ARM.attributes
                0x00000068       0x33 ./Sources/Events.o
 .ARM.attributes
                0x0000009b       0x33 ./Sources/main.o
 .ARM.attributes
                0x000000ce       0x33 ./Project_Settings/Startup_Code/startup.o
 .ARM.attributes
                0x00000101       0x33 ./Generated_Code/ASerialLdd1.o
 .ARM.attributes
                0x00000134       0x33 ./Generated_Code/ASerialLdd2.o
 .ARM.attributes
                0x00000167       0x33 ./Generated_Code/Cpu.o
 .ARM.attributes
                0x0000019a       0x33 ./Generated_Code/Inhr1.o
 .ARM.attributes
                0x000001cd       0x33 ./Generated_Code/Inhr2.o
 .ARM.attributes
                0x00000200       0x33 ./Generated_Code/PE_LDD.o
 .ARM.attributes
                0x00000233       0x33 ./Generated_Code/Term1.o
 .ARM.attributes
                0x00000266       0x33 ./Generated_Code/Vectors.o
 .ARM.attributes
                0x00000299       0x2e c:/freescale/kds_3.0.0/toolchain/bin/../lib/gcc/arm-none-eabi/4.8.4/../../../../arm-none-eabi/lib/armv7e-m\libg_s.a(lib_a-exit.o)
 .ARM.attributes
                0x000002c7       0x2e c:/freescale/kds_3.0.0/toolchain/bin/../lib/gcc/arm-none-eabi/4.8.4/../../../../arm-none-eabi/lib/armv7e-m\libg_s.a(lib_a-impure.o)
 .ARM.attributes
                0x000002f5       0x2e c:/freescale/kds_3.0.0/toolchain/bin/../lib/gcc/arm-none-eabi/4.8.4/../../../../arm-none-eabi/lib/armv7e-m\libg_s.a(lib_a-init.o)
 .ARM.attributes
                0x00000323       0x2e c:/freescale/kds_3.0.0/toolchain/bin/../lib/gcc/arm-none-eabi/4.8.4/../../../../arm-none-eabi/lib/armv7e-m\libg_s.a(lib_a-memset.o)
 .ARM.attributes
                0x00000351       0x2e c:/freescale/kds_3.0.0/toolchain/bin/../lib/gcc/arm-none-eabi/4.8.4/../../../../arm-none-eabi/lib/armv7e-m\libnosys.a(_exit.o)
 .ARM.attributes
                0x0000037f       0x1e c:/freescale/kds_3.0.0/toolchain/bin/../lib/gcc/arm-none-eabi/4.8.4/armv7e-m/crtn.o
OUTPUT(Lab3recieve.elf elf32-littlearm)

.debug_info     0x00000000     0x2a0c
 .debug_info    0x00000000       0x96 ./Sources/Events.o
 .debug_info    0x00000096       0xe2 ./Sources/main.o
 .debug_info    0x00000178      0x20a ./Project_Settings/Startup_Code/startup.o
 .debug_info    0x00000382      0x939 ./Generated_Code/ASerialLdd1.o
 .debug_info    0x00000cbb      0x939 ./Generated_Code/ASerialLdd2.o
 .debug_info    0x000015f4      0x9e9 ./Generated_Code/Cpu.o
 .debug_info    0x00001fdd      0x20b ./Generated_Code/Inhr1.o
 .debug_info    0x000021e8      0x20b ./Generated_Code/Inhr2.o
 .debug_info    0x000023f3      0x251 ./Generated_Code/PE_LDD.o
 .debug_info    0x00002644      0x2ba ./Generated_Code/Term1.o
 .debug_info    0x000028fe      0x10e ./Generated_Code/Vectors.o

.debug_abbrev   0x00000000      0xbf2
 .debug_abbrev  0x00000000       0x45 ./Sources/Events.o
 .debug_abbrev  0x00000045       0x79 ./Sources/main.o
 .debug_abbrev  0x000000be      0x11e ./Project_Settings/Startup_Code/startup.o
 .debug_abbrev  0x000001dc      0x1c3 ./Generated_Code/ASerialLdd1.o
 .debug_abbrev  0x0000039f      0x1c3 ./Generated_Code/ASerialLdd2.o
 .debug_abbrev  0x00000562      0x178 ./Generated_Code/Cpu.o
 .debug_abbrev  0x000006da      0x117 ./Generated_Code/Inhr1.o
 .debug_abbrev  0x000007f1      0x117 ./Generated_Code/Inhr2.o
 .debug_abbrev  0x00000908      0x10d ./Generated_Code/PE_LDD.o
 .debug_abbrev  0x00000a15      0x139 ./Generated_Code/Term1.o
 .debug_abbrev  0x00000b4e       0xa4 ./Generated_Code/Vectors.o

.debug_aranges  0x00000000      0x2c8
 .debug_aranges
                0x00000000       0x20 ./Sources/Events.o
 .debug_aranges
                0x00000020       0x28 ./Sources/main.o
 .debug_aranges
                0x00000048       0x50 ./Project_Settings/Startup_Code/startup.o
 .debug_aranges
                0x00000098       0x58 ./Generated_Code/ASerialLdd1.o
 .debug_aranges
                0x000000f0       0x58 ./Generated_Code/ASerialLdd2.o
 .debug_aranges
                0x00000148       0x40 ./Generated_Code/Cpu.o
 .debug_aranges
                0x00000188       0x48 ./Generated_Code/Inhr1.o
 .debug_aranges
                0x000001d0       0x48 ./Generated_Code/Inhr2.o
 .debug_aranges
                0x00000218       0x30 ./Generated_Code/PE_LDD.o
 .debug_aranges
                0x00000248       0x68 ./Generated_Code/Term1.o
 .debug_aranges
                0x000002b0       0x18 ./Generated_Code/Vectors.o

.debug_ranges   0x00000000      0x210
 .debug_ranges  0x00000000       0x10 ./Sources/Events.o
 .debug_ranges  0x00000010       0x18 ./Sources/main.o
 .debug_ranges  0x00000028       0x40 ./Project_Settings/Startup_Code/startup.o
 .debug_ranges  0x00000068       0x48 ./Generated_Code/ASerialLdd1.o
 .debug_ranges  0x000000b0       0x48 ./Generated_Code/ASerialLdd2.o
 .debug_ranges  0x000000f8       0x30 ./Generated_Code/Cpu.o
 .debug_ranges  0x00000128       0x38 ./Generated_Code/Inhr1.o
 .debug_ranges  0x00000160       0x38 ./Generated_Code/Inhr2.o
 .debug_ranges  0x00000198       0x20 ./Generated_Code/PE_LDD.o
 .debug_ranges  0x000001b8       0x58 ./Generated_Code/Term1.o

.debug_macro    0x00000000    0x182d8
 .debug_macro   0x00000000       0xef ./Sources/Events.o
 .debug_macro   0x000000ef      0x84a ./Sources/Events.o
 .debug_macro   0x00000939       0x16 ./Sources/Events.o
 .debug_macro   0x0000094f       0x44 ./Sources/Events.o
 .debug_macro   0x00000993      0x209 ./Sources/Events.o
 .debug_macro   0x00000b9c     0x1664 ./Sources/Events.o
 .debug_macro   0x00002200      0x14e ./Sources/Events.o
 .debug_macro   0x0000234e       0x6a ./Sources/Events.o
 .debug_macro   0x000023b8     0x9b9f ./Sources/Events.o
 .debug_macro   0x0000bf57       0x94 ./Sources/Events.o
 .debug_macro   0x0000bfeb       0x5e ./Sources/Events.o
 .debug_macro   0x0000c049       0x11 ./Sources/Events.o
 .debug_macro   0x0000c05a       0x5e ./Sources/Events.o
 .debug_macro   0x0000c0b8       0x11 ./Sources/Events.o
 .debug_macro   0x0000c0c9       0xef ./Sources/main.o
 .debug_macro   0x0000c1b8      0x121 ./Project_Settings/Startup_Code/startup.o
 .debug_macro   0x0000c2d9       0x58 ./Project_Settings/Startup_Code/startup.o
 .debug_macro   0x0000c331       0x35 ./Project_Settings/Startup_Code/startup.o
 .debug_macro   0x0000c366       0xa3 ./Project_Settings/Startup_Code/startup.o
 .debug_macro   0x0000c409      0x166 ./Project_Settings/Startup_Code/startup.o
 .debug_macro   0x0000c56f       0x4a ./Project_Settings/Startup_Code/startup.o
 .debug_macro   0x0000c5b9       0x52 ./Project_Settings/Startup_Code/startup.o
 .debug_macro   0x0000c60b       0x16 ./Project_Settings/Startup_Code/startup.o
 .debug_macro   0x0000c621       0x43 ./Project_Settings/Startup_Code/startup.o
 .debug_macro   0x0000c664      0x180 ./Project_Settings/Startup_Code/startup.o
 .debug_macro   0x0000c7e4      0x2a6 ./Project_Settings/Startup_Code/startup.o
 .debug_macro   0x0000ca8a       0x10 ./Project_Settings/Startup_Code/startup.o
 .debug_macro   0x0000ca9a       0x35 ./Project_Settings/Startup_Code/startup.o
 .debug_macro   0x0000cacf       0x16 ./Project_Settings/Startup_Code/startup.o
 .debug_macro   0x0000cae5       0x22 ./Project_Settings/Startup_Code/startup.o
 .debug_macro   0x0000cb07       0x10 ./Project_Settings/Startup_Code/startup.o
 .debug_macro   0x0000cb17      0x20f ./Project_Settings/Startup_Code/startup.o
 .debug_macro   0x0000cd26     0x9b93 ./Project_Settings/Startup_Code/startup.o
 .debug_macro   0x000168b9       0xc5 ./Generated_Code/ASerialLdd1.o
 .debug_macro   0x0001697e       0x58 ./Generated_Code/ASerialLdd1.o
 .debug_macro   0x000169d6       0x17 ./Generated_Code/ASerialLdd1.o
 .debug_macro   0x000169ed       0x94 ./Generated_Code/ASerialLdd1.o
 .debug_macro   0x00016a81      0x7ab ./Generated_Code/ASerialLdd1.o
 .debug_macro   0x0001722c      0x9b1 ./Generated_Code/ASerialLdd1.o
 .debug_macro   0x00017bdd       0xc5 ./Generated_Code/ASerialLdd2.o
 .debug_macro   0x00017ca2       0x58 ./Generated_Code/ASerialLdd2.o
 .debug_macro   0x00017cfa       0x17 ./Generated_Code/ASerialLdd2.o
 .debug_macro   0x00017d11       0xfa ./Generated_Code/Cpu.o
 .debug_macro   0x00017e0b       0x9a ./Generated_Code/Cpu.o
 .debug_macro   0x00017ea5       0xdf ./Generated_Code/Inhr1.o
 .debug_macro   0x00017f84       0xdf ./Generated_Code/Inhr2.o
 .debug_macro   0x00018063       0xcd ./Generated_Code/PE_LDD.o
 .debug_macro   0x00018130       0xad ./Generated_Code/Term1.o
 .debug_macro   0x000181dd       0xfb ./Generated_Code/Vectors.o

.debug_line     0x00000000     0x21b7
 .debug_line    0x00000000      0x287 ./Sources/Events.o
 .debug_line    0x00000287      0x2b1 ./Sources/main.o
 .debug_line    0x00000538      0x3ca ./Project_Settings/Startup_Code/startup.o
 .debug_line    0x00000902      0x35a ./Generated_Code/ASerialLdd1.o
 .debug_line    0x00000c5c      0x35a ./Generated_Code/ASerialLdd2.o
 .debug_line    0x00000fb6      0x3b4 ./Generated_Code/Cpu.o
 .debug_line    0x0000136a      0x28a ./Generated_Code/Inhr1.o
 .debug_line    0x000015f4      0x28a ./Generated_Code/Inhr2.o
 .debug_line    0x0000187e      0x28b ./Generated_Code/PE_LDD.o
 .debug_line    0x00001b09      0x37d ./Generated_Code/Term1.o
 .debug_line    0x00001e86      0x331 ./Generated_Code/Vectors.o

.debug_str      0x00000000    0x50996
 .debug_str     0x00000000    0x3ef5f ./Sources/Events.o
                              0x3f0a9 (size before relaxing)
 .debug_str     0x0003ef5f       0x28 ./Sources/main.o
                              0x3f0b0 (size before relaxing)
 .debug_str     0x0003ef87     0x25f6 ./Project_Settings/Startup_Code/startup.o
                              0x3a1ce (size before relaxing)
 .debug_str     0x0004157d     0xec30 ./Generated_Code/ASerialLdd1.o
                              0x4db4e (size before relaxing)
 .debug_str     0x000501ad       0xd8 ./Generated_Code/ASerialLdd2.o
                              0x4db4e (size before relaxing)
 .debug_str     0x00050285      0x293 ./Generated_Code/Cpu.o
                              0x3f466 (size before relaxing)
 .debug_str     0x00050518      0x17f ./Generated_Code/Inhr1.o
                              0x3f0cc (size before relaxing)
 .debug_str     0x00050697       0x96 ./Generated_Code/Inhr2.o
                              0x3f0cc (size before relaxing)
 .debug_str     0x0005072d      0x183 ./Generated_Code/PE_LDD.o
                              0x3f25e (size before relaxing)
 .debug_str     0x000508b0       0xca ./Generated_Code/Term1.o
                              0x3f007 (size before relaxing)
 .debug_str     0x0005097a       0x1c ./Generated_Code/Vectors.o
                              0x3f0f1 (size before relaxing)

.comment        0x00000000       0x70
 .comment       0x00000000       0x70 ./Sources/Events.o
                                 0x71 (size before relaxing)
 .comment       0x00000000       0x71 ./Sources/main.o
 .comment       0x00000000       0x71 ./Project_Settings/Startup_Code/startup.o
 .comment       0x00000000       0x71 ./Generated_Code/ASerialLdd1.o
 .comment       0x00000000       0x71 ./Generated_Code/ASerialLdd2.o
 .comment       0x00000000       0x71 ./Generated_Code/Cpu.o
 .comment       0x00000000       0x71 ./Generated_Code/Inhr1.o
 .comment       0x00000000       0x71 ./Generated_Code/Inhr2.o
 .comment       0x00000000       0x71 ./Generated_Code/PE_LDD.o
 .comment       0x00000000       0x71 ./Generated_Code/Term1.o
 .comment       0x00000000       0x71 ./Generated_Code/Vectors.o

.debug_frame    0x00000000      0x790
 .debug_frame   0x00000000       0x28 ./Sources/Events.o
 .debug_frame   0x00000028       0x50 ./Sources/main.o
 .debug_frame   0x00000078       0xc0 ./Project_Settings/Startup_Code/startup.o
 .debug_frame   0x00000138      0x100 ./Generated_Code/ASerialLdd1.o
 .debug_frame   0x00000238      0x100 ./Generated_Code/ASerialLdd2.o
 .debug_frame   0x00000338       0xa4 ./Generated_Code/Cpu.o
 .debug_frame   0x000003dc       0xc0 ./Generated_Code/Inhr1.o
 .debug_frame   0x0000049c       0xc0 ./Generated_Code/Inhr2.o
 .debug_frame   0x0000055c       0x64 ./Generated_Code/PE_LDD.o
 .debug_frame   0x000005c0      0x13c ./Generated_Code/Term1.o
 .debug_frame   0x000006fc       0x28 c:/freescale/kds_3.0.0/toolchain/bin/../lib/gcc/arm-none-eabi/4.8.4/../../../../arm-none-eabi/lib/armv7e-m\libg_s.a(lib_a-exit.o)
 .debug_frame   0x00000724       0x2c c:/freescale/kds_3.0.0/toolchain/bin/../lib/gcc/arm-none-eabi/4.8.4/../../../../arm-none-eabi/lib/armv7e-m\libg_s.a(lib_a-init.o)
 .debug_frame   0x00000750       0x20 c:/freescale/kds_3.0.0/toolchain/bin/../lib/gcc/arm-none-eabi/4.8.4/../../../../arm-none-eabi/lib/armv7e-m\libg_s.a(lib_a-memset.o)
 .debug_frame   0x00000770       0x20 c:/freescale/kds_3.0.0/toolchain/bin/../lib/gcc/arm-none-eabi/4.8.4/../../../../arm-none-eabi/lib/armv7e-m\libnosys.a(_exit.o)
