Archive member included because of file (symbol)

c:/freescale/kds_3.0.0/toolchain/bin/../lib/gcc/arm-none-eabi/4.8.4/armv7e-m\libgcc.a(_arm_addsubsf3.o)
                              ./Generated_Code/RealTimeLdd1.o (__aeabi_ui2f)
c:/freescale/kds_3.0.0/toolchain/bin/../lib/gcc/arm-none-eabi/4.8.4/armv7e-m\libgcc.a(_arm_muldivsf3.o)
                              ./Generated_Code/PwmLdd1.o (__aeabi_fmul)
c:/freescale/kds_3.0.0/toolchain/bin/../lib/gcc/arm-none-eabi/4.8.4/armv7e-m\libgcc.a(_arm_cmpsf2.o)
                              ./Generated_Code/PwmLdd1.o (__aeabi_fcmpgt)
c:/freescale/kds_3.0.0/toolchain/bin/../lib/gcc/arm-none-eabi/4.8.4/armv7e-m\libgcc.a(_arm_fixunssfsi.o)
                              ./Generated_Code/PwmLdd1.o (__aeabi_f2uiz)
c:/freescale/kds_3.0.0/toolchain/bin/../lib/gcc/arm-none-eabi/4.8.4/../../../../arm-none-eabi/lib/armv7e-m\libg_s.a(lib_a-exit.o)
                              c:/freescale/kds_3.0.0/toolchain/bin/../lib/gcc/arm-none-eabi/4.8.4/../../../../arm-none-eabi/lib/armv7e-m/crt0.o (exit)
c:/freescale/kds_3.0.0/toolchain/bin/../lib/gcc/arm-none-eabi/4.8.4/../../../../arm-none-eabi/lib/armv7e-m\libg_s.a(lib_a-impure.o)
                              c:/freescale/kds_3.0.0/toolchain/bin/../lib/gcc/arm-none-eabi/4.8.4/../../../../arm-none-eabi/lib/armv7e-m\libg_s.a(lib_a-exit.o) (_global_impure_ptr)
c:/freescale/kds_3.0.0/toolchain/bin/../lib/gcc/arm-none-eabi/4.8.4/../../../../arm-none-eabi/lib/armv7e-m\libg_s.a(lib_a-init.o)
                              c:/freescale/kds_3.0.0/toolchain/bin/../lib/gcc/arm-none-eabi/4.8.4/../../../../arm-none-eabi/lib/armv7e-m/crt0.o (__libc_init_array)
c:/freescale/kds_3.0.0/toolchain/bin/../lib/gcc/arm-none-eabi/4.8.4/../../../../arm-none-eabi/lib/armv7e-m\libg_s.a(lib_a-memset.o)
                              c:/freescale/kds_3.0.0/toolchain/bin/../lib/gcc/arm-none-eabi/4.8.4/../../../../arm-none-eabi/lib/armv7e-m/crt0.o (memset)
c:/freescale/kds_3.0.0/toolchain/bin/../lib/gcc/arm-none-eabi/4.8.4/../../../../arm-none-eabi/lib/armv7e-m\libnosys.a(_exit.o)
                              c:/freescale/kds_3.0.0/toolchain/bin/../lib/gcc/arm-none-eabi/4.8.4/../../../../arm-none-eabi/lib/armv7e-m\libg_s.a(lib_a-exit.o) (_exit)

Allocating common symbols
Common symbol       size              file

ASerialLdd1_DeviceDataPtr
                    0x4               ./Generated_Code/Inhr1.o
IntI2cLdd1_DeviceDataPtr
                    0x4               ./Generated_Code/CI2C1.o
SR_reg              0x1               ./Generated_Code/Cpu.o
CI2C1_SndRcvTemp    0x2               ./Generated_Code/CI2C1.o

Discarded input sections

 .text          0x00000000        0x0 c:/freescale/kds_3.0.0/toolchain/bin/../lib/gcc/arm-none-eabi/4.8.4/armv7e-m/crti.o
 .data          0x00000000        0x0 c:/freescale/kds_3.0.0/toolchain/bin/../lib/gcc/arm-none-eabi/4.8.4/armv7e-m/crti.o
 .bss           0x00000000        0x0 c:/freescale/kds_3.0.0/toolchain/bin/../lib/gcc/arm-none-eabi/4.8.4/armv7e-m/crti.o
 .data          0x00000000        0x4 c:/freescale/kds_3.0.0/toolchain/bin/../lib/gcc/arm-none-eabi/4.8.4/armv7e-m/crtbegin.o
 .data          0x00000000        0x0 c:/freescale/kds_3.0.0/toolchain/bin/../lib/gcc/arm-none-eabi/4.8.4/../../../../arm-none-eabi/lib/armv7e-m/crt0.o
 .bss           0x00000000        0x0 c:/freescale/kds_3.0.0/toolchain/bin/../lib/gcc/arm-none-eabi/4.8.4/../../../../arm-none-eabi/lib/armv7e-m/crt0.o
 .ARM.extab     0x00000000        0x0 c:/freescale/kds_3.0.0/toolchain/bin/../lib/gcc/arm-none-eabi/4.8.4/../../../../arm-none-eabi/lib/armv7e-m/crt0.o
 .group         0x00000000        0x8 ./Sources/Events.o
 .group         0x00000000        0x8 ./Sources/Events.o
 .group         0x00000000        0x8 ./Sources/Events.o
 .group         0x00000000        0x8 ./Sources/Events.o
 .group         0x00000000        0x8 ./Sources/Events.o
 .group         0x00000000        0x8 ./Sources/Events.o
 .group         0x00000000        0x8 ./Sources/Events.o
 .group         0x00000000        0x8 ./Sources/Events.o
 .group         0x00000000        0x8 ./Sources/Events.o
 .group         0x00000000        0x8 ./Sources/Events.o
 .group         0x00000000        0x8 ./Sources/Events.o
 .group         0x00000000        0x8 ./Sources/Events.o
 .group         0x00000000        0x8 ./Sources/Events.o
 .group         0x00000000        0x8 ./Sources/Events.o
 .group         0x00000000        0x8 ./Sources/Events.o
 .group         0x00000000        0x8 ./Sources/Events.o
 .group         0x00000000        0x8 ./Sources/Events.o
 .group         0x00000000        0x8 ./Sources/Events.o
 .group         0x00000000        0x8 ./Sources/Events.o
 .group         0x00000000        0x8 ./Sources/Events.o
 .group         0x00000000        0x8 ./Sources/Events.o
 .group         0x00000000        0x8 ./Sources/Events.o
 .group         0x00000000        0x8 ./Sources/Events.o
 .group         0x00000000        0x8 ./Sources/Events.o
 .text          0x00000000        0x0 ./Sources/Events.o
 .data          0x00000000        0x0 ./Sources/Events.o
 .bss           0x00000000        0x0 ./Sources/Events.o
 .group         0x00000000        0x8 ./Sources/main.o
 .group         0x00000000        0x8 ./Sources/main.o
 .group         0x00000000        0x8 ./Sources/main.o
 .group         0x00000000        0x8 ./Sources/main.o
 .group         0x00000000        0x8 ./Sources/main.o
 .group         0x00000000        0x8 ./Sources/main.o
 .group         0x00000000        0x8 ./Sources/main.o
 .group         0x00000000        0x8 ./Sources/main.o
 .group         0x00000000        0x8 ./Sources/main.o
 .group         0x00000000        0x8 ./Sources/main.o
 .group         0x00000000        0x8 ./Sources/main.o
 .group         0x00000000        0x8 ./Sources/main.o
 .group         0x00000000        0x8 ./Sources/main.o
 .group         0x00000000        0x8 ./Sources/main.o
 .group         0x00000000        0x8 ./Sources/main.o
 .group         0x00000000        0x8 ./Sources/main.o
 .group         0x00000000        0x8 ./Sources/main.o
 .group         0x00000000        0x8 ./Sources/main.o
 .group         0x00000000        0x8 ./Sources/main.o
 .group         0x00000000        0x8 ./Sources/main.o
 .group         0x00000000        0x8 ./Sources/main.o
 .group         0x00000000        0x8 ./Sources/main.o
 .group         0x00000000        0x8 ./Sources/main.o
 .group         0x00000000        0x8 ./Sources/main.o
 .text          0x00000000        0x0 ./Sources/main.o
 .data          0x00000000        0x0 ./Sources/main.o
 .bss           0x00000000        0x0 ./Sources/main.o
 .debug_macro   0x00000000      0x84a ./Sources/main.o
 .debug_macro   0x00000000       0x16 ./Sources/main.o
 .debug_macro   0x00000000       0x44 ./Sources/main.o
 .debug_macro   0x00000000      0x209 ./Sources/main.o
 .debug_macro   0x00000000     0x168e ./Sources/main.o
 .debug_macro   0x00000000      0x14e ./Sources/main.o
 .debug_macro   0x00000000       0x6a ./Sources/main.o
 .debug_macro   0x00000000     0x9b9f ./Sources/main.o
 .debug_macro   0x00000000       0x94 ./Sources/main.o
 .debug_macro   0x00000000       0x94 ./Sources/main.o
 .debug_macro   0x00000000      0x6a0 ./Sources/main.o
 .debug_macro   0x00000000       0x82 ./Sources/main.o
 .debug_macro   0x00000000       0x37 ./Sources/main.o
 .debug_macro   0x00000000       0x25 ./Sources/main.o
 .debug_macro   0x00000000       0x3d ./Sources/main.o
 .debug_macro   0x00000000       0x25 ./Sources/main.o
 .debug_macro   0x00000000       0x3d ./Sources/main.o
 .debug_macro   0x00000000       0x25 ./Sources/main.o
 .debug_macro   0x00000000       0x5f ./Sources/main.o
 .debug_macro   0x00000000       0x5e ./Sources/main.o
 .debug_macro   0x00000000       0x11 ./Sources/main.o
 .debug_macro   0x00000000       0x58 ./Sources/main.o
 .debug_macro   0x00000000       0x28 ./Sources/main.o
 .debug_macro   0x00000000       0x18 ./Sources/main.o
 .group         0x00000000        0x8 ./Project_Settings/Startup_Code/startup.o
 .group         0x00000000        0x8 ./Project_Settings/Startup_Code/startup.o
 .group         0x00000000        0x8 ./Project_Settings/Startup_Code/startup.o
 .group         0x00000000        0x8 ./Project_Settings/Startup_Code/startup.o
 .group         0x00000000        0x8 ./Project_Settings/Startup_Code/startup.o
 .group         0x00000000        0x8 ./Project_Settings/Startup_Code/startup.o
 .group         0x00000000        0x8 ./Project_Settings/Startup_Code/startup.o
 .group         0x00000000        0x8 ./Project_Settings/Startup_Code/startup.o
 .group         0x00000000        0x8 ./Project_Settings/Startup_Code/startup.o
 .group         0x00000000        0x8 ./Project_Settings/Startup_Code/startup.o
 .group         0x00000000        0x8 ./Project_Settings/Startup_Code/startup.o
 .group         0x00000000        0x8 ./Project_Settings/Startup_Code/startup.o
 .group         0x00000000        0x8 ./Project_Settings/Startup_Code/startup.o
 .group         0x00000000        0x8 ./Project_Settings/Startup_Code/startup.o
 .group         0x00000000        0x8 ./Project_Settings/Startup_Code/startup.o
 .group         0x00000000        0x8 ./Project_Settings/Startup_Code/startup.o
 .group         0x00000000        0x8 ./Project_Settings/Startup_Code/startup.o
 .group         0x00000000        0x8 ./Project_Settings/Startup_Code/startup.o
 .group         0x00000000        0x8 ./Project_Settings/Startup_Code/startup.o
 .text          0x00000000        0x0 ./Project_Settings/Startup_Code/startup.o
 .data          0x00000000        0x0 ./Project_Settings/Startup_Code/startup.o
 .bss           0x00000000        0x0 ./Project_Settings/Startup_Code/startup.o
 .text.__init_hardware
                0x00000000        0xc ./Project_Settings/Startup_Code/startup.o
 .text.__iar_program_start
                0x00000000        0xc ./Project_Settings/Startup_Code/startup.o
 .debug_macro   0x00000000      0x84a ./Project_Settings/Startup_Code/startup.o
 .debug_macro   0x00000000       0x16 ./Project_Settings/Startup_Code/startup.o
 .group         0x00000000        0x8 ./Generated_Code/ASerialLdd1.o
 .group         0x00000000        0x8 ./Generated_Code/ASerialLdd1.o
 .group         0x00000000        0x8 ./Generated_Code/ASerialLdd1.o
 .group         0x00000000        0x8 ./Generated_Code/ASerialLdd1.o
 .group         0x00000000        0x8 ./Generated_Code/ASerialLdd1.o
 .group         0x00000000        0x8 ./Generated_Code/ASerialLdd1.o
 .group         0x00000000        0x8 ./Generated_Code/ASerialLdd1.o
 .group         0x00000000        0x8 ./Generated_Code/ASerialLdd1.o
 .group         0x00000000        0x8 ./Generated_Code/ASerialLdd1.o
 .group         0x00000000        0x8 ./Generated_Code/ASerialLdd1.o
 .group         0x00000000        0x8 ./Generated_Code/ASerialLdd1.o
 .group         0x00000000        0x8 ./Generated_Code/ASerialLdd1.o
 .group         0x00000000        0x8 ./Generated_Code/ASerialLdd1.o
 .group         0x00000000        0x8 ./Generated_Code/ASerialLdd1.o
 .text          0x00000000        0x0 ./Generated_Code/ASerialLdd1.o
 .data          0x00000000        0x0 ./Generated_Code/ASerialLdd1.o
 .bss           0x00000000        0x0 ./Generated_Code/ASerialLdd1.o
 .text.ASerialLdd1_GetReceivedDataNum
                0x00000000       0x1c ./Generated_Code/ASerialLdd1.o
 .text.ASerialLdd1_GetError
                0x00000000       0x2c ./Generated_Code/ASerialLdd1.o
 .debug_macro   0x00000000      0x84a ./Generated_Code/ASerialLdd1.o
 .debug_macro   0x00000000       0x16 ./Generated_Code/ASerialLdd1.o
 .debug_macro   0x00000000       0x44 ./Generated_Code/ASerialLdd1.o
 .debug_macro   0x00000000      0x209 ./Generated_Code/ASerialLdd1.o
 .debug_macro   0x00000000     0x168e ./Generated_Code/ASerialLdd1.o
 .debug_macro   0x00000000      0x14e ./Generated_Code/ASerialLdd1.o
 .debug_macro   0x00000000       0x6a ./Generated_Code/ASerialLdd1.o
 .debug_macro   0x00000000     0x9b9f ./Generated_Code/ASerialLdd1.o
 .debug_macro   0x00000000       0x94 ./Generated_Code/ASerialLdd1.o
 .debug_macro   0x00000000       0x94 ./Generated_Code/ASerialLdd1.o
 .group         0x00000000        0x8 ./Generated_Code/BLED.o
 .group         0x00000000        0x8 ./Generated_Code/BLED.o
 .group         0x00000000        0x8 ./Generated_Code/BLED.o
 .group         0x00000000        0x8 ./Generated_Code/BLED.o
 .group         0x00000000        0x8 ./Generated_Code/BLED.o
 .group         0x00000000        0x8 ./Generated_Code/BLED.o
 .group         0x00000000        0x8 ./Generated_Code/BLED.o
 .group         0x00000000        0x8 ./Generated_Code/BLED.o
 .group         0x00000000        0x8 ./Generated_Code/BLED.o
 .group         0x00000000        0x8 ./Generated_Code/BLED.o
 .group         0x00000000        0x8 ./Generated_Code/BLED.o
 .group         0x00000000        0x8 ./Generated_Code/BLED.o
 .group         0x00000000        0x8 ./Generated_Code/BLED.o
 .group         0x00000000        0x8 ./Generated_Code/BLED.o
 .text          0x00000000        0x0 ./Generated_Code/BLED.o
 .data          0x00000000        0x0 ./Generated_Code/BLED.o
 .bss           0x00000000        0x0 ./Generated_Code/BLED.o
 .debug_info    0x00000000       0x7d ./Generated_Code/BLED.o
 .debug_abbrev  0x00000000       0x29 ./Generated_Code/BLED.o
 .debug_aranges
                0x00000000       0x18 ./Generated_Code/BLED.o
 .debug_macro   0x00000000       0xc7 ./Generated_Code/BLED.o
 .debug_macro   0x00000000      0x84a ./Generated_Code/BLED.o
 .debug_macro   0x00000000       0x16 ./Generated_Code/BLED.o
 .debug_macro   0x00000000       0x44 ./Generated_Code/BLED.o
 .debug_macro   0x00000000      0x209 ./Generated_Code/BLED.o
 .debug_macro   0x00000000     0x168e ./Generated_Code/BLED.o
 .debug_macro   0x00000000      0x14e ./Generated_Code/BLED.o
 .debug_macro   0x00000000       0x6a ./Generated_Code/BLED.o
 .debug_macro   0x00000000     0x9b9f ./Generated_Code/BLED.o
 .debug_macro   0x00000000       0x94 ./Generated_Code/BLED.o
 .debug_macro   0x00000000      0x6a0 ./Generated_Code/BLED.o
 .debug_macro   0x00000000       0x9a ./Generated_Code/BLED.o
 .debug_macro   0x00000000       0x82 ./Generated_Code/BLED.o
 .debug_macro   0x00000000       0x37 ./Generated_Code/BLED.o
 .debug_macro   0x00000000       0x25 ./Generated_Code/BLED.o
 .debug_line    0x00000000      0x225 ./Generated_Code/BLED.o
 .debug_str     0x00000000    0x48457 ./Generated_Code/BLED.o
 .comment       0x00000000       0x71 ./Generated_Code/BLED.o
 .ARM.attributes
                0x00000000       0x33 ./Generated_Code/BLED.o
 .group         0x00000000        0x8 ./Generated_Code/CI2C1.o
 .group         0x00000000        0x8 ./Generated_Code/CI2C1.o
 .group         0x00000000        0x8 ./Generated_Code/CI2C1.o
 .group         0x00000000        0x8 ./Generated_Code/CI2C1.o
 .group         0x00000000        0x8 ./Generated_Code/CI2C1.o
 .group         0x00000000        0x8 ./Generated_Code/CI2C1.o
 .group         0x00000000        0x8 ./Generated_Code/CI2C1.o
 .group         0x00000000        0x8 ./Generated_Code/CI2C1.o
 .group         0x00000000        0x8 ./Generated_Code/CI2C1.o
 .group         0x00000000        0x8 ./Generated_Code/CI2C1.o
 .text          0x00000000        0x0 ./Generated_Code/CI2C1.o
 .data          0x00000000        0x0 ./Generated_Code/CI2C1.o
 .bss           0x00000000        0x0 ./Generated_Code/CI2C1.o
 .text.CI2C1_SelectSlave
                0x00000000       0x34 ./Generated_Code/CI2C1.o
 .debug_macro   0x00000000      0x84a ./Generated_Code/CI2C1.o
 .debug_macro   0x00000000       0x16 ./Generated_Code/CI2C1.o
 .debug_macro   0x00000000       0x44 ./Generated_Code/CI2C1.o
 .debug_macro   0x00000000      0x209 ./Generated_Code/CI2C1.o
 .debug_macro   0x00000000     0x168e ./Generated_Code/CI2C1.o
 .debug_macro   0x00000000      0x14e ./Generated_Code/CI2C1.o
 .debug_macro   0x00000000       0x6a ./Generated_Code/CI2C1.o
 .debug_macro   0x00000000     0x9b9f ./Generated_Code/CI2C1.o
 .debug_macro   0x00000000       0x9a ./Generated_Code/CI2C1.o
 .group         0x00000000        0x8 ./Generated_Code/Cpu.o
 .group         0x00000000        0x8 ./Generated_Code/Cpu.o
 .group         0x00000000        0x8 ./Generated_Code/Cpu.o
 .group         0x00000000        0x8 ./Generated_Code/Cpu.o
 .group         0x00000000        0x8 ./Generated_Code/Cpu.o
 .group         0x00000000        0x8 ./Generated_Code/Cpu.o
 .group         0x00000000        0x8 ./Generated_Code/Cpu.o
 .group         0x00000000        0x8 ./Generated_Code/Cpu.o
 .group         0x00000000        0x8 ./Generated_Code/Cpu.o
 .group         0x00000000        0x8 ./Generated_Code/Cpu.o
 .group         0x00000000        0x8 ./Generated_Code/Cpu.o
 .group         0x00000000        0x8 ./Generated_Code/Cpu.o
 .group         0x00000000        0x8 ./Generated_Code/Cpu.o
 .group         0x00000000        0x8 ./Generated_Code/Cpu.o
 .group         0x00000000        0x8 ./Generated_Code/Cpu.o
 .group         0x00000000        0x8 ./Generated_Code/Cpu.o
 .group         0x00000000        0x8 ./Generated_Code/Cpu.o
 .group         0x00000000        0x8 ./Generated_Code/Cpu.o
 .group         0x00000000        0x8 ./Generated_Code/Cpu.o
 .group         0x00000000        0x8 ./Generated_Code/Cpu.o
 .group         0x00000000        0x8 ./Generated_Code/Cpu.o
 .group         0x00000000        0x8 ./Generated_Code/Cpu.o
 .group         0x00000000        0x8 ./Generated_Code/Cpu.o
 .group         0x00000000        0x8 ./Generated_Code/Cpu.o
 .text          0x00000000        0x0 ./Generated_Code/Cpu.o
 .data          0x00000000        0x0 ./Generated_Code/Cpu.o
 .bss           0x00000000        0x0 ./Generated_Code/Cpu.o
 .debug_macro   0x00000000      0x84a ./Generated_Code/Cpu.o
 .debug_macro   0x00000000       0x16 ./Generated_Code/Cpu.o
 .debug_macro   0x00000000       0x44 ./Generated_Code/Cpu.o
 .debug_macro   0x00000000      0x209 ./Generated_Code/Cpu.o
 .debug_macro   0x00000000     0x168e ./Generated_Code/Cpu.o
 .debug_macro   0x00000000      0x14e ./Generated_Code/Cpu.o
 .debug_macro   0x00000000       0x6a ./Generated_Code/Cpu.o
 .debug_macro   0x00000000     0x9b9f ./Generated_Code/Cpu.o
 .debug_macro   0x00000000       0x94 ./Generated_Code/Cpu.o
 .debug_macro   0x00000000      0x6a0 ./Generated_Code/Cpu.o
 .debug_macro   0x00000000       0x9a ./Generated_Code/Cpu.o
 .debug_macro   0x00000000       0x82 ./Generated_Code/Cpu.o
 .debug_macro   0x00000000       0x37 ./Generated_Code/Cpu.o
 .debug_macro   0x00000000       0x25 ./Generated_Code/Cpu.o
 .debug_macro   0x00000000       0x3d ./Generated_Code/Cpu.o
 .debug_macro   0x00000000       0x25 ./Generated_Code/Cpu.o
 .debug_macro   0x00000000       0x3d ./Generated_Code/Cpu.o
 .debug_macro   0x00000000       0x25 ./Generated_Code/Cpu.o
 .debug_macro   0x00000000       0x5f ./Generated_Code/Cpu.o
 .debug_macro   0x00000000       0x5e ./Generated_Code/Cpu.o
 .debug_macro   0x00000000       0x11 ./Generated_Code/Cpu.o
 .debug_macro   0x00000000       0x58 ./Generated_Code/Cpu.o
 .debug_macro   0x00000000       0x28 ./Generated_Code/Cpu.o
 .debug_macro   0x00000000       0x18 ./Generated_Code/Cpu.o
 .group         0x00000000        0x8 ./Generated_Code/FC321.o
 .group         0x00000000        0x8 ./Generated_Code/FC321.o
 .group         0x00000000        0x8 ./Generated_Code/FC321.o
 .group         0x00000000        0x8 ./Generated_Code/FC321.o
 .group         0x00000000        0x8 ./Generated_Code/FC321.o
 .group         0x00000000        0x8 ./Generated_Code/FC321.o
 .group         0x00000000        0x8 ./Generated_Code/FC321.o
 .group         0x00000000        0x8 ./Generated_Code/FC321.o
 .group         0x00000000        0x8 ./Generated_Code/FC321.o
 .group         0x00000000        0x8 ./Generated_Code/FC321.o
 .group         0x00000000        0x8 ./Generated_Code/FC321.o
 .group         0x00000000        0x8 ./Generated_Code/FC321.o
 .group         0x00000000        0x8 ./Generated_Code/FC321.o
 .group         0x00000000        0x8 ./Generated_Code/FC321.o
 .text          0x00000000        0x0 ./Generated_Code/FC321.o
 .data          0x00000000        0x0 ./Generated_Code/FC321.o
 .bss           0x00000000        0x0 ./Generated_Code/FC321.o
 .debug_info    0x00000000       0x7d ./Generated_Code/FC321.o
 .debug_abbrev  0x00000000       0x29 ./Generated_Code/FC321.o
 .debug_aranges
                0x00000000       0x18 ./Generated_Code/FC321.o
 .debug_macro   0x00000000       0xc4 ./Generated_Code/FC321.o
 .debug_macro   0x00000000      0x84a ./Generated_Code/FC321.o
 .debug_macro   0x00000000       0x16 ./Generated_Code/FC321.o
 .debug_macro   0x00000000       0x44 ./Generated_Code/FC321.o
 .debug_macro   0x00000000      0x209 ./Generated_Code/FC321.o
 .debug_macro   0x00000000     0x168e ./Generated_Code/FC321.o
 .debug_macro   0x00000000      0x14e ./Generated_Code/FC321.o
 .debug_macro   0x00000000       0x6a ./Generated_Code/FC321.o
 .debug_macro   0x00000000     0x9b9f ./Generated_Code/FC321.o
 .debug_macro   0x00000000       0x94 ./Generated_Code/FC321.o
 .debug_macro   0x00000000      0x6a0 ./Generated_Code/FC321.o
 .debug_macro   0x00000000       0x9a ./Generated_Code/FC321.o
 .debug_macro   0x00000000       0x52 ./Generated_Code/FC321.o
 .debug_macro   0x00000000       0x28 ./Generated_Code/FC321.o
 .debug_macro   0x00000000       0x18 ./Generated_Code/FC321.o
 .debug_line    0x00000000      0x22c ./Generated_Code/FC321.o
 .debug_str     0x00000000    0x48349 ./Generated_Code/FC321.o
 .comment       0x00000000       0x71 ./Generated_Code/FC321.o
 .ARM.attributes
                0x00000000       0x33 ./Generated_Code/FC321.o
 .group         0x00000000        0x8 ./Generated_Code/GLED.o
 .group         0x00000000        0x8 ./Generated_Code/GLED.o
 .group         0x00000000        0x8 ./Generated_Code/GLED.o
 .group         0x00000000        0x8 ./Generated_Code/GLED.o
 .group         0x00000000        0x8 ./Generated_Code/GLED.o
 .group         0x00000000        0x8 ./Generated_Code/GLED.o
 .group         0x00000000        0x8 ./Generated_Code/GLED.o
 .group         0x00000000        0x8 ./Generated_Code/GLED.o
 .group         0x00000000        0x8 ./Generated_Code/GLED.o
 .group         0x00000000        0x8 ./Generated_Code/GLED.o
 .group         0x00000000        0x8 ./Generated_Code/GLED.o
 .group         0x00000000        0x8 ./Generated_Code/GLED.o
 .group         0x00000000        0x8 ./Generated_Code/GLED.o
 .group         0x00000000        0x8 ./Generated_Code/GLED.o
 .text          0x00000000        0x0 ./Generated_Code/GLED.o
 .data          0x00000000        0x0 ./Generated_Code/GLED.o
 .bss           0x00000000        0x0 ./Generated_Code/GLED.o
 .debug_info    0x00000000       0x7d ./Generated_Code/GLED.o
 .debug_abbrev  0x00000000       0x29 ./Generated_Code/GLED.o
 .debug_aranges
                0x00000000       0x18 ./Generated_Code/GLED.o
 .debug_macro   0x00000000       0xc7 ./Generated_Code/GLED.o
 .debug_macro   0x00000000      0x84a ./Generated_Code/GLED.o
 .debug_macro   0x00000000       0x16 ./Generated_Code/GLED.o
 .debug_macro   0x00000000       0x44 ./Generated_Code/GLED.o
 .debug_macro   0x00000000      0x209 ./Generated_Code/GLED.o
 .debug_macro   0x00000000     0x168e ./Generated_Code/GLED.o
 .debug_macro   0x00000000      0x14e ./Generated_Code/GLED.o
 .debug_macro   0x00000000       0x6a ./Generated_Code/GLED.o
 .debug_macro   0x00000000     0x9b9f ./Generated_Code/GLED.o
 .debug_macro   0x00000000       0x94 ./Generated_Code/GLED.o
 .debug_macro   0x00000000      0x6a0 ./Generated_Code/GLED.o
 .debug_macro   0x00000000       0x9a ./Generated_Code/GLED.o
 .debug_macro   0x00000000       0x82 ./Generated_Code/GLED.o
 .debug_macro   0x00000000       0x37 ./Generated_Code/GLED.o
 .debug_macro   0x00000000       0x25 ./Generated_Code/GLED.o
 .debug_line    0x00000000      0x225 ./Generated_Code/GLED.o
 .debug_str     0x00000000    0x48457 ./Generated_Code/GLED.o
 .comment       0x00000000       0x71 ./Generated_Code/GLED.o
 .ARM.attributes
                0x00000000       0x33 ./Generated_Code/GLED.o
 .group         0x00000000        0x8 ./Generated_Code/Inhr1.o
 .group         0x00000000        0x8 ./Generated_Code/Inhr1.o
 .group         0x00000000        0x8 ./Generated_Code/Inhr1.o
 .group         0x00000000        0x8 ./Generated_Code/Inhr1.o
 .group         0x00000000        0x8 ./Generated_Code/Inhr1.o
 .group         0x00000000        0x8 ./Generated_Code/Inhr1.o
 .group         0x00000000        0x8 ./Generated_Code/Inhr1.o
 .group         0x00000000        0x8 ./Generated_Code/Inhr1.o
 .group         0x00000000        0x8 ./Generated_Code/Inhr1.o
 .group         0x00000000        0x8 ./Generated_Code/Inhr1.o
 .group         0x00000000        0x8 ./Generated_Code/Inhr1.o
 .text          0x00000000        0x0 ./Generated_Code/Inhr1.o
 .data          0x00000000        0x0 ./Generated_Code/Inhr1.o
 .bss           0x00000000        0x0 ./Generated_Code/Inhr1.o
 .text.Inhr1_RecvChar
                0x00000000       0x80 ./Generated_Code/Inhr1.o
 .text.Inhr1_GetCharsInRxBuf
                0x00000000       0x24 ./Generated_Code/Inhr1.o
 .debug_macro   0x00000000      0x84a ./Generated_Code/Inhr1.o
 .debug_macro   0x00000000       0x16 ./Generated_Code/Inhr1.o
 .debug_macro   0x00000000       0x44 ./Generated_Code/Inhr1.o
 .debug_macro   0x00000000      0x209 ./Generated_Code/Inhr1.o
 .debug_macro   0x00000000     0x168e ./Generated_Code/Inhr1.o
 .debug_macro   0x00000000      0x14e ./Generated_Code/Inhr1.o
 .debug_macro   0x00000000       0x6a ./Generated_Code/Inhr1.o
 .debug_macro   0x00000000     0x9b9f ./Generated_Code/Inhr1.o
 .debug_macro   0x00000000       0x94 ./Generated_Code/Inhr1.o
 .debug_macro   0x00000000       0x58 ./Generated_Code/Inhr1.o
 .debug_macro   0x00000000       0x11 ./Generated_Code/Inhr1.o
 .group         0x00000000        0x8 ./Generated_Code/IntI2cLdd1.o
 .group         0x00000000        0x8 ./Generated_Code/IntI2cLdd1.o
 .group         0x00000000        0x8 ./Generated_Code/IntI2cLdd1.o
 .group         0x00000000        0x8 ./Generated_Code/IntI2cLdd1.o
 .group         0x00000000        0x8 ./Generated_Code/IntI2cLdd1.o
 .group         0x00000000        0x8 ./Generated_Code/IntI2cLdd1.o
 .group         0x00000000        0x8 ./Generated_Code/IntI2cLdd1.o
 .group         0x00000000        0x8 ./Generated_Code/IntI2cLdd1.o
 .group         0x00000000        0x8 ./Generated_Code/IntI2cLdd1.o
 .group         0x00000000        0x8 ./Generated_Code/IntI2cLdd1.o
 .group         0x00000000        0x8 ./Generated_Code/IntI2cLdd1.o
 .group         0x00000000        0x8 ./Generated_Code/IntI2cLdd1.o
 .group         0x00000000        0x8 ./Generated_Code/IntI2cLdd1.o
 .text          0x00000000        0x0 ./Generated_Code/IntI2cLdd1.o
 .data          0x00000000        0x0 ./Generated_Code/IntI2cLdd1.o
 .bss           0x00000000        0x0 ./Generated_Code/IntI2cLdd1.o
 .text.IntI2cLdd1_SelectSlaveDevice
                0x00000000       0xf0 ./Generated_Code/IntI2cLdd1.o
 .debug_macro   0x00000000      0x84a ./Generated_Code/IntI2cLdd1.o
 .debug_macro   0x00000000       0x16 ./Generated_Code/IntI2cLdd1.o
 .debug_macro   0x00000000       0x44 ./Generated_Code/IntI2cLdd1.o
 .debug_macro   0x00000000      0x209 ./Generated_Code/IntI2cLdd1.o
 .debug_macro   0x00000000     0x168e ./Generated_Code/IntI2cLdd1.o
 .debug_macro   0x00000000      0x14e ./Generated_Code/IntI2cLdd1.o
 .debug_macro   0x00000000       0x6a ./Generated_Code/IntI2cLdd1.o
 .debug_macro   0x00000000     0x9b9f ./Generated_Code/IntI2cLdd1.o
 .debug_macro   0x00000000       0x9a ./Generated_Code/IntI2cLdd1.o
 .debug_macro   0x00000000       0x58 ./Generated_Code/IntI2cLdd1.o
 .debug_macro   0x00000000       0x94 ./Generated_Code/IntI2cLdd1.o
 .group         0x00000000        0x8 ./Generated_Code/PE_LDD.o
 .group         0x00000000        0x8 ./Generated_Code/PE_LDD.o
 .group         0x00000000        0x8 ./Generated_Code/PE_LDD.o
 .group         0x00000000        0x8 ./Generated_Code/PE_LDD.o
 .group         0x00000000        0x8 ./Generated_Code/PE_LDD.o
 .group         0x00000000        0x8 ./Generated_Code/PE_LDD.o
 .group         0x00000000        0x8 ./Generated_Code/PE_LDD.o
 .group         0x00000000        0x8 ./Generated_Code/PE_LDD.o
 .group         0x00000000        0x8 ./Generated_Code/PE_LDD.o
 .group         0x00000000        0x8 ./Generated_Code/PE_LDD.o
 .group         0x00000000        0x8 ./Generated_Code/PE_LDD.o
 .group         0x00000000        0x8 ./Generated_Code/PE_LDD.o
 .group         0x00000000        0x8 ./Generated_Code/PE_LDD.o
 .group         0x00000000        0x8 ./Generated_Code/PE_LDD.o
 .group         0x00000000        0x8 ./Generated_Code/PE_LDD.o
 .group         0x00000000        0x8 ./Generated_Code/PE_LDD.o
 .group         0x00000000        0x8 ./Generated_Code/PE_LDD.o
 .group         0x00000000        0x8 ./Generated_Code/PE_LDD.o
 .group         0x00000000        0x8 ./Generated_Code/PE_LDD.o
 .group         0x00000000        0x8 ./Generated_Code/PE_LDD.o
 .group         0x00000000        0x8 ./Generated_Code/PE_LDD.o
 .group         0x00000000        0x8 ./Generated_Code/PE_LDD.o
 .group         0x00000000        0x8 ./Generated_Code/PE_LDD.o
 .group         0x00000000        0x8 ./Generated_Code/PE_LDD.o
 .text          0x00000000        0x0 ./Generated_Code/PE_LDD.o
 .data          0x00000000        0x0 ./Generated_Code/PE_LDD.o
 .bss           0x00000000        0x0 ./Generated_Code/PE_LDD.o
 .rodata.PE_CpuClockConfigurations
                0x00000000       0x28 ./Generated_Code/PE_LDD.o
 .text.PE_FillMemory
                0x00000000       0x24 ./Generated_Code/PE_LDD.o
 .text.PE_PeripheralUsed
                0x00000000       0x54 ./Generated_Code/PE_LDD.o
 .text.LDD_SetClockConfiguration
                0x00000000       0x14 ./Generated_Code/PE_LDD.o
 .debug_macro   0x00000000      0x84a ./Generated_Code/PE_LDD.o
 .debug_macro   0x00000000       0x16 ./Generated_Code/PE_LDD.o
 .debug_macro   0x00000000       0x44 ./Generated_Code/PE_LDD.o
 .debug_macro   0x00000000      0x209 ./Generated_Code/PE_LDD.o
 .debug_macro   0x00000000     0x168e ./Generated_Code/PE_LDD.o
 .debug_macro   0x00000000      0x14e ./Generated_Code/PE_LDD.o
 .debug_macro   0x00000000       0x6a ./Generated_Code/PE_LDD.o
 .debug_macro   0x00000000     0x9b9f ./Generated_Code/PE_LDD.o
 .debug_macro   0x00000000       0x94 ./Generated_Code/PE_LDD.o
 .debug_macro   0x00000000      0x6a0 ./Generated_Code/PE_LDD.o
 .debug_macro   0x00000000       0x9a ./Generated_Code/PE_LDD.o
 .debug_macro   0x00000000       0x82 ./Generated_Code/PE_LDD.o
 .debug_macro   0x00000000       0x37 ./Generated_Code/PE_LDD.o
 .debug_macro   0x00000000       0x25 ./Generated_Code/PE_LDD.o
 .debug_macro   0x00000000       0x3d ./Generated_Code/PE_LDD.o
 .debug_macro   0x00000000       0x25 ./Generated_Code/PE_LDD.o
 .debug_macro   0x00000000       0x3d ./Generated_Code/PE_LDD.o
 .debug_macro   0x00000000       0x25 ./Generated_Code/PE_LDD.o
 .debug_macro   0x00000000       0x5f ./Generated_Code/PE_LDD.o
 .debug_macro   0x00000000       0x5e ./Generated_Code/PE_LDD.o
 .debug_macro   0x00000000       0x11 ./Generated_Code/PE_LDD.o
 .debug_macro   0x00000000       0x58 ./Generated_Code/PE_LDD.o
 .debug_macro   0x00000000       0x28 ./Generated_Code/PE_LDD.o
 .debug_macro   0x00000000       0x18 ./Generated_Code/PE_LDD.o
 .group         0x00000000        0x8 ./Generated_Code/PwmLdd1.o
 .group         0x00000000        0x8 ./Generated_Code/PwmLdd1.o
 .group         0x00000000        0x8 ./Generated_Code/PwmLdd1.o
 .group         0x00000000        0x8 ./Generated_Code/PwmLdd1.o
 .group         0x00000000        0x8 ./Generated_Code/PwmLdd1.o
 .group         0x00000000        0x8 ./Generated_Code/PwmLdd1.o
 .group         0x00000000        0x8 ./Generated_Code/PwmLdd1.o
 .group         0x00000000        0x8 ./Generated_Code/PwmLdd1.o
 .group         0x00000000        0x8 ./Generated_Code/PwmLdd1.o
 .group         0x00000000        0x8 ./Generated_Code/PwmLdd1.o
 .group         0x00000000        0x8 ./Generated_Code/PwmLdd1.o
 .group         0x00000000        0x8 ./Generated_Code/PwmLdd1.o
 .group         0x00000000        0x8 ./Generated_Code/PwmLdd1.o
 .text          0x00000000        0x0 ./Generated_Code/PwmLdd1.o
 .data          0x00000000        0x0 ./Generated_Code/PwmLdd1.o
 .bss           0x00000000        0x0 ./Generated_Code/PwmLdd1.o
 .text.PwmLdd1_SetDutyUS
                0x00000000       0x74 ./Generated_Code/PwmLdd1.o
 .text.PwmLdd1_SetDutyMS
                0x00000000       0x70 ./Generated_Code/PwmLdd1.o
 .debug_macro   0x00000000      0x84a ./Generated_Code/PwmLdd1.o
 .debug_macro   0x00000000       0x16 ./Generated_Code/PwmLdd1.o
 .debug_macro   0x00000000       0x44 ./Generated_Code/PwmLdd1.o
 .debug_macro   0x00000000      0x209 ./Generated_Code/PwmLdd1.o
 .debug_macro   0x00000000     0x168e ./Generated_Code/PwmLdd1.o
 .debug_macro   0x00000000      0x14e ./Generated_Code/PwmLdd1.o
 .debug_macro   0x00000000       0x6a ./Generated_Code/PwmLdd1.o
 .debug_macro   0x00000000     0x9b9f ./Generated_Code/PwmLdd1.o
 .debug_macro   0x00000000       0x94 ./Generated_Code/PwmLdd1.o
 .debug_macro   0x00000000      0x6a0 ./Generated_Code/PwmLdd1.o
 .debug_macro   0x00000000       0x9a ./Generated_Code/PwmLdd1.o
 .debug_macro   0x00000000       0x82 ./Generated_Code/PwmLdd1.o
 .debug_macro   0x00000000       0x37 ./Generated_Code/PwmLdd1.o
 .group         0x00000000        0x8 ./Generated_Code/PwmLdd2.o
 .group         0x00000000        0x8 ./Generated_Code/PwmLdd2.o
 .group         0x00000000        0x8 ./Generated_Code/PwmLdd2.o
 .group         0x00000000        0x8 ./Generated_Code/PwmLdd2.o
 .group         0x00000000        0x8 ./Generated_Code/PwmLdd2.o
 .group         0x00000000        0x8 ./Generated_Code/PwmLdd2.o
 .group         0x00000000        0x8 ./Generated_Code/PwmLdd2.o
 .group         0x00000000        0x8 ./Generated_Code/PwmLdd2.o
 .group         0x00000000        0x8 ./Generated_Code/PwmLdd2.o
 .group         0x00000000        0x8 ./Generated_Code/PwmLdd2.o
 .group         0x00000000        0x8 ./Generated_Code/PwmLdd2.o
 .group         0x00000000        0x8 ./Generated_Code/PwmLdd2.o
 .group         0x00000000        0x8 ./Generated_Code/PwmLdd2.o
 .text          0x00000000        0x0 ./Generated_Code/PwmLdd2.o
 .data          0x00000000        0x0 ./Generated_Code/PwmLdd2.o
 .bss           0x00000000        0x0 ./Generated_Code/PwmLdd2.o
 .text.PwmLdd2_SetDutyUS
                0x00000000       0x74 ./Generated_Code/PwmLdd2.o
 .text.PwmLdd2_SetDutyMS
                0x00000000       0x70 ./Generated_Code/PwmLdd2.o
 .debug_macro   0x00000000      0x84a ./Generated_Code/PwmLdd2.o
 .debug_macro   0x00000000       0x16 ./Generated_Code/PwmLdd2.o
 .debug_macro   0x00000000       0x44 ./Generated_Code/PwmLdd2.o
 .debug_macro   0x00000000      0x209 ./Generated_Code/PwmLdd2.o
 .debug_macro   0x00000000     0x168e ./Generated_Code/PwmLdd2.o
 .debug_macro   0x00000000      0x14e ./Generated_Code/PwmLdd2.o
 .debug_macro   0x00000000       0x6a ./Generated_Code/PwmLdd2.o
 .debug_macro   0x00000000     0x9b9f ./Generated_Code/PwmLdd2.o
 .debug_macro   0x00000000       0x94 ./Generated_Code/PwmLdd2.o
 .debug_macro   0x00000000      0x6a0 ./Generated_Code/PwmLdd2.o
 .debug_macro   0x00000000       0x9a ./Generated_Code/PwmLdd2.o
 .debug_macro   0x00000000       0x82 ./Generated_Code/PwmLdd2.o
 .group         0x00000000        0x8 ./Generated_Code/PwmLdd3.o
 .group         0x00000000        0x8 ./Generated_Code/PwmLdd3.o
 .group         0x00000000        0x8 ./Generated_Code/PwmLdd3.o
 .group         0x00000000        0x8 ./Generated_Code/PwmLdd3.o
 .group         0x00000000        0x8 ./Generated_Code/PwmLdd3.o
 .group         0x00000000        0x8 ./Generated_Code/PwmLdd3.o
 .group         0x00000000        0x8 ./Generated_Code/PwmLdd3.o
 .group         0x00000000        0x8 ./Generated_Code/PwmLdd3.o
 .group         0x00000000        0x8 ./Generated_Code/PwmLdd3.o
 .group         0x00000000        0x8 ./Generated_Code/PwmLdd3.o
 .group         0x00000000        0x8 ./Generated_Code/PwmLdd3.o
 .group         0x00000000        0x8 ./Generated_Code/PwmLdd3.o
 .group         0x00000000        0x8 ./Generated_Code/PwmLdd3.o
 .text          0x00000000        0x0 ./Generated_Code/PwmLdd3.o
 .data          0x00000000        0x0 ./Generated_Code/PwmLdd3.o
 .bss           0x00000000        0x0 ./Generated_Code/PwmLdd3.o
 .text.PwmLdd3_SetDutyUS
                0x00000000       0x74 ./Generated_Code/PwmLdd3.o
 .text.PwmLdd3_SetDutyMS
                0x00000000       0x70 ./Generated_Code/PwmLdd3.o
 .debug_macro   0x00000000      0x84a ./Generated_Code/PwmLdd3.o
 .debug_macro   0x00000000       0x16 ./Generated_Code/PwmLdd3.o
 .debug_macro   0x00000000       0x44 ./Generated_Code/PwmLdd3.o
 .debug_macro   0x00000000      0x209 ./Generated_Code/PwmLdd3.o
 .debug_macro   0x00000000     0x168e ./Generated_Code/PwmLdd3.o
 .debug_macro   0x00000000      0x14e ./Generated_Code/PwmLdd3.o
 .debug_macro   0x00000000       0x6a ./Generated_Code/PwmLdd3.o
 .debug_macro   0x00000000     0x9b9f ./Generated_Code/PwmLdd3.o
 .debug_macro   0x00000000       0x94 ./Generated_Code/PwmLdd3.o
 .debug_macro   0x00000000      0x6a0 ./Generated_Code/PwmLdd3.o
 .debug_macro   0x00000000       0x9a ./Generated_Code/PwmLdd3.o
 .debug_macro   0x00000000       0x82 ./Generated_Code/PwmLdd3.o
 .debug_macro   0x00000000       0x37 ./Generated_Code/PwmLdd3.o
 .group         0x00000000        0x8 ./Generated_Code/RLED.o
 .group         0x00000000        0x8 ./Generated_Code/RLED.o
 .group         0x00000000        0x8 ./Generated_Code/RLED.o
 .group         0x00000000        0x8 ./Generated_Code/RLED.o
 .group         0x00000000        0x8 ./Generated_Code/RLED.o
 .group         0x00000000        0x8 ./Generated_Code/RLED.o
 .group         0x00000000        0x8 ./Generated_Code/RLED.o
 .group         0x00000000        0x8 ./Generated_Code/RLED.o
 .group         0x00000000        0x8 ./Generated_Code/RLED.o
 .group         0x00000000        0x8 ./Generated_Code/RLED.o
 .group         0x00000000        0x8 ./Generated_Code/RLED.o
 .group         0x00000000        0x8 ./Generated_Code/RLED.o
 .group         0x00000000        0x8 ./Generated_Code/RLED.o
 .group         0x00000000        0x8 ./Generated_Code/RLED.o
 .text          0x00000000        0x0 ./Generated_Code/RLED.o
 .data          0x00000000        0x0 ./Generated_Code/RLED.o
 .bss           0x00000000        0x0 ./Generated_Code/RLED.o
 .debug_info    0x00000000       0x7d ./Generated_Code/RLED.o
 .debug_abbrev  0x00000000       0x29 ./Generated_Code/RLED.o
 .debug_aranges
                0x00000000       0x18 ./Generated_Code/RLED.o
 .debug_macro   0x00000000       0xc7 ./Generated_Code/RLED.o
 .debug_macro   0x00000000      0x84a ./Generated_Code/RLED.o
 .debug_macro   0x00000000       0x16 ./Generated_Code/RLED.o
 .debug_macro   0x00000000       0x44 ./Generated_Code/RLED.o
 .debug_macro   0x00000000      0x209 ./Generated_Code/RLED.o
 .debug_macro   0x00000000     0x168e ./Generated_Code/RLED.o
 .debug_macro   0x00000000      0x14e ./Generated_Code/RLED.o
 .debug_macro   0x00000000       0x6a ./Generated_Code/RLED.o
 .debug_macro   0x00000000     0x9b9f ./Generated_Code/RLED.o
 .debug_macro   0x00000000       0x94 ./Generated_Code/RLED.o
 .debug_macro   0x00000000      0x6a0 ./Generated_Code/RLED.o
 .debug_macro   0x00000000       0x9a ./Generated_Code/RLED.o
 .debug_macro   0x00000000       0x82 ./Generated_Code/RLED.o
 .debug_macro   0x00000000       0x37 ./Generated_Code/RLED.o
 .debug_macro   0x00000000       0x25 ./Generated_Code/RLED.o
 .debug_line    0x00000000      0x225 ./Generated_Code/RLED.o
 .debug_str     0x00000000    0x48457 ./Generated_Code/RLED.o
 .comment       0x00000000       0x71 ./Generated_Code/RLED.o
 .ARM.attributes
                0x00000000       0x33 ./Generated_Code/RLED.o
 .group         0x00000000        0x8 ./Generated_Code/RealTimeLdd1.o
 .group         0x00000000        0x8 ./Generated_Code/RealTimeLdd1.o
 .group         0x00000000        0x8 ./Generated_Code/RealTimeLdd1.o
 .group         0x00000000        0x8 ./Generated_Code/RealTimeLdd1.o
 .group         0x00000000        0x8 ./Generated_Code/RealTimeLdd1.o
 .group         0x00000000        0x8 ./Generated_Code/RealTimeLdd1.o
 .group         0x00000000        0x8 ./Generated_Code/RealTimeLdd1.o
 .group         0x00000000        0x8 ./Generated_Code/RealTimeLdd1.o
 .group         0x00000000        0x8 ./Generated_Code/RealTimeLdd1.o
 .group         0x00000000        0x8 ./Generated_Code/RealTimeLdd1.o
 .group         0x00000000        0x8 ./Generated_Code/RealTimeLdd1.o
 .group         0x00000000        0x8 ./Generated_Code/RealTimeLdd1.o
 .group         0x00000000        0x8 ./Generated_Code/RealTimeLdd1.o
 .text          0x00000000        0x0 ./Generated_Code/RealTimeLdd1.o
 .data          0x00000000        0x0 ./Generated_Code/RealTimeLdd1.o
 .bss           0x00000000        0x0 ./Generated_Code/RealTimeLdd1.o
 .text.RealTimeLdd1_GetTimeUS
                0x00000000       0xb0 ./Generated_Code/RealTimeLdd1.o
 .text.RealTimeLdd1_GetTimeMS
                0x00000000       0xb0 ./Generated_Code/RealTimeLdd1.o
 .debug_macro   0x00000000      0x84a ./Generated_Code/RealTimeLdd1.o
 .debug_macro   0x00000000       0x16 ./Generated_Code/RealTimeLdd1.o
 .debug_macro   0x00000000       0x44 ./Generated_Code/RealTimeLdd1.o
 .debug_macro   0x00000000      0x209 ./Generated_Code/RealTimeLdd1.o
 .debug_macro   0x00000000     0x168e ./Generated_Code/RealTimeLdd1.o
 .debug_macro   0x00000000      0x14e ./Generated_Code/RealTimeLdd1.o
 .debug_macro   0x00000000       0x6a ./Generated_Code/RealTimeLdd1.o
 .debug_macro   0x00000000     0x9b9f ./Generated_Code/RealTimeLdd1.o
 .debug_macro   0x00000000       0x94 ./Generated_Code/RealTimeLdd1.o
 .debug_macro   0x00000000      0x6a0 ./Generated_Code/RealTimeLdd1.o
 .debug_macro   0x00000000       0x9a ./Generated_Code/RealTimeLdd1.o
 .debug_macro   0x00000000       0x52 ./Generated_Code/RealTimeLdd1.o
 .debug_macro   0x00000000       0x28 ./Generated_Code/RealTimeLdd1.o
 .group         0x00000000        0x8 ./Generated_Code/TU1.o
 .group         0x00000000        0x8 ./Generated_Code/TU1.o
 .group         0x00000000        0x8 ./Generated_Code/TU1.o
 .group         0x00000000        0x8 ./Generated_Code/TU1.o
 .group         0x00000000        0x8 ./Generated_Code/TU1.o
 .group         0x00000000        0x8 ./Generated_Code/TU1.o
 .group         0x00000000        0x8 ./Generated_Code/TU1.o
 .group         0x00000000        0x8 ./Generated_Code/TU1.o
 .group         0x00000000        0x8 ./Generated_Code/TU1.o
 .group         0x00000000        0x8 ./Generated_Code/TU1.o
 .group         0x00000000        0x8 ./Generated_Code/TU1.o
 .group         0x00000000        0x8 ./Generated_Code/TU1.o
 .text          0x00000000        0x0 ./Generated_Code/TU1.o
 .data          0x00000000        0x0 ./Generated_Code/TU1.o
 .bss           0x00000000        0x0 ./Generated_Code/TU1.o
 .text.TU1_GetCounterValue
                0x00000000       0x20 ./Generated_Code/TU1.o
 .text.TU1_GetOffsetTicks
                0x00000000       0x58 ./Generated_Code/TU1.o
 .text.TU1_SelectOutputAction
                0x00000000      0x210 ./Generated_Code/TU1.o
 .debug_macro   0x00000000      0x84a ./Generated_Code/TU1.o
 .debug_macro   0x00000000       0x16 ./Generated_Code/TU1.o
 .debug_macro   0x00000000       0x44 ./Generated_Code/TU1.o
 .debug_macro   0x00000000      0x209 ./Generated_Code/TU1.o
 .debug_macro   0x00000000     0x168e ./Generated_Code/TU1.o
 .debug_macro   0x00000000      0x14e ./Generated_Code/TU1.o
 .debug_macro   0x00000000       0x6a ./Generated_Code/TU1.o
 .debug_macro   0x00000000     0x9b9f ./Generated_Code/TU1.o
 .debug_macro   0x00000000       0x94 ./Generated_Code/TU1.o
 .debug_macro   0x00000000      0x6a0 ./Generated_Code/TU1.o
 .debug_macro   0x00000000       0x9a ./Generated_Code/TU1.o
 .debug_macro   0x00000000       0x82 ./Generated_Code/TU1.o
 .group         0x00000000        0x8 ./Generated_Code/TU2.o
 .group         0x00000000        0x8 ./Generated_Code/TU2.o
 .group         0x00000000        0x8 ./Generated_Code/TU2.o
 .group         0x00000000        0x8 ./Generated_Code/TU2.o
 .group         0x00000000        0x8 ./Generated_Code/TU2.o
 .group         0x00000000        0x8 ./Generated_Code/TU2.o
 .group         0x00000000        0x8 ./Generated_Code/TU2.o
 .group         0x00000000        0x8 ./Generated_Code/TU2.o
 .group         0x00000000        0x8 ./Generated_Code/TU2.o
 .group         0x00000000        0x8 ./Generated_Code/TU2.o
 .group         0x00000000        0x8 ./Generated_Code/TU2.o
 .group         0x00000000        0x8 ./Generated_Code/TU2.o
 .group         0x00000000        0x8 ./Generated_Code/TU2.o
 .text          0x00000000        0x0 ./Generated_Code/TU2.o
 .data          0x00000000        0x0 ./Generated_Code/TU2.o
 .bss           0x00000000        0x0 ./Generated_Code/TU2.o
 .debug_macro   0x00000000      0x84a ./Generated_Code/TU2.o
 .debug_macro   0x00000000       0x16 ./Generated_Code/TU2.o
 .debug_macro   0x00000000       0x44 ./Generated_Code/TU2.o
 .debug_macro   0x00000000      0x209 ./Generated_Code/TU2.o
 .debug_macro   0x00000000     0x168e ./Generated_Code/TU2.o
 .debug_macro   0x00000000      0x14e ./Generated_Code/TU2.o
 .debug_macro   0x00000000       0x6a ./Generated_Code/TU2.o
 .debug_macro   0x00000000     0x9b9f ./Generated_Code/TU2.o
 .debug_macro   0x00000000       0x94 ./Generated_Code/TU2.o
 .debug_macro   0x00000000      0x6a0 ./Generated_Code/TU2.o
 .debug_macro   0x00000000       0x9a ./Generated_Code/TU2.o
 .debug_macro   0x00000000       0x52 ./Generated_Code/TU2.o
 .debug_macro   0x00000000       0x28 ./Generated_Code/TU2.o
 .group         0x00000000        0x8 ./Generated_Code/Term1.o
 .group         0x00000000        0x8 ./Generated_Code/Term1.o
 .group         0x00000000        0x8 ./Generated_Code/Term1.o
 .group         0x00000000        0x8 ./Generated_Code/Term1.o
 .group         0x00000000        0x8 ./Generated_Code/Term1.o
 .group         0x00000000        0x8 ./Generated_Code/Term1.o
 .group         0x00000000        0x8 ./Generated_Code/Term1.o
 .group         0x00000000        0x8 ./Generated_Code/Term1.o
 .group         0x00000000        0x8 ./Generated_Code/Term1.o
 .group         0x00000000        0x8 ./Generated_Code/Term1.o
 .group         0x00000000        0x8 ./Generated_Code/Term1.o
 .text          0x00000000        0x0 ./Generated_Code/Term1.o
 .data          0x00000000        0x0 ./Generated_Code/Term1.o
 .bss           0x00000000        0x0 ./Generated_Code/Term1.o
 .text.Term1_SendChar
                0x00000000       0x20 ./Generated_Code/Term1.o
 .text.Term1_ReadChar
                0x00000000       0x1c ./Generated_Code/Term1.o
 .text.Term1_KeyPressed
                0x00000000       0x1c ./Generated_Code/Term1.o
 .text.Term1_CRLF
                0x00000000       0x24 ./Generated_Code/Term1.o
 .debug_macro   0x00000000      0x84a ./Generated_Code/Term1.o
 .debug_macro   0x00000000       0x16 ./Generated_Code/Term1.o
 .debug_macro   0x00000000       0x44 ./Generated_Code/Term1.o
 .debug_macro   0x00000000      0x209 ./Generated_Code/Term1.o
 .debug_macro   0x00000000     0x168e ./Generated_Code/Term1.o
 .debug_macro   0x00000000      0x14e ./Generated_Code/Term1.o
 .debug_macro   0x00000000       0x6a ./Generated_Code/Term1.o
 .debug_macro   0x00000000     0x9b9f ./Generated_Code/Term1.o
 .debug_macro   0x00000000       0x9a ./Generated_Code/Term1.o
 .debug_macro   0x00000000       0x5e ./Generated_Code/Term1.o
 .debug_macro   0x00000000       0x11 ./Generated_Code/Term1.o
 .group         0x00000000        0x8 ./Generated_Code/Vectors.o
 .group         0x00000000        0x8 ./Generated_Code/Vectors.o
 .group         0x00000000        0x8 ./Generated_Code/Vectors.o
 .group         0x00000000        0x8 ./Generated_Code/Vectors.o
 .group         0x00000000        0x8 ./Generated_Code/Vectors.o
 .group         0x00000000        0x8 ./Generated_Code/Vectors.o
 .group         0x00000000        0x8 ./Generated_Code/Vectors.o
 .group         0x00000000        0x8 ./Generated_Code/Vectors.o
 .group         0x00000000        0x8 ./Generated_Code/Vectors.o
 .group         0x00000000        0x8 ./Generated_Code/Vectors.o
 .group         0x00000000        0x8 ./Generated_Code/Vectors.o
 .group         0x00000000        0x8 ./Generated_Code/Vectors.o
 .group         0x00000000        0x8 ./Generated_Code/Vectors.o
 .group         0x00000000        0x8 ./Generated_Code/Vectors.o
 .group         0x00000000        0x8 ./Generated_Code/Vectors.o
 .group         0x00000000        0x8 ./Generated_Code/Vectors.o
 .group         0x00000000        0x8 ./Generated_Code/Vectors.o
 .group         0x00000000        0x8 ./Generated_Code/Vectors.o
 .group         0x00000000        0x8 ./Generated_Code/Vectors.o
 .group         0x00000000        0x8 ./Generated_Code/Vectors.o
 .group         0x00000000        0x8 ./Generated_Code/Vectors.o
 .group         0x00000000        0x8 ./Generated_Code/Vectors.o
 .group         0x00000000        0x8 ./Generated_Code/Vectors.o
 .group         0x00000000        0x8 ./Generated_Code/Vectors.o
 .text          0x00000000        0x0 ./Generated_Code/Vectors.o
 .data          0x00000000        0x0 ./Generated_Code/Vectors.o
 .bss           0x00000000        0x0 ./Generated_Code/Vectors.o
 .debug_macro   0x00000000      0x84a ./Generated_Code/Vectors.o
 .debug_macro   0x00000000       0x16 ./Generated_Code/Vectors.o
 .debug_macro   0x00000000       0x44 ./Generated_Code/Vectors.o
 .debug_macro   0x00000000      0x209 ./Generated_Code/Vectors.o
 .debug_macro   0x00000000     0x168e ./Generated_Code/Vectors.o
 .debug_macro   0x00000000      0x14e ./Generated_Code/Vectors.o
 .debug_macro   0x00000000       0x6a ./Generated_Code/Vectors.o
 .debug_macro   0x00000000     0x9b9f ./Generated_Code/Vectors.o
 .debug_macro   0x00000000       0x94 ./Generated_Code/Vectors.o
 .debug_macro   0x00000000       0x94 ./Generated_Code/Vectors.o
 .debug_macro   0x00000000      0x6a0 ./Generated_Code/Vectors.o
 .debug_macro   0x00000000       0x82 ./Generated_Code/Vectors.o
 .debug_macro   0x00000000       0x37 ./Generated_Code/Vectors.o
 .debug_macro   0x00000000       0x25 ./Generated_Code/Vectors.o
 .debug_macro   0x00000000       0x3d ./Generated_Code/Vectors.o
 .debug_macro   0x00000000       0x25 ./Generated_Code/Vectors.o
 .debug_macro   0x00000000       0x3d ./Generated_Code/Vectors.o
 .debug_macro   0x00000000       0x25 ./Generated_Code/Vectors.o
 .debug_macro   0x00000000       0x5f ./Generated_Code/Vectors.o
 .debug_macro   0x00000000       0x5e ./Generated_Code/Vectors.o
 .debug_macro   0x00000000       0x11 ./Generated_Code/Vectors.o
 .debug_macro   0x00000000       0x58 ./Generated_Code/Vectors.o
 .debug_macro   0x00000000       0x28 ./Generated_Code/Vectors.o
 .debug_macro   0x00000000       0x18 ./Generated_Code/Vectors.o
 .text          0x00000000      0x21c c:/freescale/kds_3.0.0/toolchain/bin/../lib/gcc/arm-none-eabi/4.8.4/armv7e-m\libgcc.a(_arm_addsubsf3.o)
 .data          0x00000000        0x0 c:/freescale/kds_3.0.0/toolchain/bin/../lib/gcc/arm-none-eabi/4.8.4/armv7e-m\libgcc.a(_arm_addsubsf3.o)
 .bss           0x00000000        0x0 c:/freescale/kds_3.0.0/toolchain/bin/../lib/gcc/arm-none-eabi/4.8.4/armv7e-m\libgcc.a(_arm_addsubsf3.o)
 .ARM.attributes
                0x00000000       0x1e c:/freescale/kds_3.0.0/toolchain/bin/../lib/gcc/arm-none-eabi/4.8.4/armv7e-m\libgcc.a(_arm_addsubsf3.o)
 .text          0x00000000      0x2a0 c:/freescale/kds_3.0.0/toolchain/bin/../lib/gcc/arm-none-eabi/4.8.4/armv7e-m\libgcc.a(_arm_muldivsf3.o)
 .data          0x00000000        0x0 c:/freescale/kds_3.0.0/toolchain/bin/../lib/gcc/arm-none-eabi/4.8.4/armv7e-m\libgcc.a(_arm_muldivsf3.o)
 .bss           0x00000000        0x0 c:/freescale/kds_3.0.0/toolchain/bin/../lib/gcc/arm-none-eabi/4.8.4/armv7e-m\libgcc.a(_arm_muldivsf3.o)
 .ARM.attributes
                0x00000000       0x1e c:/freescale/kds_3.0.0/toolchain/bin/../lib/gcc/arm-none-eabi/4.8.4/armv7e-m\libgcc.a(_arm_muldivsf3.o)
 .text          0x00000000       0xec c:/freescale/kds_3.0.0/toolchain/bin/../lib/gcc/arm-none-eabi/4.8.4/armv7e-m\libgcc.a(_arm_cmpsf2.o)
 .data          0x00000000        0x0 c:/freescale/kds_3.0.0/toolchain/bin/../lib/gcc/arm-none-eabi/4.8.4/armv7e-m\libgcc.a(_arm_cmpsf2.o)
 .bss           0x00000000        0x0 c:/freescale/kds_3.0.0/toolchain/bin/../lib/gcc/arm-none-eabi/4.8.4/armv7e-m\libgcc.a(_arm_cmpsf2.o)
 .ARM.attributes
                0x00000000       0x1e c:/freescale/kds_3.0.0/toolchain/bin/../lib/gcc/arm-none-eabi/4.8.4/armv7e-m\libgcc.a(_arm_cmpsf2.o)
 .text          0x00000000       0x40 c:/freescale/kds_3.0.0/toolchain/bin/../lib/gcc/arm-none-eabi/4.8.4/armv7e-m\libgcc.a(_arm_fixunssfsi.o)
 .data          0x00000000        0x0 c:/freescale/kds_3.0.0/toolchain/bin/../lib/gcc/arm-none-eabi/4.8.4/armv7e-m\libgcc.a(_arm_fixunssfsi.o)
 .bss           0x00000000        0x0 c:/freescale/kds_3.0.0/toolchain/bin/../lib/gcc/arm-none-eabi/4.8.4/armv7e-m\libgcc.a(_arm_fixunssfsi.o)
 .ARM.attributes
                0x00000000       0x1e c:/freescale/kds_3.0.0/toolchain/bin/../lib/gcc/arm-none-eabi/4.8.4/armv7e-m\libgcc.a(_arm_fixunssfsi.o)
 .text          0x00000000        0x0 c:/freescale/kds_3.0.0/toolchain/bin/../lib/gcc/arm-none-eabi/4.8.4/../../../../arm-none-eabi/lib/armv7e-m\libg_s.a(lib_a-exit.o)
 .data          0x00000000        0x0 c:/freescale/kds_3.0.0/toolchain/bin/../lib/gcc/arm-none-eabi/4.8.4/../../../../arm-none-eabi/lib/armv7e-m\libg_s.a(lib_a-exit.o)
 .bss           0x00000000        0x0 c:/freescale/kds_3.0.0/toolchain/bin/../lib/gcc/arm-none-eabi/4.8.4/../../../../arm-none-eabi/lib/armv7e-m\libg_s.a(lib_a-exit.o)
 .text          0x00000000        0x0 c:/freescale/kds_3.0.0/toolchain/bin/../lib/gcc/arm-none-eabi/4.8.4/../../../../arm-none-eabi/lib/armv7e-m\libg_s.a(lib_a-impure.o)
 .data          0x00000000        0x0 c:/freescale/kds_3.0.0/toolchain/bin/../lib/gcc/arm-none-eabi/4.8.4/../../../../arm-none-eabi/lib/armv7e-m\libg_s.a(lib_a-impure.o)
 .bss           0x00000000        0x0 c:/freescale/kds_3.0.0/toolchain/bin/../lib/gcc/arm-none-eabi/4.8.4/../../../../arm-none-eabi/lib/armv7e-m\libg_s.a(lib_a-impure.o)
 .data._impure_ptr
                0x00000000        0x4 c:/freescale/kds_3.0.0/toolchain/bin/../lib/gcc/arm-none-eabi/4.8.4/../../../../arm-none-eabi/lib/armv7e-m\libg_s.a(lib_a-impure.o)
 .text          0x00000000        0x0 c:/freescale/kds_3.0.0/toolchain/bin/../lib/gcc/arm-none-eabi/4.8.4/../../../../arm-none-eabi/lib/armv7e-m\libg_s.a(lib_a-init.o)
 .data          0x00000000        0x0 c:/freescale/kds_3.0.0/toolchain/bin/../lib/gcc/arm-none-eabi/4.8.4/../../../../arm-none-eabi/lib/armv7e-m\libg_s.a(lib_a-init.o)
 .bss           0x00000000        0x0 c:/freescale/kds_3.0.0/toolchain/bin/../lib/gcc/arm-none-eabi/4.8.4/../../../../arm-none-eabi/lib/armv7e-m\libg_s.a(lib_a-init.o)
 .text          0x00000000        0x0 c:/freescale/kds_3.0.0/toolchain/bin/../lib/gcc/arm-none-eabi/4.8.4/../../../../arm-none-eabi/lib/armv7e-m\libg_s.a(lib_a-memset.o)
 .data          0x00000000        0x0 c:/freescale/kds_3.0.0/toolchain/bin/../lib/gcc/arm-none-eabi/4.8.4/../../../../arm-none-eabi/lib/armv7e-m\libg_s.a(lib_a-memset.o)
 .bss           0x00000000        0x0 c:/freescale/kds_3.0.0/toolchain/bin/../lib/gcc/arm-none-eabi/4.8.4/../../../../arm-none-eabi/lib/armv7e-m\libg_s.a(lib_a-memset.o)
 .text          0x00000000        0x0 c:/freescale/kds_3.0.0/toolchain/bin/../lib/gcc/arm-none-eabi/4.8.4/../../../../arm-none-eabi/lib/armv7e-m\libnosys.a(_exit.o)
 .data          0x00000000        0x0 c:/freescale/kds_3.0.0/toolchain/bin/../lib/gcc/arm-none-eabi/4.8.4/../../../../arm-none-eabi/lib/armv7e-m\libnosys.a(_exit.o)
 .bss           0x00000000        0x0 c:/freescale/kds_3.0.0/toolchain/bin/../lib/gcc/arm-none-eabi/4.8.4/../../../../arm-none-eabi/lib/armv7e-m\libnosys.a(_exit.o)
 .text          0x00000000        0x0 c:/freescale/kds_3.0.0/toolchain/bin/../lib/gcc/arm-none-eabi/4.8.4/armv7e-m/crtend.o
 .data          0x00000000        0x0 c:/freescale/kds_3.0.0/toolchain/bin/../lib/gcc/arm-none-eabi/4.8.4/armv7e-m/crtend.o
 .bss           0x00000000        0x0 c:/freescale/kds_3.0.0/toolchain/bin/../lib/gcc/arm-none-eabi/4.8.4/armv7e-m/crtend.o
 .eh_frame      0x00000000        0x4 c:/freescale/kds_3.0.0/toolchain/bin/../lib/gcc/arm-none-eabi/4.8.4/armv7e-m/crtend.o
 .jcr           0x00000000        0x4 c:/freescale/kds_3.0.0/toolchain/bin/../lib/gcc/arm-none-eabi/4.8.4/armv7e-m/crtend.o
 .ARM.attributes
                0x00000000       0x2e c:/freescale/kds_3.0.0/toolchain/bin/../lib/gcc/arm-none-eabi/4.8.4/armv7e-m/crtend.o
 .text          0x00000000        0x0 c:/freescale/kds_3.0.0/toolchain/bin/../lib/gcc/arm-none-eabi/4.8.4/armv7e-m/crtn.o
 .data          0x00000000        0x0 c:/freescale/kds_3.0.0/toolchain/bin/../lib/gcc/arm-none-eabi/4.8.4/armv7e-m/crtn.o
 .bss           0x00000000        0x0 c:/freescale/kds_3.0.0/toolchain/bin/../lib/gcc/arm-none-eabi/4.8.4/armv7e-m/crtn.o

Memory Configuration

Name             Origin             Length             Attributes
m_interrupts     0x00000000         0x000000f8         xr
m_text           0x00000410         0x0001fbf0         xr
m_data           0x1fffe000         0x00002000         rw
m_data_20000000  0x20000000         0x00002000         rw
m_cfmprotrom     0x00000400         0x00000010         xr
*default*        0x00000000         0xffffffff

Linker script and memory map

LOAD c:/freescale/kds_3.0.0/toolchain/bin/../lib/gcc/arm-none-eabi/4.8.4/armv7e-m/crti.o
LOAD c:/freescale/kds_3.0.0/toolchain/bin/../lib/gcc/arm-none-eabi/4.8.4/armv7e-m/crtbegin.o
LOAD c:/freescale/kds_3.0.0/toolchain/bin/../lib/gcc/arm-none-eabi/4.8.4/../../../../arm-none-eabi/lib/armv7e-m/crt0.o
LOAD ./Sources/Events.o
LOAD ./Sources/main.o
LOAD ./Project_Settings/Startup_Code/startup.o
LOAD ./Generated_Code/ASerialLdd1.o
LOAD ./Generated_Code/BLED.o
LOAD ./Generated_Code/CI2C1.o
LOAD ./Generated_Code/Cpu.o
LOAD ./Generated_Code/FC321.o
LOAD ./Generated_Code/GLED.o
LOAD ./Generated_Code/Inhr1.o
LOAD ./Generated_Code/IntI2cLdd1.o
LOAD ./Generated_Code/PE_LDD.o
LOAD ./Generated_Code/PwmLdd1.o
LOAD ./Generated_Code/PwmLdd2.o
LOAD ./Generated_Code/PwmLdd3.o
LOAD ./Generated_Code/RLED.o
LOAD ./Generated_Code/RealTimeLdd1.o
LOAD ./Generated_Code/TU1.o
LOAD ./Generated_Code/TU2.o
LOAD ./Generated_Code/Term1.o
LOAD ./Generated_Code/Vectors.o
LOAD c:/freescale/kds_3.0.0/toolchain/bin/../lib/gcc/arm-none-eabi/4.8.4/../../../../arm-none-eabi/lib/armv7e-m\libstdc++_s.a
LOAD c:/freescale/kds_3.0.0/toolchain/bin/../lib/gcc/arm-none-eabi/4.8.4/../../../../arm-none-eabi/lib/armv7e-m\libm.a
START GROUP
LOAD c:/freescale/kds_3.0.0/toolchain/bin/../lib/gcc/arm-none-eabi/4.8.4/armv7e-m\libgcc.a
LOAD c:/freescale/kds_3.0.0/toolchain/bin/../lib/gcc/arm-none-eabi/4.8.4/../../../../arm-none-eabi/lib/armv7e-m\libg_s.a
LOAD c:/freescale/kds_3.0.0/toolchain/bin/../lib/gcc/arm-none-eabi/4.8.4/../../../../arm-none-eabi/lib/armv7e-m\libc_s.a
END GROUP
START GROUP
LOAD c:/freescale/kds_3.0.0/toolchain/bin/../lib/gcc/arm-none-eabi/4.8.4/armv7e-m\libgcc.a
LOAD c:/freescale/kds_3.0.0/toolchain/bin/../lib/gcc/arm-none-eabi/4.8.4/../../../../arm-none-eabi/lib/armv7e-m\libc_s.a
LOAD c:/freescale/kds_3.0.0/toolchain/bin/../lib/gcc/arm-none-eabi/4.8.4/../../../../arm-none-eabi/lib/armv7e-m\libnosys.a
END GROUP
START GROUP
LOAD c:/freescale/kds_3.0.0/toolchain/bin/../lib/gcc/arm-none-eabi/4.8.4/armv7e-m\libgcc.a
LOAD c:/freescale/kds_3.0.0/toolchain/bin/../lib/gcc/arm-none-eabi/4.8.4/../../../../arm-none-eabi/lib/armv7e-m\libc_s.a
LOAD c:/freescale/kds_3.0.0/toolchain/bin/../lib/gcc/arm-none-eabi/4.8.4/../../../../arm-none-eabi/lib/armv7e-m\libnosys.a
END GROUP
LOAD c:/freescale/kds_3.0.0/toolchain/bin/../lib/gcc/arm-none-eabi/4.8.4/armv7e-m/crtend.o
LOAD c:/freescale/kds_3.0.0/toolchain/bin/../lib/gcc/arm-none-eabi/4.8.4/armv7e-m/crtn.o
                0x20000000                _estack = 0x20000000
                0x20000000                __SP_INIT = _estack
                0x20000000                __stack = _estack
                0x00000000                __heap_size = 0x0
                0x00000400                __stack_size = 0x400

.interrupts     0x00000000       0xf8
                0x00000000                __vector_table = .
                0x00000000                . = ALIGN (0x4)
 *(.vectortable)
 .vectortable   0x00000000       0xf8 ./Generated_Code/Vectors.o
                0x00000000                __vect_table
                0x000000f8                . = ALIGN (0x4)

.cfmprotect     0x00000400       0x10
                0x00000400                . = ALIGN (0x4)
 *(.cfmconfig)
 .cfmconfig     0x00000400       0x10 ./Generated_Code/Cpu.o
                0x00000400                _cfm
                0x00000410                . = ALIGN (0x4)

.text           0x00000410     0x1dd4
                0x00000410                . = ALIGN (0x4)
 *(.text)
 .text          0x00000410       0x54 c:/freescale/kds_3.0.0/toolchain/bin/../lib/gcc/arm-none-eabi/4.8.4/armv7e-m/crtbegin.o
 .text          0x00000464       0x74 c:/freescale/kds_3.0.0/toolchain/bin/../lib/gcc/arm-none-eabi/4.8.4/../../../../arm-none-eabi/lib/armv7e-m/crt0.o
                0x00000464                _start
                0x00000464                _mainCRTStartup
 *(.text*)
 .text.Cpu_OnNMIINT
                0x000004d8        0xc ./Sources/Events.o
                0x000004d8                Cpu_OnNMIINT
 .text.main     0x000004e4      0x110 ./Sources/main.o
                0x000004e4                main
 .text.__copy_rom_section
                0x000005f4       0xe4 ./Project_Settings/Startup_Code/startup.o
                0x000005f4                __copy_rom_section
 .text.__copy_rom_sections_to_ram
                0x000006d8       0x9c ./Project_Settings/Startup_Code/startup.o
                0x000006d8                __copy_rom_sections_to_ram
 .text.__init_registers
                0x00000774        0xc ./Project_Settings/Startup_Code/startup.o
                0x00000774                __init_registers
 .text.__init_user
                0x00000780        0xc ./Project_Settings/Startup_Code/startup.o
                0x00000780                __init_user
 .text.__thumb_startup
                0x0000078c       0x34 ./Project_Settings/Startup_Code/startup.o
                0x0000078c                __thumb_startup
 .text.ASerialLdd1_Init
                0x000007c0      0x160 ./Generated_Code/ASerialLdd1.o
                0x000007c0                ASerialLdd1_Init
 .text.ASerialLdd1_ReceiveBlock
                0x00000920       0x48 ./Generated_Code/ASerialLdd1.o
                0x00000920                ASerialLdd1_ReceiveBlock
 .text.ASerialLdd1_SendBlock
                0x00000968       0x58 ./Generated_Code/ASerialLdd1.o
                0x00000968                ASerialLdd1_SendBlock
 .text.InterruptRx
                0x000009c0       0x50 ./Generated_Code/ASerialLdd1.o
 .text.InterruptTx
                0x00000a10       0x60 ./Generated_Code/ASerialLdd1.o
 .text.ASerialLdd1_Main
                0x00000a70       0xd8 ./Generated_Code/ASerialLdd1.o
                0x00000a70                ASerialLdd1_Main
 .text.CI2C1_SendChar
                0x00000b48       0x2c ./Generated_Code/CI2C1.o
                0x00000b48                CI2C1_SendChar
 .text.CI2C1_SendBlock
                0x00000b74      0x134 ./Generated_Code/CI2C1.o
                0x00000b74                CI2C1_SendBlock
 .text.CI2C1_RecvBlock
                0x00000ca8      0x12c ./Generated_Code/CI2C1.o
                0x00000ca8                CI2C1_RecvBlock
 .text.CI2C1_Init
                0x00000dd4       0x18 ./Generated_Code/CI2C1.o
                0x00000dd4                CI2C1_Init
 .text.Cpu_INT_NMIInterrupt
                0x00000dec       0x1c ./Generated_Code/Cpu.o
                0x00000dec                Cpu_INT_NMIInterrupt
 .text.Cpu_Interrupt
                0x00000e08       0x18 ./Generated_Code/Cpu.o
                0x00000e08                Cpu_Interrupt
 .text.__init_hardware
                0x00000e20      0x11c ./Generated_Code/Cpu.o
                0x00000e20                __init_hardware
 .text.Cpu_SetBASEPRI
                0x00000f3c       0x18 ./Generated_Code/Cpu.o
                0x00000f3c                Cpu_SetBASEPRI
 .text.PE_low_level_init
                0x00000f54       0xc8 ./Generated_Code/Cpu.o
                0x00000f54                PE_low_level_init
 .text.HWEnDi   0x0000101c       0x1c ./Generated_Code/Inhr1.o
 .text.Inhr1_SendChar
                0x00001038       0x5c ./Generated_Code/Inhr1.o
                0x00001038                Inhr1_SendChar
 .text.Inhr1_Init
                0x00001094       0x24 ./Generated_Code/Inhr1.o
                0x00001094                Inhr1_Init
 .text.ASerialLdd1_OnBreak
                0x000010b8       0x24 ./Generated_Code/Inhr1.o
                0x000010b8                ASerialLdd1_OnBreak
 .text.IntI2cLdd1_Main
                0x000010dc      0x2d4 ./Generated_Code/IntI2cLdd1.o
                0x000010dc                IntI2cLdd1_Main
 .text.IntI2cLdd1_Init
                0x000013b0      0x110 ./Generated_Code/IntI2cLdd1.o
                0x000013b0                IntI2cLdd1_Init
 .text.IntI2cLdd1_MasterSendBlock
                0x000014c0      0x14c ./Generated_Code/IntI2cLdd1.o
                0x000014c0                IntI2cLdd1_MasterSendBlock
 .text.IntI2cLdd1_MasterGetBlockSentStatus
                0x0000160c       0x30 ./Generated_Code/IntI2cLdd1.o
                0x0000160c                IntI2cLdd1_MasterGetBlockSentStatus
 .text.IntI2cLdd1_MasterGetSentDataNum
                0x0000163c       0x18 ./Generated_Code/IntI2cLdd1.o
                0x0000163c                IntI2cLdd1_MasterGetSentDataNum
 .text.IntI2cLdd1_MasterReceiveBlock
                0x00001654      0x148 ./Generated_Code/IntI2cLdd1.o
                0x00001654                IntI2cLdd1_MasterReceiveBlock
 .text.IntI2cLdd1_MasterGetBlockReceivedStatus
                0x0000179c       0x38 ./Generated_Code/IntI2cLdd1.o
                0x0000179c                IntI2cLdd1_MasterGetBlockReceivedStatus
 .text.IntI2cLdd1_MasterGetReceivedDataNum
                0x000017d4       0x18 ./Generated_Code/IntI2cLdd1.o
                0x000017d4                IntI2cLdd1_MasterGetReceivedDataNum
 .text.IntI2cLdd1_GetError
                0x000017ec       0x2c ./Generated_Code/IntI2cLdd1.o
                0x000017ec                IntI2cLdd1_GetError
 .text.IntI2cLdd1_CheckBus
                0x00001818       0x3c ./Generated_Code/IntI2cLdd1.o
                0x00001818                IntI2cLdd1_CheckBus
 .text.PwmLdd1_Init
                0x00001854       0x58 ./Generated_Code/PwmLdd1.o
                0x00001854                PwmLdd1_Init
 .text.PwmLdd1_SetRatio16
                0x000018ac       0x28 ./Generated_Code/PwmLdd1.o
                0x000018ac                PwmLdd1_SetRatio16
 .text.SetRatio
                0x000018d4       0x54 ./Generated_Code/PwmLdd1.o
 .text.PwmLdd2_Init
                0x00001928       0x58 ./Generated_Code/PwmLdd2.o
                0x00001928                PwmLdd2_Init
 .text.PwmLdd2_SetRatio16
                0x00001980       0x28 ./Generated_Code/PwmLdd2.o
                0x00001980                PwmLdd2_SetRatio16
 .text.SetRatio
                0x000019a8       0x54 ./Generated_Code/PwmLdd2.o
 .text.PwmLdd3_Init
                0x000019fc       0x58 ./Generated_Code/PwmLdd3.o
                0x000019fc                PwmLdd3_Init
 .text.PwmLdd3_SetRatio16
                0x00001a54       0x28 ./Generated_Code/PwmLdd3.o
                0x00001a54                PwmLdd3_SetRatio16
 .text.SetRatio
                0x00001a7c       0x54 ./Generated_Code/PwmLdd3.o
 .text.RealTimeLdd1_Init
                0x00001ad0       0x5c ./Generated_Code/RealTimeLdd1.o
                0x00001ad0                RealTimeLdd1_Init
 .text.RealTimeLdd1_Reset
                0x00001b2c       0x74 ./Generated_Code/RealTimeLdd1.o
                0x00001b2c                RealTimeLdd1_Reset
 .text.TU2_OnCounterRestart
                0x00001ba0       0x34 ./Generated_Code/RealTimeLdd1.o
                0x00001ba0                TU2_OnCounterRestart
 .text.TU1_Init
                0x00001bd4      0x140 ./Generated_Code/TU1.o
                0x00001bd4                TU1_Init
 .text.TU1_GetPeriodTicks
                0x00001d14       0x30 ./Generated_Code/TU1.o
                0x00001d14                TU1_GetPeriodTicks
 .text.TU1_SetOffsetTicks
                0x00001d44       0x54 ./Generated_Code/TU1.o
                0x00001d44                TU1_SetOffsetTicks
 .text.TU2_Init
                0x00001d98       0xd4 ./Generated_Code/TU2.o
                0x00001d98                TU2_Init
 .text.TU2_ResetCounter
                0x00001e6c       0x20 ./Generated_Code/TU2.o
                0x00001e6c                TU2_ResetCounter
 .text.TU2_Interrupt
                0x00001e8c       0x6c ./Generated_Code/TU2.o
                0x00001e8c                TU2_Interrupt
 .text.SendESCPrefix
                0x00001ef8       0x24 ./Generated_Code/Term1.o
 .text.Term1_SendStr
                0x00001f1c       0x34 ./Generated_Code/Term1.o
                0x00001f1c                Term1_SendStr
 .text.LongToStr
                0x00001f50       0xf4 ./Generated_Code/Term1.o
 .text.Term1_SendNum
                0x00002044       0x54 ./Generated_Code/Term1.o
                0x00002044                Term1_SendNum
 .text.Term1_Cls
                0x00002098       0x28 ./Generated_Code/Term1.o
                0x00002098                Term1_Cls
 .text.Term1_MoveTo
                0x000020c0       0x44 ./Generated_Code/Term1.o
                0x000020c0                Term1_MoveTo
 .text.exit     0x00002104       0x28 c:/freescale/kds_3.0.0/toolchain/bin/../lib/gcc/arm-none-eabi/4.8.4/../../../../arm-none-eabi/lib/armv7e-m\libg_s.a(lib_a-exit.o)
                0x00002104                exit
 .text.__libc_init_array
                0x0000212c       0x4c c:/freescale/kds_3.0.0/toolchain/bin/../lib/gcc/arm-none-eabi/4.8.4/../../../../arm-none-eabi/lib/armv7e-m\libg_s.a(lib_a-init.o)
                0x0000212c                __libc_init_array
 .text.memset   0x00002178       0x10 c:/freescale/kds_3.0.0/toolchain/bin/../lib/gcc/arm-none-eabi/4.8.4/../../../../arm-none-eabi/lib/armv7e-m\libg_s.a(lib_a-memset.o)
                0x00002178                memset
 .text._exit    0x00002188        0x4 c:/freescale/kds_3.0.0/toolchain/bin/../lib/gcc/arm-none-eabi/4.8.4/../../../../arm-none-eabi/lib/armv7e-m\libnosys.a(_exit.o)
                0x00002188                _exit
 *(.rodata)
 .rodata        0x0000218c       0x30 ./Sources/main.o
 *(.rodata*)
 .rodata.ChannelDevice
                0x000021bc        0x4 ./Generated_Code/TU1.o
 .rodata.ChannelMode
                0x000021c0        0x4 ./Generated_Code/TU1.o
 .rodata.str1.1
                0x000021c4        0x2 c:/freescale/kds_3.0.0/toolchain/bin/../lib/gcc/arm-none-eabi/4.8.4/../../../../arm-none-eabi/lib/armv7e-m\libg_s.a(lib_a-impure.o)
 *fill*         0x000021c6        0x2 
 .rodata._global_impure_ptr
                0x000021c8        0x4 c:/freescale/kds_3.0.0/toolchain/bin/../lib/gcc/arm-none-eabi/4.8.4/../../../../arm-none-eabi/lib/armv7e-m\libg_s.a(lib_a-impure.o)
                0x000021c8                _global_impure_ptr
 *(.glue_7)
 .glue_7        0x00000000        0x0 linker stubs
 *(.glue_7t)
 .glue_7t       0x00000000        0x0 linker stubs
 *(.eh_frame)
 .eh_frame      0x000021cc        0x0 c:/freescale/kds_3.0.0/toolchain/bin/../lib/gcc/arm-none-eabi/4.8.4/armv7e-m/crtbegin.o
 *(.init)
 .init          0x000021cc        0x4 c:/freescale/kds_3.0.0/toolchain/bin/../lib/gcc/arm-none-eabi/4.8.4/armv7e-m/crti.o
                0x000021cc                _init
 .init          0x000021d0        0x8 c:/freescale/kds_3.0.0/toolchain/bin/../lib/gcc/arm-none-eabi/4.8.4/armv7e-m/crtn.o
 *(.fini)
 .fini          0x000021d8        0x4 c:/freescale/kds_3.0.0/toolchain/bin/../lib/gcc/arm-none-eabi/4.8.4/armv7e-m/crti.o
                0x000021d8                _fini
 .fini          0x000021dc        0x8 c:/freescale/kds_3.0.0/toolchain/bin/../lib/gcc/arm-none-eabi/4.8.4/armv7e-m/crtn.o
                0x000021e4                . = ALIGN (0x4)
                0x000021e4                _etext = .

.vfp11_veneer   0x000021e4        0x0
 .vfp11_veneer  0x00000000        0x0 linker stubs

.v4_bx          0x000021e4        0x0
 .v4_bx         0x00000000        0x0 linker stubs

.iplt           0x000021e4        0x0
 .iplt          0x00000000        0x0 c:/freescale/kds_3.0.0/toolchain/bin/../lib/gcc/arm-none-eabi/4.8.4/armv7e-m/crtbegin.o

.ARM.extab
 *(.ARM.extab* .gnu.linkonce.armextab.*)

.ARM            0x000021e4        0x8
                0x000021e4                __exidx_start = .
 *(.ARM.exidx*)
 .ARM.exidx     0x000021e4        0x8 c:/freescale/kds_3.0.0/toolchain/bin/../lib/gcc/arm-none-eabi/4.8.4/../../../../arm-none-eabi/lib/armv7e-m/crt0.o
                0x000021ec                __exidx_end = .

.rel.dyn        0x000021ec        0x0
 .rel.iplt      0x00000000        0x0 c:/freescale/kds_3.0.0/toolchain/bin/../lib/gcc/arm-none-eabi/4.8.4/armv7e-m/crtbegin.o

.ctors          0x000021ec        0x0
                0x000021ec                __CTOR_LIST__ = .
 *crtbegin.o(.ctors)
 *(EXCLUDE_FILE(*crtend.o) .ctors)
 *(SORT(.ctors.*))
 *(.ctors)
                0x000021ec                __CTOR_END__ = .

.dtors          0x000021ec        0x0
                0x000021ec                __DTOR_LIST__ = .
 *crtbegin.o(.dtors)
 *(EXCLUDE_FILE(*crtend.o) .dtors)
 *(SORT(.dtors.*))
 *(.dtors)
                0x000021ec                __DTOR_END__ = .

.preinit_array  0x000021ec        0x0
                0x000021ec                PROVIDE (__preinit_array_start, .)
 *(.preinit_array*)
                0x000021ec                PROVIDE (__preinit_array_end, .)

.init_array     0x000021ec        0x4
                0x000021ec                PROVIDE (__init_array_start, .)
 *(SORT(.init_array.*))
 *(.init_array*)
 .init_array    0x000021ec        0x4 c:/freescale/kds_3.0.0/toolchain/bin/../lib/gcc/arm-none-eabi/4.8.4/armv7e-m/crtbegin.o
                0x000021f0                PROVIDE (__init_array_end, .)

.fini_array     0x000021f0        0x4
                0x000021f0                PROVIDE (__fini_array_start, .)
 *(SORT(.fini_array.*))
 *(.fini_array*)
 .fini_array    0x000021f0        0x4 c:/freescale/kds_3.0.0/toolchain/bin/../lib/gcc/arm-none-eabi/4.8.4/armv7e-m/crtbegin.o
                0x000021f4                PROVIDE (__fini_array_end, .)
                0x000021f4                ___ROM_AT = .

.data           0x1fffe000       0x60 load address 0x000021f4
                0x1fffe000                . = ALIGN (0x4)
                0x1fffe000                _sdata = .
 *(.data)
 *(.data*)
 .data.impure_data
                0x1fffe000       0x60 c:/freescale/kds_3.0.0/toolchain/bin/../lib/gcc/arm-none-eabi/4.8.4/../../../../arm-none-eabi/lib/armv7e-m\libg_s.a(lib_a-impure.o)
                0x1fffe060                . = ALIGN (0x4)
                0x1fffe060                _edata = .
                0x00000060                ___data_size = (_edata - _sdata)
                0x00002254                ___m_data_20000000_ROMStart = (___ROM_AT + SIZEOF (.data))

.jcr            0x1fffe060        0x0 load address 0x00002254
 .jcr           0x1fffe060        0x0 c:/freescale/kds_3.0.0/toolchain/bin/../lib/gcc/arm-none-eabi/4.8.4/armv7e-m/crtbegin.o

.igot.plt       0x1fffe060        0x0 load address 0x00002254
 .igot.plt      0x00000000        0x0 c:/freescale/kds_3.0.0/toolchain/bin/../lib/gcc/arm-none-eabi/4.8.4/armv7e-m/crtbegin.o

.m_data_20000000
                0x20000000        0x0 load address 0x00002254
                0x20000000                . = ALIGN (0x4)
                0x20000000                ___m_data_20000000_RAMStart = .
 *(.m_data_20000000)
                0x20000000                ___m_data_20000000_RAMEnd = .
                0x20000000                . = ALIGN (0x4)
                0x00000000                ___m_data_20000000_ROMSize = (___m_data_20000000_RAMEnd - ___m_data_20000000_RAMStart)
                0x20000000                . = ALIGN (0x4)

.bss            0x1fffe060       0xdc load address 0x00002254
                0x1fffe060                __START_BSS = .
                0x1fffe060                PROVIDE (__bss_start__, __START_BSS)
 *(.bss)
 .bss           0x1fffe060       0x1c c:/freescale/kds_3.0.0/toolchain/bin/../lib/gcc/arm-none-eabi/4.8.4/armv7e-m/crtbegin.o
 *(.bss*)
 .bss.DeviceDataPrv__DEFAULT_RTOS_ALLOC
                0x1fffe07c       0x20 ./Generated_Code/ASerialLdd1.o
 .bss.ChrTemp   0x1fffe09c        0x1 ./Generated_Code/CI2C1.o
 .bss.SR_lock   0x1fffe09d        0x1 ./Generated_Code/Cpu.o
                0x1fffe09d                SR_lock
 .bss.SerFlag   0x1fffe09e        0x2 ./Generated_Code/Inhr1.o
 .bss.BufferRead
                0x1fffe0a0        0x1 ./Generated_Code/Inhr1.o
 .bss.OutBuffer
                0x1fffe0a1        0x1 ./Generated_Code/Inhr1.o
 *fill*         0x1fffe0a2        0x2 
 .bss.DeviceDataPrv__DEFAULT_RTOS_ALLOC
                0x1fffe0a4       0x1c ./Generated_Code/IntI2cLdd1.o
 .bss.PE_LDD_DeviceDataList
                0x1fffe0c0       0x20 ./Generated_Code/PE_LDD.o
                0x1fffe0c0                PE_LDD_DeviceDataList
 .bss.DeviceDataPrv__DEFAULT_RTOS_ALLOC
                0x1fffe0e0        0xc ./Generated_Code/PwmLdd1.o
 .bss.DeviceDataPrv__DEFAULT_RTOS_ALLOC
                0x1fffe0ec        0xc ./Generated_Code/PwmLdd2.o
 .bss.DeviceDataPrv__DEFAULT_RTOS_ALLOC
                0x1fffe0f8        0xc ./Generated_Code/PwmLdd3.o
 .bss.DeviceDataPrv__DEFAULT_RTOS_ALLOC
                0x1fffe104       0x14 ./Generated_Code/RealTimeLdd1.o
 .bss.DeviceDataPrv__DEFAULT_RTOS_ALLOC
                0x1fffe118        0x8 ./Generated_Code/TU1.o
 .bss.DeviceDataPrv__DEFAULT_RTOS_ALLOC
                0x1fffe120        0xc ./Generated_Code/TU2.o
 .bss.INT_FTM1__DEFAULT_RTOS_ISRPARAM
                0x1fffe12c        0x4 ./Generated_Code/TU2.o
 *(COMMON)
 COMMON         0x1fffe130        0x6 ./Generated_Code/CI2C1.o
                0x1fffe130                IntI2cLdd1_DeviceDataPtr
                0x1fffe134                CI2C1_SndRcvTemp
 COMMON         0x1fffe136        0x1 ./Generated_Code/Cpu.o
                0x1fffe136                SR_reg
 *fill*         0x1fffe137        0x1 
 COMMON         0x1fffe138        0x4 ./Generated_Code/Inhr1.o
                0x1fffe138                ASerialLdd1_DeviceDataPtr
                0x1fffe13c                . = ALIGN (0x4)
                0x1fffe13c                __END_BSS = .
                0x1fffe13c                PROVIDE (__bss_end__, __END_BSS)
                0x00002254                _romp_at = ((___ROM_AT + SIZEOF (.data)) + SIZEOF (.m_data_20000000))

.romp           0x1fffe13c       0x24 load address 0x00002254
                0x00002254                __S_romp = _romp_at
                0x1fffe13c        0x4 LONG 0x21f4 ___ROM_AT
                0x1fffe140        0x4 LONG 0x1fffe000 _sdata
                0x1fffe144        0x4 LONG 0x60 ___data_size
                0x1fffe148        0x4 LONG 0x2254 ___m_data_20000000_ROMStart
                0x1fffe14c        0x4 LONG 0x20000000 ___m_data_20000000_RAMStart
                0x1fffe150        0x4 LONG 0x0 ___m_data_20000000_ROMSize
                0x1fffe154        0x4 LONG 0x0
                0x1fffe158        0x4 LONG 0x0
                0x1fffe15c        0x4 LONG 0x0

._user_heap_stack
                0x1fffe160      0x400 load address 0x00002278
                0x1fffe160                . = ALIGN (0x4)
                0x1fffe160                PROVIDE (end, .)
                0x1fffe160                PROVIDE (_end, .)
                0x1fffe160                __heap_addr = .
                0x1fffe160                __HeapBase = .
                0x1fffe160                . = (. + __heap_size)
                0x1fffe160                __HeapLimit = .
                0x1fffe560                . = (. + __stack_size)
 *fill*         0x1fffe160      0x400 
                0x1fffe560                . = ALIGN (0x4)

.ARM.attributes
                0x00000000       0x2a
 *(.ARM.attributes)
 .ARM.attributes
                0x00000000       0x1e c:/freescale/kds_3.0.0/toolchain/bin/../lib/gcc/arm-none-eabi/4.8.4/armv7e-m/crti.o
 .ARM.attributes
                0x0000001e       0x2e c:/freescale/kds_3.0.0/toolchain/bin/../lib/gcc/arm-none-eabi/4.8.4/armv7e-m/crtbegin.o
 .ARM.attributes
                0x0000004c       0x1c c:/freescale/kds_3.0.0/toolchain/bin/../lib/gcc/arm-none-eabi/4.8.4/../../../../arm-none-eabi/lib/armv7e-m/crt0.o
 .ARM.attributes
                0x00000068       0x33 ./Sources/Events.o
 .ARM.attributes
                0x0000009b       0x33 ./Sources/main.o
 .ARM.attributes
                0x000000ce       0x33 ./Project_Settings/Startup_Code/startup.o
 .ARM.attributes
                0x00000101       0x33 ./Generated_Code/ASerialLdd1.o
 .ARM.attributes
                0x00000134       0x33 ./Generated_Code/CI2C1.o
 .ARM.attributes
                0x00000167       0x33 ./Generated_Code/Cpu.o
 .ARM.attributes
                0x0000019a       0x33 ./Generated_Code/Inhr1.o
 .ARM.attributes
                0x000001cd       0x33 ./Generated_Code/IntI2cLdd1.o
 .ARM.attributes
                0x00000200       0x33 ./Generated_Code/PE_LDD.o
 .ARM.attributes
                0x00000233       0x33 ./Generated_Code/PwmLdd1.o
 .ARM.attributes
                0x00000266       0x33 ./Generated_Code/PwmLdd2.o
 .ARM.attributes
                0x00000299       0x33 ./Generated_Code/PwmLdd3.o
 .ARM.attributes
                0x000002cc       0x33 ./Generated_Code/RealTimeLdd1.o
 .ARM.attributes
                0x000002ff       0x33 ./Generated_Code/TU1.o
 .ARM.attributes
                0x00000332       0x33 ./Generated_Code/TU2.o
 .ARM.attributes
                0x00000365       0x33 ./Generated_Code/Term1.o
 .ARM.attributes
                0x00000398       0x33 ./Generated_Code/Vectors.o
 .ARM.attributes
                0x000003cb       0x2e c:/freescale/kds_3.0.0/toolchain/bin/../lib/gcc/arm-none-eabi/4.8.4/../../../../arm-none-eabi/lib/armv7e-m\libg_s.a(lib_a-exit.o)
 .ARM.attributes
                0x000003f9       0x2e c:/freescale/kds_3.0.0/toolchain/bin/../lib/gcc/arm-none-eabi/4.8.4/../../../../arm-none-eabi/lib/armv7e-m\libg_s.a(lib_a-impure.o)
 .ARM.attributes
                0x00000427       0x2e c:/freescale/kds_3.0.0/toolchain/bin/../lib/gcc/arm-none-eabi/4.8.4/../../../../arm-none-eabi/lib/armv7e-m\libg_s.a(lib_a-init.o)
 .ARM.attributes
                0x00000455       0x2e c:/freescale/kds_3.0.0/toolchain/bin/../lib/gcc/arm-none-eabi/4.8.4/../../../../arm-none-eabi/lib/armv7e-m\libg_s.a(lib_a-memset.o)
 .ARM.attributes
                0x00000483       0x2e c:/freescale/kds_3.0.0/toolchain/bin/../lib/gcc/arm-none-eabi/4.8.4/../../../../arm-none-eabi/lib/armv7e-m\libnosys.a(_exit.o)
 .ARM.attributes
                0x000004b1       0x1e c:/freescale/kds_3.0.0/toolchain/bin/../lib/gcc/arm-none-eabi/4.8.4/armv7e-m/crtn.o
OUTPUT(prac2.elf elf32-littlearm)

.debug_info     0x00000000     0x44d9
 .debug_info    0x00000000       0x96 ./Sources/Events.o
 .debug_info    0x00000096      0x151 ./Sources/main.o
 .debug_info    0x000001e7      0x20a ./Project_Settings/Startup_Code/startup.o
 .debug_info    0x000003f1      0x939 ./Generated_Code/ASerialLdd1.o
 .debug_info    0x00000d2a      0x30b ./Generated_Code/CI2C1.o
 .debug_info    0x00001035      0x9e9 ./Generated_Code/Cpu.o
 .debug_info    0x00001a1e      0x20b ./Generated_Code/Inhr1.o
 .debug_info    0x00001c29      0x8c1 ./Generated_Code/IntI2cLdd1.o
 .debug_info    0x000024ea      0x251 ./Generated_Code/PE_LDD.o
 .debug_info    0x0000273b      0x2d4 ./Generated_Code/PwmLdd1.o
 .debug_info    0x00002a0f      0x2d4 ./Generated_Code/PwmLdd2.o
 .debug_info    0x00002ce3      0x2d4 ./Generated_Code/PwmLdd3.o
 .debug_info    0x00002fb7      0x36e ./Generated_Code/RealTimeLdd1.o
 .debug_info    0x00003325      0x768 ./Generated_Code/TU1.o
 .debug_info    0x00003a8d      0x684 ./Generated_Code/TU2.o
 .debug_info    0x00004111      0x2ba ./Generated_Code/Term1.o
 .debug_info    0x000043cb      0x10e ./Generated_Code/Vectors.o

.debug_abbrev   0x00000000     0x139e
 .debug_abbrev  0x00000000       0x45 ./Sources/Events.o
 .debug_abbrev  0x00000045       0xbd ./Sources/main.o
 .debug_abbrev  0x00000102      0x11e ./Project_Settings/Startup_Code/startup.o
 .debug_abbrev  0x00000220      0x1c3 ./Generated_Code/ASerialLdd1.o
 .debug_abbrev  0x000003e3      0x124 ./Generated_Code/CI2C1.o
 .debug_abbrev  0x00000507      0x178 ./Generated_Code/Cpu.o
 .debug_abbrev  0x0000067f      0x117 ./Generated_Code/Inhr1.o
 .debug_abbrev  0x00000796      0x182 ./Generated_Code/IntI2cLdd1.o
 .debug_abbrev  0x00000918      0x10d ./Generated_Code/PE_LDD.o
 .debug_abbrev  0x00000a25      0x122 ./Generated_Code/PwmLdd1.o
 .debug_abbrev  0x00000b47      0x122 ./Generated_Code/PwmLdd2.o
 .debug_abbrev  0x00000c69      0x122 ./Generated_Code/PwmLdd3.o
 .debug_abbrev  0x00000d8b      0x134 ./Generated_Code/RealTimeLdd1.o
 .debug_abbrev  0x00000ebf      0x198 ./Generated_Code/TU1.o
 .debug_abbrev  0x00001057      0x16a ./Generated_Code/TU2.o
 .debug_abbrev  0x000011c1      0x139 ./Generated_Code/Term1.o
 .debug_abbrev  0x000012fa       0xa4 ./Generated_Code/Vectors.o

.debug_aranges  0x00000000      0x448
 .debug_aranges
                0x00000000       0x20 ./Sources/Events.o
 .debug_aranges
                0x00000020       0x20 ./Sources/main.o
 .debug_aranges
                0x00000040       0x50 ./Project_Settings/Startup_Code/startup.o
 .debug_aranges
                0x00000090       0x58 ./Generated_Code/ASerialLdd1.o
 .debug_aranges
                0x000000e8       0x40 ./Generated_Code/CI2C1.o
 .debug_aranges
                0x00000128       0x40 ./Generated_Code/Cpu.o
 .debug_aranges
                0x00000168       0x48 ./Generated_Code/Inhr1.o
 .debug_aranges
                0x000001b0       0x70 ./Generated_Code/IntI2cLdd1.o
 .debug_aranges
                0x00000220       0x30 ./Generated_Code/PE_LDD.o
 .debug_aranges
                0x00000250       0x40 ./Generated_Code/PwmLdd1.o
 .debug_aranges
                0x00000290       0x40 ./Generated_Code/PwmLdd2.o
 .debug_aranges
                0x000002d0       0x40 ./Generated_Code/PwmLdd3.o
 .debug_aranges
                0x00000310       0x40 ./Generated_Code/RealTimeLdd1.o
 .debug_aranges
                0x00000350       0x48 ./Generated_Code/TU1.o
 .debug_aranges
                0x00000398       0x30 ./Generated_Code/TU2.o
 .debug_aranges
                0x000003c8       0x68 ./Generated_Code/Term1.o
 .debug_aranges
                0x00000430       0x18 ./Generated_Code/Vectors.o

.debug_ranges   0x00000000      0x330
 .debug_ranges  0x00000000       0x10 ./Sources/Events.o
 .debug_ranges  0x00000010       0x10 ./Sources/main.o
 .debug_ranges  0x00000020       0x40 ./Project_Settings/Startup_Code/startup.o
 .debug_ranges  0x00000060       0x48 ./Generated_Code/ASerialLdd1.o
 .debug_ranges  0x000000a8       0x30 ./Generated_Code/CI2C1.o
 .debug_ranges  0x000000d8       0x30 ./Generated_Code/Cpu.o
 .debug_ranges  0x00000108       0x38 ./Generated_Code/Inhr1.o
 .debug_ranges  0x00000140       0x60 ./Generated_Code/IntI2cLdd1.o
 .debug_ranges  0x000001a0       0x20 ./Generated_Code/PE_LDD.o
 .debug_ranges  0x000001c0       0x30 ./Generated_Code/PwmLdd1.o
 .debug_ranges  0x000001f0       0x30 ./Generated_Code/PwmLdd2.o
 .debug_ranges  0x00000220       0x30 ./Generated_Code/PwmLdd3.o
 .debug_ranges  0x00000250       0x30 ./Generated_Code/RealTimeLdd1.o
 .debug_ranges  0x00000280       0x38 ./Generated_Code/TU1.o
 .debug_ranges  0x000002b8       0x20 ./Generated_Code/TU2.o
 .debug_ranges  0x000002d8       0x58 ./Generated_Code/Term1.o

.debug_macro    0x00000000    0x19a9d
 .debug_macro   0x00000000      0x19f ./Sources/Events.o
 .debug_macro   0x0000019f      0x84a ./Sources/Events.o
 .debug_macro   0x000009e9       0x16 ./Sources/Events.o
 .debug_macro   0x000009ff       0x44 ./Sources/Events.o
 .debug_macro   0x00000a43      0x209 ./Sources/Events.o
 .debug_macro   0x00000c4c     0x168e ./Sources/Events.o
 .debug_macro   0x000022da      0x14e ./Sources/Events.o
 .debug_macro   0x00002428       0x6a ./Sources/Events.o
 .debug_macro   0x00002492     0x9b9f ./Sources/Events.o
 .debug_macro   0x0000c031       0x94 ./Sources/Events.o
 .debug_macro   0x0000c0c5       0x94 ./Sources/Events.o
 .debug_macro   0x0000c159      0x6a0 ./Sources/Events.o
 .debug_macro   0x0000c7f9       0x82 ./Sources/Events.o
 .debug_macro   0x0000c87b       0x37 ./Sources/Events.o
 .debug_macro   0x0000c8b2       0x25 ./Sources/Events.o
 .debug_macro   0x0000c8d7       0x3d ./Sources/Events.o
 .debug_macro   0x0000c914       0x25 ./Sources/Events.o
 .debug_macro   0x0000c939       0x3d ./Sources/Events.o
 .debug_macro   0x0000c976       0x25 ./Sources/Events.o
 .debug_macro   0x0000c99b       0x5f ./Sources/Events.o
 .debug_macro   0x0000c9fa       0x5e ./Sources/Events.o
 .debug_macro   0x0000ca58       0x11 ./Sources/Events.o
 .debug_macro   0x0000ca69       0x58 ./Sources/Events.o
 .debug_macro   0x0000cac1       0x28 ./Sources/Events.o
 .debug_macro   0x0000cae9       0x18 ./Sources/Events.o
 .debug_macro   0x0000cb01      0x19f ./Sources/main.o
 .debug_macro   0x0000cca0      0x121 ./Project_Settings/Startup_Code/startup.o
 .debug_macro   0x0000cdc1       0x58 ./Project_Settings/Startup_Code/startup.o
 .debug_macro   0x0000ce19       0x35 ./Project_Settings/Startup_Code/startup.o
 .debug_macro   0x0000ce4e       0xa3 ./Project_Settings/Startup_Code/startup.o
 .debug_macro   0x0000cef1      0x166 ./Project_Settings/Startup_Code/startup.o
 .debug_macro   0x0000d057       0x4a ./Project_Settings/Startup_Code/startup.o
 .debug_macro   0x0000d0a1       0x52 ./Project_Settings/Startup_Code/startup.o
 .debug_macro   0x0000d0f3       0x16 ./Project_Settings/Startup_Code/startup.o
 .debug_macro   0x0000d109       0x43 ./Project_Settings/Startup_Code/startup.o
 .debug_macro   0x0000d14c      0x180 ./Project_Settings/Startup_Code/startup.o
 .debug_macro   0x0000d2cc      0x2a6 ./Project_Settings/Startup_Code/startup.o
 .debug_macro   0x0000d572       0x10 ./Project_Settings/Startup_Code/startup.o
 .debug_macro   0x0000d582       0x35 ./Project_Settings/Startup_Code/startup.o
 .debug_macro   0x0000d5b7       0x16 ./Project_Settings/Startup_Code/startup.o
 .debug_macro   0x0000d5cd       0x22 ./Project_Settings/Startup_Code/startup.o
 .debug_macro   0x0000d5ef       0x10 ./Project_Settings/Startup_Code/startup.o
 .debug_macro   0x0000d5ff      0x20f ./Project_Settings/Startup_Code/startup.o
 .debug_macro   0x0000d80e     0x9b93 ./Project_Settings/Startup_Code/startup.o
 .debug_macro   0x000173a1       0xc5 ./Generated_Code/ASerialLdd1.o
 .debug_macro   0x00017466       0x58 ./Generated_Code/ASerialLdd1.o
 .debug_macro   0x000174be       0x17 ./Generated_Code/ASerialLdd1.o
 .debug_macro   0x000174d5      0x7ab ./Generated_Code/ASerialLdd1.o
 .debug_macro   0x00017c80      0x9b1 ./Generated_Code/ASerialLdd1.o
 .debug_macro   0x00018631       0xa7 ./Generated_Code/CI2C1.o
 .debug_macro   0x000186d8       0x58 ./Generated_Code/CI2C1.o
 .debug_macro   0x00018730      0x1b9 ./Generated_Code/Cpu.o
 .debug_macro   0x000188e9       0xdf ./Generated_Code/Inhr1.o
 .debug_macro   0x000189c8       0xf0 ./Generated_Code/IntI2cLdd1.o
 .debug_macro   0x00018ab8      0x4e4 ./Generated_Code/IntI2cLdd1.o
 .debug_macro   0x00018f9c      0x29c ./Generated_Code/IntI2cLdd1.o
 .debug_macro   0x00019238      0x165 ./Generated_Code/PE_LDD.o
 .debug_macro   0x0001939d       0xbe ./Generated_Code/PwmLdd1.o
 .debug_macro   0x0001945b       0xbe ./Generated_Code/PwmLdd2.o
 .debug_macro   0x00019519       0x37 ./Generated_Code/PwmLdd2.o
 .debug_macro   0x00019550       0xbe ./Generated_Code/PwmLdd3.o
 .debug_macro   0x0001960e       0xb5 ./Generated_Code/RealTimeLdd1.o
 .debug_macro   0x000196c3       0xbc ./Generated_Code/TU1.o
 .debug_macro   0x0001977f       0xbb ./Generated_Code/TU2.o
 .debug_macro   0x0001983a       0xad ./Generated_Code/Term1.o
 .debug_macro   0x000198e7      0x1b6 ./Generated_Code/Vectors.o

.debug_line     0x00000000     0x347c
 .debug_line    0x00000000      0x2ea ./Sources/Events.o
 .debug_line    0x000002ea      0x353 ./Sources/main.o
 .debug_line    0x0000063d      0x390 ./Project_Settings/Startup_Code/startup.o
 .debug_line    0x000009cd      0x320 ./Generated_Code/ASerialLdd1.o
 .debug_line    0x00000ced      0x2a6 ./Generated_Code/CI2C1.o
 .debug_line    0x00000f93      0x466 ./Generated_Code/Cpu.o
 .debug_line    0x000013f9      0x26d ./Generated_Code/Inhr1.o
 .debug_line    0x00001666      0x3d8 ./Generated_Code/IntI2cLdd1.o
 .debug_line    0x00001a3e      0x313 ./Generated_Code/PE_LDD.o
 .debug_line    0x00001d51      0x299 ./Generated_Code/PwmLdd1.o
 .debug_line    0x00001fea      0x299 ./Generated_Code/PwmLdd2.o
 .debug_line    0x00002283      0x299 ./Generated_Code/PwmLdd3.o
 .debug_line    0x0000251c      0x2d5 ./Generated_Code/RealTimeLdd1.o
 .debug_line    0x000027f1      0x2d3 ./Generated_Code/TU1.o
 .debug_line    0x00002ac4      0x279 ./Generated_Code/TU2.o
 .debug_line    0x00002d3d      0x360 ./Generated_Code/Term1.o
 .debug_line    0x0000309d      0x3df ./Generated_Code/Vectors.o

.debug_str      0x00000000    0x6138f
 .debug_str     0x00000000    0x48ffd ./Sources/Events.o
                              0x4914d (size before relaxing)
 .debug_str     0x00048ffd       0x5e ./Sources/main.o
                              0x49192 (size before relaxing)
 .debug_str     0x0004905b     0x25f1 ./Project_Settings/Startup_Code/startup.o
                              0x3a1b1 (size before relaxing)
 .debug_str     0x0004b64c     0xe6d5 ./Generated_Code/ASerialLdd1.o
                              0x4dbf9 (size before relaxing)
 .debug_str     0x00059d21      0x17a ./Generated_Code/CI2C1.o
                              0x3f1ea (size before relaxing)
 .debug_str     0x00059e9b      0x293 ./Generated_Code/Cpu.o
                              0x4950a (size before relaxing)
 .debug_str     0x0005a12e      0x17a ./Generated_Code/Inhr1.o
                              0x3f177 (size before relaxing)
 .debug_str     0x0005a2a8     0x6876 ./Generated_Code/IntI2cLdd1.o
                              0x4605e (size before relaxing)
 .debug_str     0x00060b1e      0x17e ./Generated_Code/PE_LDD.o
                              0x49302 (size before relaxing)
 .debug_str     0x00060c9c       0xdd ./Generated_Code/PwmLdd1.o
                              0x484ab (size before relaxing)
 .debug_str     0x00060d79       0x82 ./Generated_Code/PwmLdd2.o
                              0x484ab (size before relaxing)
 .debug_str     0x00060dfb       0x74 ./Generated_Code/PwmLdd3.o
                              0x484ab (size before relaxing)
 .debug_str     0x00060e6f       0xed ./Generated_Code/RealTimeLdd1.o
                              0x48422 (size before relaxing)
 .debug_str     0x00060f5c      0x269 ./Generated_Code/TU1.o
                              0x485fa (size before relaxing)
 .debug_str     0x000611c5       0xe4 ./Generated_Code/TU2.o
                              0x4859d (size before relaxing)
 .debug_str     0x000612a9       0xca ./Generated_Code/Term1.o
                              0x3f0b2 (size before relaxing)
 .debug_str     0x00061373       0x1c ./Generated_Code/Vectors.o
                              0x49195 (size before relaxing)

.comment        0x00000000       0x70
 .comment       0x00000000       0x70 ./Sources/Events.o
                                 0x71 (size before relaxing)
 .comment       0x00000000       0x71 ./Sources/main.o
 .comment       0x00000000       0x71 ./Project_Settings/Startup_Code/startup.o
 .comment       0x00000000       0x71 ./Generated_Code/ASerialLdd1.o
 .comment       0x00000000       0x71 ./Generated_Code/CI2C1.o
 .comment       0x00000000       0x71 ./Generated_Code/Cpu.o
 .comment       0x00000000       0x71 ./Generated_Code/Inhr1.o
 .comment       0x00000000       0x71 ./Generated_Code/IntI2cLdd1.o
 .comment       0x00000000       0x71 ./Generated_Code/PE_LDD.o
 .comment       0x00000000       0x71 ./Generated_Code/PwmLdd1.o
 .comment       0x00000000       0x71 ./Generated_Code/PwmLdd2.o
 .comment       0x00000000       0x71 ./Generated_Code/PwmLdd3.o
 .comment       0x00000000       0x71 ./Generated_Code/RealTimeLdd1.o
 .comment       0x00000000       0x71 ./Generated_Code/TU1.o
 .comment       0x00000000       0x71 ./Generated_Code/TU2.o
 .comment       0x00000000       0x71 ./Generated_Code/Term1.o
 .comment       0x00000000       0x71 ./Generated_Code/Vectors.o

.debug_frame    0x00000000      0xb88
 .debug_frame   0x00000000       0x28 ./Sources/Events.o
 .debug_frame   0x00000028       0x30 ./Sources/main.o
 .debug_frame   0x00000058       0xc0 ./Project_Settings/Startup_Code/startup.o
 .debug_frame   0x00000118      0x100 ./Generated_Code/ASerialLdd1.o
 .debug_frame   0x00000218       0xac ./Generated_Code/CI2C1.o
 .debug_frame   0x000002c4       0xa4 ./Generated_Code/Cpu.o
 .debug_frame   0x00000368       0xc0 ./Generated_Code/Inhr1.o
 .debug_frame   0x00000428      0x148 ./Generated_Code/IntI2cLdd1.o
 .debug_frame   0x00000570       0x64 ./Generated_Code/PE_LDD.o
 .debug_frame   0x000005d4       0xb0 ./Generated_Code/PwmLdd1.o
 .debug_frame   0x00000684       0xb0 ./Generated_Code/PwmLdd2.o
 .debug_frame   0x00000734       0xb0 ./Generated_Code/PwmLdd3.o
 .debug_frame   0x000007e4       0xac ./Generated_Code/RealTimeLdd1.o
 .debug_frame   0x00000890       0xbc ./Generated_Code/TU1.o
 .debug_frame   0x0000094c       0x6c ./Generated_Code/TU2.o
 .debug_frame   0x000009b8      0x13c ./Generated_Code/Term1.o
 .debug_frame   0x00000af4       0x28 c:/freescale/kds_3.0.0/toolchain/bin/../lib/gcc/arm-none-eabi/4.8.4/../../../../arm-none-eabi/lib/armv7e-m\libg_s.a(lib_a-exit.o)
 .debug_frame   0x00000b1c       0x2c c:/freescale/kds_3.0.0/toolchain/bin/../lib/gcc/arm-none-eabi/4.8.4/../../../../arm-none-eabi/lib/armv7e-m\libg_s.a(lib_a-init.o)
 .debug_frame   0x00000b48       0x20 c:/freescale/kds_3.0.0/toolchain/bin/../lib/gcc/arm-none-eabi/4.8.4/../../../../arm-none-eabi/lib/armv7e-m\libg_s.a(lib_a-memset.o)
 .debug_frame   0x00000b68       0x20 c:/freescale/kds_3.0.0/toolchain/bin/../lib/gcc/arm-none-eabi/4.8.4/../../../../arm-none-eabi/lib/armv7e-m\libnosys.a(_exit.o)
