Archive member included because of file (symbol)

c:/freescale/kds_3.0.0/toolchain/bin/../lib/gcc/arm-none-eabi/4.8.4/armv7e-m\libgcc.a(_arm_addsubsf3.o)
                              ./Generated_Code/RealTimeLdd1.o (__aeabi_ui2f)
c:/freescale/kds_3.0.0/toolchain/bin/../lib/gcc/arm-none-eabi/4.8.4/armv7e-m\libgcc.a(_arm_muldivsf3.o)
                              ./Generated_Code/PwmLdd1.o (__aeabi_fmul)
c:/freescale/kds_3.0.0/toolchain/bin/../lib/gcc/arm-none-eabi/4.8.4/armv7e-m\libgcc.a(_arm_cmpsf2.o)
                              ./Generated_Code/PwmLdd1.o (__aeabi_fcmpgt)
c:/freescale/kds_3.0.0/toolchain/bin/../lib/gcc/arm-none-eabi/4.8.4/armv7e-m\libgcc.a(_arm_fixunssfsi.o)
                              ./Generated_Code/PwmLdd1.o (__aeabi_f2uiz)
c:/freescale/kds_3.0.0/toolchain/bin/../lib/gcc/arm-none-eabi/4.8.4/../../../../arm-none-eabi/lib/armv7e-m\libg_s.a(lib_a-exit.o)
                              c:/freescale/kds_3.0.0/toolchain/bin/../lib/gcc/arm-none-eabi/4.8.4/../../../../arm-none-eabi/lib/armv7e-m/crt0.o (exit)
c:/freescale/kds_3.0.0/toolchain/bin/../lib/gcc/arm-none-eabi/4.8.4/../../../../arm-none-eabi/lib/armv7e-m\libg_s.a(lib_a-impure.o)
                              c:/freescale/kds_3.0.0/toolchain/bin/../lib/gcc/arm-none-eabi/4.8.4/../../../../arm-none-eabi/lib/armv7e-m\libg_s.a(lib_a-exit.o) (_global_impure_ptr)
c:/freescale/kds_3.0.0/toolchain/bin/../lib/gcc/arm-none-eabi/4.8.4/../../../../arm-none-eabi/lib/armv7e-m\libg_s.a(lib_a-init.o)
                              c:/freescale/kds_3.0.0/toolchain/bin/../lib/gcc/arm-none-eabi/4.8.4/../../../../arm-none-eabi/lib/armv7e-m/crt0.o (__libc_init_array)
c:/freescale/kds_3.0.0/toolchain/bin/../lib/gcc/arm-none-eabi/4.8.4/../../../../arm-none-eabi/lib/armv7e-m\libg_s.a(lib_a-memset.o)
                              c:/freescale/kds_3.0.0/toolchain/bin/../lib/gcc/arm-none-eabi/4.8.4/../../../../arm-none-eabi/lib/armv7e-m/crt0.o (memset)
c:/freescale/kds_3.0.0/toolchain/bin/../lib/gcc/arm-none-eabi/4.8.4/../../../../arm-none-eabi/lib/armv7e-m\libnosys.a(_exit.o)
                              c:/freescale/kds_3.0.0/toolchain/bin/../lib/gcc/arm-none-eabi/4.8.4/../../../../arm-none-eabi/lib/armv7e-m\libg_s.a(lib_a-exit.o) (_exit)

Allocating common symbols
Common symbol       size              file

ASerialLdd1_DeviceDataPtr
                    0x4               ./Generated_Code/Inhr1.o
ASerialLdd2_DeviceDataPtr
                    0x4               ./Generated_Code/Inhr2.o
IntI2cLdd1_DeviceDataPtr
                    0x4               ./Generated_Code/CI2C1.o
SR_reg              0x1               ./Generated_Code/Cpu.o
CI2C1_SndRcvTemp    0x2               ./Generated_Code/CI2C1.o

Discarded input sections

 .text          0x00000000        0x0 c:/freescale/kds_3.0.0/toolchain/bin/../lib/gcc/arm-none-eabi/4.8.4/armv7e-m/crti.o
 .data          0x00000000        0x0 c:/freescale/kds_3.0.0/toolchain/bin/../lib/gcc/arm-none-eabi/4.8.4/armv7e-m/crti.o
 .bss           0x00000000        0x0 c:/freescale/kds_3.0.0/toolchain/bin/../lib/gcc/arm-none-eabi/4.8.4/armv7e-m/crti.o
 .data          0x00000000        0x4 c:/freescale/kds_3.0.0/toolchain/bin/../lib/gcc/arm-none-eabi/4.8.4/armv7e-m/crtbegin.o
 .data          0x00000000        0x0 c:/freescale/kds_3.0.0/toolchain/bin/../lib/gcc/arm-none-eabi/4.8.4/../../../../arm-none-eabi/lib/armv7e-m/crt0.o
 .bss           0x00000000        0x0 c:/freescale/kds_3.0.0/toolchain/bin/../lib/gcc/arm-none-eabi/4.8.4/../../../../arm-none-eabi/lib/armv7e-m/crt0.o
 .ARM.extab     0x00000000        0x0 c:/freescale/kds_3.0.0/toolchain/bin/../lib/gcc/arm-none-eabi/4.8.4/../../../../arm-none-eabi/lib/armv7e-m/crt0.o
 .group         0x00000000        0x8 ./Sources/Events.o
 .group         0x00000000        0x8 ./Sources/Events.o
 .group         0x00000000        0x8 ./Sources/Events.o
 .group         0x00000000        0x8 ./Sources/Events.o
 .group         0x00000000        0x8 ./Sources/Events.o
 .group         0x00000000        0x8 ./Sources/Events.o
 .group         0x00000000        0x8 ./Sources/Events.o
 .group         0x00000000        0x8 ./Sources/Events.o
 .group         0x00000000        0x8 ./Sources/Events.o
 .group         0x00000000        0x8 ./Sources/Events.o
 .group         0x00000000        0x8 ./Sources/Events.o
 .group         0x00000000        0x8 ./Sources/Events.o
 .group         0x00000000        0x8 ./Sources/Events.o
 .group         0x00000000        0x8 ./Sources/Events.o
 .group         0x00000000        0x8 ./Sources/Events.o
 .group         0x00000000        0x8 ./Sources/Events.o
 .group         0x00000000        0x8 ./Sources/Events.o
 .group         0x00000000        0x8 ./Sources/Events.o
 .group         0x00000000        0x8 ./Sources/Events.o
 .group         0x00000000        0x8 ./Sources/Events.o
 .group         0x00000000        0x8 ./Sources/Events.o
 .group         0x00000000        0x8 ./Sources/Events.o
 .group         0x00000000        0x8 ./Sources/Events.o
[...]
Memory Configuration

Name             Origin             Length             Attributes
m_interrupts     0x00000000         0x000000f8         xr
m_text           0x00000410         0x0001fbf0         xr
m_data           0x1fffe000         0x00002000         rw
m_data_20000000  0x20000000         0x00002000         rw
m_cfmprotrom     0x00000400         0x00000010         xr
*default*        0x00000000         0xffffffff

Linker script and memory map

LOAD c:/freescale/kds_3.0.0/toolchain/bin/../lib/gcc/arm-none-eabi/4.8.4/armv7e-m/crti.o
LOAD c:/freescale/kds_3.0.0/toolchain/bin/../lib/gcc/arm-none-eabi/4.8.4/armv7e-m/crtbegin.o
LOAD c:/freescale/kds_3.0.0/toolchain/bin/../lib/gcc/arm-none-eabi/4.8.4/../../../../arm-none-eabi/lib/armv7e-m/crt0.o
LOAD ./Sources/Events.o
LOAD ./Sources/main.o
LOAD ./Project_Settings/Startup_Code/startup.o
LOAD ./Generated_Code/ASerialLdd1.o
LOAD ./Generated_Code/ASerialLdd2.o
LOAD ./Generated_Code/BLED.o
LOAD ./Generated_Code/CI2C1.o
LOAD ./Generated_Code/Cpu.o
LOAD ./Generated_Code/FC321.o
LOAD ./Generated_Code/GLED.o
LOAD ./Generated_Code/Inhr1.o
LOAD ./Generated_Code/Inhr2.o
LOAD ./Generated_Code/IntI2cLdd1.o
LOAD ./Generated_Code/PE_LDD.o
LOAD ./Generated_Code/PwmLdd1.o
LOAD ./Generated_Code/PwmLdd2.o
LOAD ./Generated_Code/PwmLdd3.o
LOAD ./Generated_Code/RLED.o
LOAD ./Generated_Code/RealTimeLdd1.o
LOAD ./Generated_Code/TU1.o
LOAD ./Generated_Code/TU2.o
LOAD ./Generated_Code/Term1.o
LOAD ./Generated_Code/Term2.o
LOAD ./Generated_Code/Vectors.o
LOAD c:/freescale/kds_3.0.0/toolchain/bin/../lib/gcc/arm-none-eabi/4.8.4/../../../../arm-none-eabi/lib/armv7e-m\libstdc++_s.a
LOAD c:/freescale/kds_3.0.0/toolchain/bin/../lib/gcc/arm-none-eabi/4.8.4/../../../../arm-none-eabi/lib/armv7e-m\libm.a
START GROUP
LOAD c:/freescale/kds_3.0.0/toolchain/bin/../lib/gcc/arm-none-eabi/4.8.4/armv7e-m\libgcc.a
LOAD c:/freescale/kds_3.0.0/toolchain/bin/../lib/gcc/arm-none-eabi/4.8.4/../../../../arm-none-eabi/lib/armv7e-m\libg_s.a
LOAD c:/freescale/kds_3.0.0/toolchain/bin/../lib/gcc/arm-none-eabi/4.8.4/../../../../arm-none-eabi/lib/armv7e-m\libc_s.a
END GROUP
START GROUP
LOAD c:/freescale/kds_3.0.0/toolchain/bin/../lib/gcc/arm-none-eabi/4.8.4/armv7e-m\libgcc.a
LOAD c:/freescale/kds_3.0.0/toolchain/bin/../lib/gcc/arm-none-eabi/4.8.4/../../../../arm-none-eabi/lib/armv7e-m\libc_s.a
LOAD c:/freescale/kds_3.0.0/toolchain/bin/../lib/gcc/arm-none-eabi/4.8.4/../../../../arm-none-eabi/lib/armv7e-m\libnosys.a
END GROUP
START GROUP
LOAD c:/freescale/kds_3.0.0/toolchain/bin/../lib/gcc/arm-none-eabi/4.8.4/armv7e-m\libgcc.a
LOAD c:/freescale/kds_3.0.0/toolchain/bin/../lib/gcc/arm-none-eabi/4.8.4/../../../../arm-none-eabi/lib/armv7e-m\libc_s.a
LOAD c:/freescale/kds_3.0.0/toolchain/bin/../lib/gcc/arm-none-eabi/4.8.4/../../../../arm-none-eabi/lib/armv7e-m\libnosys.a
END GROUP
LOAD c:/freescale/kds_3.0.0/toolchain/bin/../lib/gcc/arm-none-eabi/4.8.4/armv7e-m/crtend.o
LOAD c:/freescale/kds_3.0.0/toolchain/bin/../lib/gcc/arm-none-eabi/4.8.4/armv7e-m/crtn.o
                0x20000000                _estack = 0x20000000
                0x20000000                __SP_INIT = _estack
                0x20000000                __stack = _estack
                0x00000000                __heap_size = 0x0
                0x00000400                __stack_size = 0x400

.interrupts     0x00000000       0xf8
                0x00000000                __vector_table = .
                0x00000000                . = ALIGN (0x4)
 *(.vectortable)
 .vectortable   0x00000000       0xf8 ./Generated_Code/Vectors.o
                0x00000000                __vect_table
                0x000000f8                . = ALIGN (0x4)

.cfmprotect     0x00000400       0x10
                0x00000400                . = ALIGN (0x4)
 *(.cfmconfig)
 .cfmconfig     0x00000400       0x10 ./Generated_Code/Cpu.o
                0x00000400                _cfm
                0x00000410                . = ALIGN (0x4)

.text           0x00000410     0x2400
                0x00000410                . = ALIGN (0x4)
 *(.text)
 .text          0x00000410       0x54 c:/freescale/kds_3.0.0/toolchain/bin/../lib/gcc/arm-none-eabi/4.8.4/armv7e-m/crtbegin.o
 .text          0x00000464       0x74 c:/freescale/kds_3.0.0/toolchain/bin/../lib/gcc/arm-none-eabi/4.8.4/../../../../arm-none-eabi/lib/armv7e-m/crt0.o
                0x00000464                _start
                0x00000464                _mainCRTStartup
 *(.text*)
 .text.Cpu_OnNMIINT
                0x000004d8        0xc ./Sources/Events.o
                0x000004d8                Cpu_OnNMIINT
 .text.main     0x000004e4      0x154 ./Sources/main.o
                0x000004e4                main
 .text.__copy_rom_section
                0x00000638       0xe4 ./Project_Settings/Startup_Code/startup.o
                0x00000638                __copy_rom_section
 .text.__copy_rom_sections_to_ram
                0x0000071c       0x9c ./Project_Settings/Startup_Code/startup.o
                0x0000071c                __copy_rom_sections_to_ram
 .text.__init_registers
                0x000007b8        0xc ./Project_Settings/Startup_Code/startup.o
                0x000007b8                __init_registers
 .text.__init_user
                0x000007c4        0xc ./Project_Settings/Startup_Code/startup.o
                0x000007c4                __init_user
 .text.__thumb_startup
                0x000007d0       0x34 ./Project_Settings/Startup_Code/startup.o
                0x000007d0                __thumb_startup
 .text.ASerialLdd1_Init
                0x00000804      0x160 ./Generated_Code/ASerialLdd1.o
                0x00000804                ASerialLdd1_Init
 .text.ASerialLdd1_ReceiveBlock
                0x00000964       0x48 ./Generated_Code/ASerialLdd1.o
                0x00000964                ASerialLdd1_ReceiveBlock
 .text.ASerialLdd1_SendBlock
                0x000009ac       0x58 ./Generated_Code/ASerialLdd1.o
                0x000009ac                ASerialLdd1_SendBlock
 .text.InterruptRx
                0x00000a04       0x50 ./Generated_Code/ASerialLdd1.o
 .text.InterruptTx
                0x00000a54       0x60 ./Generated_Code/ASerialLdd1.o
 .text.ASerialLdd1_Main
                0x00000ab4       0xd8 ./Generated_Code/ASerialLdd1.o
                0x00000ab4                ASerialLdd1_Main
 .text.ASerialLdd2_Init
                0x00000b8c      0x160 ./Generated_Code/ASerialLdd2.o
                0x00000b8c                ASerialLdd2_Init
 .text.ASerialLdd2_ReceiveBlock
                0x00000cec       0x48 ./Generated_Code/ASerialLdd2.o
                0x00000cec                ASerialLdd2_ReceiveBlock
 .text.ASerialLdd2_SendBlock
                0x00000d34       0x58 ./Generated_Code/ASerialLdd2.o
                0x00000d34                ASerialLdd2_SendBlock
 .text.InterruptRx
                0x00000d8c       0x50 ./Generated_Code/ASerialLdd2.o
 .text.InterruptTx
                0x00000ddc       0x60 ./Generated_Code/ASerialLdd2.o
 .text.ASerialLdd2_Main
                0x00000e3c       0xd8 ./Generated_Code/ASerialLdd2.o
                0x00000e3c                ASerialLdd2_Main
 .text.CI2C1_SendChar
                0x00000f14       0x2c ./Generated_Code/CI2C1.o
                0x00000f14                CI2C1_SendChar
 .text.CI2C1_SendBlock
                0x00000f40      0x134 ./Generated_Code/CI2C1.o
                0x00000f40                CI2C1_SendBlock
 .text.CI2C1_RecvBlock
                0x00001074      0x12c ./Generated_Code/CI2C1.o
                0x00001074                CI2C1_RecvBlock
 .text.CI2C1_Init
                0x000011a0       0x18 ./Generated_Code/CI2C1.o
                0x000011a0                CI2C1_Init
 .text.Cpu_INT_NMIInterrupt
                0x000011b8       0x1c ./Generated_Code/Cpu.o
                0x000011b8                Cpu_INT_NMIInterrupt
 .text.Cpu_Interrupt
                0x000011d4       0x18 ./Generated_Code/Cpu.o
                0x000011d4                Cpu_Interrupt
 .text.__init_hardware
                0x000011ec      0x11c ./Generated_Code/Cpu.o
                0x000011ec                __init_hardware
 .text.Cpu_SetBASEPRI
                0x00001308       0x18 ./Generated_Code/Cpu.o
                0x00001308                Cpu_SetBASEPRI
 .text.PE_low_level_init
                0x00001320       0xcc ./Generated_Code/Cpu.o
                0x00001320                PE_low_level_init
 .text.HWEnDi   0x000013ec       0x1c ./Generated_Code/Inhr1.o
 .text.Inhr1_SendChar
                0x00001408       0x5c ./Generated_Code/Inhr1.o
                0x00001408                Inhr1_SendChar
 .text.Inhr1_Init
                0x00001464       0x24 ./Generated_Code/Inhr1.o
                0x00001464                Inhr1_Init
 .text.ASerialLdd1_OnBreak
                0x00001488       0x24 ./Generated_Code/Inhr1.o
                0x00001488                ASerialLdd1_OnBreak
 .text.HWEnDi   0x000014ac       0x1c ./Generated_Code/Inhr2.o
 .text.Inhr2_SendChar
                0x000014c8       0x5c ./Generated_Code/Inhr2.o
                0x000014c8                Inhr2_SendChar
 .text.Inhr2_Init
                0x00001524       0x24 ./Generated_Code/Inhr2.o
                0x00001524                Inhr2_Init
 .text.ASerialLdd2_OnBreak
                0x00001548       0x24 ./Generated_Code/Inhr2.o
                0x00001548                ASerialLdd2_OnBreak
 .text.IntI2cLdd1_Main
                0x0000156c      0x2d4 ./Generated_Code/IntI2cLdd1.o
                0x0000156c                IntI2cLdd1_Main
 .text.IntI2cLdd1_Init
                0x00001840      0x110 ./Generated_Code/IntI2cLdd1.o
                0x00001840                IntI2cLdd1_Init
 .text.IntI2cLdd1_MasterSendBlock
                0x00001950      0x14c ./Generated_Code/IntI2cLdd1.o
                0x00001950                IntI2cLdd1_MasterSendBlock
 .text.IntI2cLdd1_MasterGetBlockSentStatus
                0x00001a9c       0x30 ./Generated_Code/IntI2cLdd1.o
                0x00001a9c                IntI2cLdd1_MasterGetBlockSentStatus
 .text.IntI2cLdd1_MasterGetSentDataNum
                0x00001acc       0x18 ./Generated_Code/IntI2cLdd1.o
                0x00001acc                IntI2cLdd1_MasterGetSentDataNum
 .text.IntI2cLdd1_MasterReceiveBlock
                0x00001ae4      0x148 ./Generated_Code/IntI2cLdd1.o
                0x00001ae4                IntI2cLdd1_MasterReceiveBlock
 .text.IntI2cLdd1_MasterGetBlockReceivedStatus
                0x00001c2c       0x38 ./Generated_Code/IntI2cLdd1.o
                0x00001c2c                IntI2cLdd1_MasterGetBlockReceivedStatus
 .text.IntI2cLdd1_MasterGetReceivedDataNum
                0x00001c64       0x18 ./Generated_Code/IntI2cLdd1.o
                0x00001c64                IntI2cLdd1_MasterGetReceivedDataNum
 .text.IntI2cLdd1_GetError
                0x00001c7c       0x2c ./Generated_Code/IntI2cLdd1.o
                0x00001c7c                IntI2cLdd1_GetError
 .text.IntI2cLdd1_CheckBus
                0x00001ca8       0x3c ./Generated_Code/IntI2cLdd1.o
                0x00001ca8                IntI2cLdd1_CheckBus
 .text.PwmLdd1_Init
                0x00001ce4       0x58 ./Generated_Code/PwmLdd1.o
                0x00001ce4                PwmLdd1_Init
 .text.PwmLdd1_SetRatio16
                0x00001d3c       0x28 ./Generated_Code/PwmLdd1.o
                0x00001d3c                PwmLdd1_SetRatio16
 .text.SetRatio
                0x00001d64       0x54 ./Generated_Code/PwmLdd1.o
 .text.PwmLdd2_Init
                0x00001db8       0x58 ./Generated_Code/PwmLdd2.o
                0x00001db8                PwmLdd2_Init
 .text.PwmLdd2_SetRatio16
                0x00001e10       0x28 ./Generated_Code/PwmLdd2.o
                0x00001e10                PwmLdd2_SetRatio16
 .text.SetRatio
                0x00001e38       0x54 ./Generated_Code/PwmLdd2.o
 .text.PwmLdd3_Init
                0x00001e8c       0x58 ./Generated_Code/PwmLdd3.o
                0x00001e8c                PwmLdd3_Init
 .text.PwmLdd3_SetRatio16
                0x00001ee4       0x28 ./Generated_Code/PwmLdd3.o
                0x00001ee4                PwmLdd3_SetRatio16
 .text.SetRatio
                0x00001f0c       0x54 ./Generated_Code/PwmLdd3.o
 .text.RealTimeLdd1_Init
                0x00001f60       0x5c ./Generated_Code/RealTimeLdd1.o
                0x00001f60                RealTimeLdd1_Init
 .text.RealTimeLdd1_Reset
                0x00001fbc       0x74 ./Generated_Code/RealTimeLdd1.o
                0x00001fbc                RealTimeLdd1_Reset
 .text.TU2_OnCounterRestart
                0x00002030       0x34 ./Generated_Code/RealTimeLdd1.o
                0x00002030                TU2_OnCounterRestart
 .text.TU1_Init
                0x00002064      0x140 ./Generated_Code/TU1.o
                0x00002064                TU1_Init
 .text.TU1_GetPeriodTicks
                0x000021a4       0x30 ./Generated_Code/TU1.o
                0x000021a4                TU1_GetPeriodTicks
 .text.TU1_SetOffsetTicks
                0x000021d4       0x54 ./Generated_Code/TU1.o
                0x000021d4                TU1_SetOffsetTicks
 .text.TU2_Init
                0x00002228       0xd4 ./Generated_Code/TU2.o
                0x00002228                TU2_Init
 .text.TU2_ResetCounter
                0x000022fc       0x20 ./Generated_Code/TU2.o
                0x000022fc                TU2_ResetCounter
 .text.TU2_Interrupt
                0x0000231c       0x6c ./Generated_Code/TU2.o
                0x0000231c                TU2_Interrupt
 .text.SendESCPrefix
                0x00002388       0x24 ./Generated_Code/Term1.o
 .text.Term1_SendStr
                0x000023ac       0x34 ./Generated_Code/Term1.o
                0x000023ac                Term1_SendStr
 .text.LongToStr
                0x000023e0       0xf4 ./Generated_Code/Term1.o
 .text.Term1_SendNum
                0x000024d4       0x54 ./Generated_Code/Term1.o
                0x000024d4                Term1_SendNum
 .text.Term1_Cls
                0x00002528       0x28 ./Generated_Code/Term1.o
                0x00002528                Term1_Cls
 .text.Term1_MoveTo
                0x00002550       0x44 ./Generated_Code/Term1.o
                0x00002550                Term1_MoveTo
 .text.Term2_SendStr
                0x00002594       0x34 ./Generated_Code/Term2.o
                0x00002594                Term2_SendStr
 .text.LongToStr
                0x000025c8       0xf4 ./Generated_Code/Term2.o
 .text.Term2_SendNum
                0x000026bc       0x54 ./Generated_Code/Term2.o
                0x000026bc                Term2_SendNum
 .text.exit     0x00002710       0x28 c:/freescale/kds_3.0.0/toolchain/bin/../lib/gcc/arm-none-eabi/4.8.4/../../../../arm-none-eabi/lib/armv7e-m\libg_s.a(lib_a-exit.o)
                0x00002710                exit
 .text.__libc_init_array
                0x00002738       0x4c c:/freescale/kds_3.0.0/toolchain/bin/../lib/gcc/arm-none-eabi/4.8.4/../../../../arm-none-eabi/lib/armv7e-m\libg_s.a(lib_a-init.o)
                0x00002738                __libc_init_array
 .text.memset   0x00002784       0x10 c:/freescale/kds_3.0.0/toolchain/bin/../lib/gcc/arm-none-eabi/4.8.4/../../../../arm-none-eabi/lib/armv7e-m\libg_s.a(lib_a-memset.o)
                0x00002784                memset
 .text._exit    0x00002794        0x4 c:/freescale/kds_3.0.0/toolchain/bin/../lib/gcc/arm-none-eabi/4.8.4/../../../../arm-none-eabi/lib/armv7e-m\libnosys.a(_exit.o)
                0x00002794                _exit
 *(.rodata)
 .rodata        0x00002798       0x50 ./Sources/main.o
 *(.rodata*)
 .rodata.ChannelDevice
                0x000027e8        0x4 ./Generated_Code/TU1.o
 .rodata.ChannelMode
                0x000027ec        0x4 ./Generated_Code/TU1.o
 .rodata.str1.1
                0x000027f0        0x2 c:/freescale/kds_3.0.0/toolchain/bin/../lib/gcc/arm-none-eabi/4.8.4/../../../../arm-none-eabi/lib/armv7e-m\libg_s.a(lib_a-impure.o)
 *fill*         0x000027f2        0x2 
 .rodata._global_impure_ptr
                0x000027f4        0x4 c:/freescale/kds_3.0.0/toolchain/bin/../lib/gcc/arm-none-eabi/4.8.4/../../../../arm-none-eabi/lib/armv7e-m\libg_s.a(lib_a-impure.o)
                0x000027f4                _global_impure_ptr
 *(.glue_7)
 .glue_7        0x00000000        0x0 linker stubs
 *(.glue_7t)
 .glue_7t       0x00000000        0x0 linker stubs
 *(.eh_frame)
 .eh_frame      0x000027f8        0x0 c:/freescale/kds_3.0.0/toolchain/bin/../lib/gcc/arm-none-eabi/4.8.4/armv7e-m/crtbegin.o
 *(.init)
 .init          0x000027f8        0x4 c:/freescale/kds_3.0.0/toolchain/bin/../lib/gcc/arm-none-eabi/4.8.4/armv7e-m/crti.o
                0x000027f8                _init
 .init          0x000027fc        0x8 c:/freescale/kds_3.0.0/toolchain/bin/../lib/gcc/arm-none-eabi/4.8.4/armv7e-m/crtn.o
 *(.fini)
 .fini          0x00002804        0x4 c:/freescale/kds_3.0.0/toolchain/bin/../lib/gcc/arm-none-eabi/4.8.4/armv7e-m/crti.o
                0x00002804                _fini
 .fini          0x00002808        0x8 c:/freescale/kds_3.0.0/toolchain/bin/../lib/gcc/arm-none-eabi/4.8.4/armv7e-m/crtn.o
                0x00002810                . = ALIGN (0x4)
                0x00002810                _etext = .

.vfp11_veneer   0x00002810        0x0
 .vfp11_veneer  0x00000000        0x0 linker stubs

.v4_bx          0x00002810        0x0
 .v4_bx         0x00000000        0x0 linker stubs

.iplt           0x00002810        0x0
 .iplt          0x00000000        0x0 c:/freescale/kds_3.0.0/toolchain/bin/../lib/gcc/arm-none-eabi/4.8.4/armv7e-m/crtbegin.o

.ARM.extab
 *(.ARM.extab* .gnu.linkonce.armextab.*)

.ARM            0x00002810        0x8
                0x00002810                __exidx_start = .
 *(.ARM.exidx*)
 .ARM.exidx     0x00002810        0x8 c:/freescale/kds_3.0.0/toolchain/bin/../lib/gcc/arm-none-eabi/4.8.4/../../../../arm-none-eabi/lib/armv7e-m/crt0.o
                0x00002818                __exidx_end = .

.rel.dyn        0x00002818        0x0
 .rel.iplt      0x00000000        0x0 c:/freescale/kds_3.0.0/toolchain/bin/../lib/gcc/arm-none-eabi/4.8.4/armv7e-m/crtbegin.o

.ctors          0x00002818        0x0
                0x00002818                __CTOR_LIST__ = .
 *crtbegin.o(.ctors)
 *(EXCLUDE_FILE(*crtend.o) .ctors)
 *(SORT(.ctors.*))
 *(.ctors)
                0x00002818                __CTOR_END__ = .

.dtors          0x00002818        0x0
                0x00002818                __DTOR_LIST__ = .
 *crtbegin.o(.dtors)
 *(EXCLUDE_FILE(*crtend.o) .dtors)
 *(SORT(.dtors.*))
 *(.dtors)
                0x00002818                __DTOR_END__ = .

.preinit_array  0x00002818        0x0
                0x00002818                PROVIDE (__preinit_array_start, .)
 *(.preinit_array*)
                0x00002818                PROVIDE (__preinit_array_end, .)

.init_array     0x00002818        0x4
                0x00002818                PROVIDE (__init_array_start, .)
 *(SORT(.init_array.*))
 *(.init_array*)
 .init_array    0x00002818        0x4 c:/freescale/kds_3.0.0/toolchain/bin/../lib/gcc/arm-none-eabi/4.8.4/armv7e-m/crtbegin.o
                0x0000281c                PROVIDE (__init_array_end, .)

.fini_array     0x0000281c        0x4
                0x0000281c                PROVIDE (__fini_array_start, .)
 *(SORT(.fini_array.*))
 *(.fini_array*)
 .fini_array    0x0000281c        0x4 c:/freescale/kds_3.0.0/toolchain/bin/../lib/gcc/arm-none-eabi/4.8.4/armv7e-m/crtbegin.o
                0x00002820                PROVIDE (__fini_array_end, .)
                0x00002820                ___ROM_AT = .

.data           0x1fffe000       0x60 load address 0x00002820
                0x1fffe000                . = ALIGN (0x4)
                0x1fffe000                _sdata = .
 *(.data)
 *(.data*)
 .data.impure_data
                0x1fffe000       0x60 c:/freescale/kds_3.0.0/toolchain/bin/../lib/gcc/arm-none-eabi/4.8.4/../../../../arm-none-eabi/lib/armv7e-m\libg_s.a(lib_a-impure.o)
                0x1fffe060                . = ALIGN (0x4)
                0x1fffe060                _edata = .
                0x00000060                ___data_size = (_edata - _sdata)
                0x00002880                ___m_data_20000000_ROMStart = (___ROM_AT + SIZEOF (.data))

.jcr            0x1fffe060        0x0 load address 0x00002880
 .jcr           0x1fffe060        0x0 c:/freescale/kds_3.0.0/toolchain/bin/../lib/gcc/arm-none-eabi/4.8.4/armv7e-m/crtbegin.o

.igot.plt       0x1fffe060        0x0 load address 0x00002880
 .igot.plt      0x00000000        0x0 c:/freescale/kds_3.0.0/toolchain/bin/../lib/gcc/arm-none-eabi/4.8.4/armv7e-m/crtbegin.o

.m_data_20000000
                0x20000000        0x0 load address 0x00002880
                0x20000000                . = ALIGN (0x4)
                0x20000000                ___m_data_20000000_RAMStart = .
 *(.m_data_20000000)
                0x20000000                ___m_data_20000000_RAMEnd = .
                0x20000000                . = ALIGN (0x4)
                0x00000000                ___m_data_20000000_ROMSize = (___m_data_20000000_RAMEnd - ___m_data_20000000_RAMStart)
                0x20000000                . = ALIGN (0x4)

.bss            0x1fffe060      0x108 load address 0x00002880
                0x1fffe060                __START_BSS = .
                0x1fffe060                PROVIDE (__bss_start__, __START_BSS)
 *(.bss)
 .bss           0x1fffe060       0x1c c:/freescale/kds_3.0.0/toolchain/bin/../lib/gcc/arm-none-eabi/4.8.4/armv7e-m/crtbegin.o
 *(.bss*)
 .bss.DeviceDataPrv__DEFAULT_RTOS_ALLOC
                0x1fffe07c       0x20 ./Generated_Code/ASerialLdd1.o
 .bss.DeviceDataPrv__DEFAULT_RTOS_ALLOC
                0x1fffe09c       0x20 ./Generated_Code/ASerialLdd2.o
 .bss.ChrTemp   0x1fffe0bc        0x1 ./Generated_Code/CI2C1.o
 .bss.SR_lock   0x1fffe0bd        0x1 ./Generated_Code/Cpu.o
                0x1fffe0bd                SR_lock
 .bss.SerFlag   0x1fffe0be        0x2 ./Generated_Code/Inhr1.o
 .bss.BufferRead
                0x1fffe0c0        0x1 ./Generated_Code/Inhr1.o
 .bss.OutBuffer
                0x1fffe0c1        0x1 ./Generated_Code/Inhr1.o
 .bss.SerFlag   0x1fffe0c2        0x2 ./Generated_Code/Inhr2.o
 .bss.BufferRead
                0x1fffe0c4        0x1 ./Generated_Code/Inhr2.o
 .bss.OutBuffer
                0x1fffe0c5        0x1 ./Generated_Code/Inhr2.o
 *fill*         0x1fffe0c6        0x2 
 .bss.DeviceDataPrv__DEFAULT_RTOS_ALLOC
                0x1fffe0c8       0x1c ./Generated_Code/IntI2cLdd1.o
 .bss.PE_LDD_DeviceDataList
                0x1fffe0e4       0x24 ./Generated_Code/PE_LDD.o
                0x1fffe0e4                PE_LDD_DeviceDataList
 .bss.DeviceDataPrv__DEFAULT_RTOS_ALLOC
                0x1fffe108        0xc ./Generated_Code/PwmLdd1.o
 .bss.DeviceDataPrv__DEFAULT_RTOS_ALLOC
                0x1fffe114        0xc ./Generated_Code/PwmLdd2.o
 .bss.DeviceDataPrv__DEFAULT_RTOS_ALLOC
                0x1fffe120        0xc ./Generated_Code/PwmLdd3.o
 .bss.DeviceDataPrv__DEFAULT_RTOS_ALLOC
                0x1fffe12c       0x14 ./Generated_Code/RealTimeLdd1.o
 .bss.DeviceDataPrv__DEFAULT_RTOS_ALLOC
                0x1fffe140        0x8 ./Generated_Code/TU1.o
 .bss.DeviceDataPrv__DEFAULT_RTOS_ALLOC
                0x1fffe148        0xc ./Generated_Code/TU2.o
 .bss.INT_FTM1__DEFAULT_RTOS_ISRPARAM
                0x1fffe154        0x4 ./Generated_Code/TU2.o
 *(COMMON)
 COMMON         0x1fffe158        0x6 ./Generated_Code/CI2C1.o
                0x1fffe158                IntI2cLdd1_DeviceDataPtr
                0x1fffe15c                CI2C1_SndRcvTemp
 COMMON         0x1fffe15e        0x1 ./Generated_Code/Cpu.o
                0x1fffe15e                SR_reg
 *fill*         0x1fffe15f        0x1 
 COMMON         0x1fffe160        0x4 ./Generated_Code/Inhr1.o
                0x1fffe160                ASerialLdd1_DeviceDataPtr
 COMMON         0x1fffe164        0x4 ./Generated_Code/Inhr2.o
                0x1fffe164                ASerialLdd2_DeviceDataPtr
                0x1fffe168                . = ALIGN (0x4)
                0x1fffe168                __END_BSS = .
                0x1fffe168                PROVIDE (__bss_end__, __END_BSS)
                0x00002880                _romp_at = ((___ROM_AT + SIZEOF (.data)) + SIZEOF (.m_data_20000000))

.romp           0x1fffe168       0x24 load address 0x00002880
                0x00002880                __S_romp = _romp_at
                0x1fffe168        0x4 LONG 0x2820 ___ROM_AT
                0x1fffe16c        0x4 LONG 0x1fffe000 _sdata
                0x1fffe170        0x4 LONG 0x60 ___data_size
                0x1fffe174        0x4 LONG 0x2880 ___m_data_20000000_ROMStart
                0x1fffe178        0x4 LONG 0x20000000 ___m_data_20000000_RAMStart
                0x1fffe17c        0x4 LONG 0x0 ___m_data_20000000_ROMSize
                0x1fffe180        0x4 LONG 0x0
                0x1fffe184        0x4 LONG 0x0
                0x1fffe188        0x4 LONG 0x0

._user_heap_stack
                0x1fffe18c      0x400 load address 0x000028a4
                0x1fffe18c                . = ALIGN (0x4)
                0x1fffe18c                PROVIDE (end, .)
                0x1fffe18c                PROVIDE (_end, .)
                0x1fffe18c                __heap_addr = .
                0x1fffe18c                __HeapBase = .
                0x1fffe18c                . = (. + __heap_size)
                0x1fffe18c                __HeapLimit = .
                0x1fffe58c                . = (. + __stack_size)
 *fill*         0x1fffe18c      0x400 
                0x1fffe58c                . = ALIGN (0x4)

.ARM.attributes
                0x00000000       0x2a
 *(.ARM.attributes)
 .ARM.attributes
                0x00000000       0x1e c:/freescale/kds_3.0.0/toolchain/bin/../lib/gcc/arm-none-eabi/4.8.4/armv7e-m/crti.o
 .ARM.attributes
                0x0000001e       0x2e c:/freescale/kds_3.0.0/toolchain/bin/../lib/gcc/arm-none-eabi/4.8.4/armv7e-m/crtbegin.o
 .ARM.attributes
                0x0000004c       0x1c c:/freescale/kds_3.0.0/toolchain/bin/../lib/gcc/arm-none-eabi/4.8.4/../../../../arm-none-eabi/lib/armv7e-m/crt0.o
 .ARM.attributes
                0x00000068       0x33 ./Sources/Events.o
 .ARM.attributes
                0x0000009b       0x33 ./Sources/main.o
 .ARM.attributes
                0x000000ce       0x33 ./Project_Settings/Startup_Code/startup.o
 .ARM.attributes
                0x00000101       0x33 ./Generated_Code/ASerialLdd1.o
 .ARM.attributes
                0x00000134       0x33 ./Generated_Code/ASerialLdd2.o
 .ARM.attributes
                0x00000167       0x33 ./Generated_Code/CI2C1.o
 .ARM.attributes
                0x0000019a       0x33 ./Generated_Code/Cpu.o
 .ARM.attributes
                0x000001cd       0x33 ./Generated_Code/Inhr1.o
 .ARM.attributes
                0x00000200       0x33 ./Generated_Code/Inhr2.o
 .ARM.attributes
                0x00000233       0x33 ./Generated_Code/IntI2cLdd1.o
 .ARM.attributes
                0x00000266       0x33 ./Generated_Code/PE_LDD.o
 .ARM.attributes
                0x00000299       0x33 ./Generated_Code/PwmLdd1.o
 .ARM.attributes
                0x000002cc       0x33 ./Generated_Code/PwmLdd2.o
 .ARM.attributes
                0x000002ff       0x33 ./Generated_Code/PwmLdd3.o
 .ARM.attributes
                0x00000332       0x33 ./Generated_Code/RealTimeLdd1.o
 .ARM.attributes
                0x00000365       0x33 ./Generated_Code/TU1.o
 .ARM.attributes
                0x00000398       0x33 ./Generated_Code/TU2.o
 .ARM.attributes
                0x000003cb       0x33 ./Generated_Code/Term1.o
 .ARM.attributes
                0x000003fe       0x33 ./Generated_Code/Term2.o
 .ARM.attributes
                0x00000431       0x33 ./Generated_Code/Vectors.o
 .ARM.attributes
                0x00000464       0x2e c:/freescale/kds_3.0.0/toolchain/bin/../lib/gcc/arm-none-eabi/4.8.4/../../../../arm-none-eabi/lib/armv7e-m\libg_s.a(lib_a-exit.o)
 .ARM.attributes
                0x00000492       0x2e c:/freescale/kds_3.0.0/toolchain/bin/../lib/gcc/arm-none-eabi/4.8.4/../../../../arm-none-eabi/lib/armv7e-m\libg_s.a(lib_a-impure.o)
 .ARM.attributes
                0x000004c0       0x2e c:/freescale/kds_3.0.0/toolchain/bin/../lib/gcc/arm-none-eabi/4.8.4/../../../../arm-none-eabi/lib/armv7e-m\libg_s.a(lib_a-init.o)
 .ARM.attributes
                0x000004ee       0x2e c:/freescale/kds_3.0.0/toolchain/bin/../lib/gcc/arm-none-eabi/4.8.4/../../../../arm-none-eabi/lib/armv7e-m\libg_s.a(lib_a-memset.o)
 .ARM.attributes
                0x0000051c       0x2e c:/freescale/kds_3.0.0/toolchain/bin/../lib/gcc/arm-none-eabi/4.8.4/../../../../arm-none-eabi/lib/armv7e-m\libnosys.a(_exit.o)
 .ARM.attributes
                0x0000054a       0x1e c:/freescale/kds_3.0.0/toolchain/bin/../lib/gcc/arm-none-eabi/4.8.4/armv7e-m/crtn.o
OUTPUT(prac2.elf elf32-littlearm)

.debug_info     0x00000000     0x52d7
 .debug_info    0x00000000       0x96 ./Sources/Events.o
 .debug_info    0x00000096      0x151 ./Sources/main.o
 .debug_info    0x000001e7      0x20a ./Project_Settings/Startup_Code/startup.o
 .debug_info    0x000003f1      0x939 ./Generated_Code/ASerialLdd1.o
 .debug_info    0x00000d2a      0x939 ./Generated_Code/ASerialLdd2.o
 .debug_info    0x00001663      0x30b ./Generated_Code/CI2C1.o
 .debug_info    0x0000196e      0x9e9 ./Generated_Code/Cpu.o
 .debug_info    0x00002357      0x20b ./Generated_Code/Inhr1.o
 .debug_info    0x00002562      0x20b ./Generated_Code/Inhr2.o
 .debug_info    0x0000276d      0x8c1 ./Generated_Code/IntI2cLdd1.o
 .debug_info    0x0000302e      0x251 ./Generated_Code/PE_LDD.o
 .debug_info    0x0000327f      0x2d4 ./Generated_Code/PwmLdd1.o
 .debug_info    0x00003553      0x2d4 ./Generated_Code/PwmLdd2.o
 .debug_info    0x00003827      0x2d4 ./Generated_Code/PwmLdd3.o
 .debug_info    0x00003afb      0x36e ./Generated_Code/RealTimeLdd1.o
 .debug_info    0x00003e69      0x768 ./Generated_Code/TU1.o
 .debug_info    0x000045d1      0x684 ./Generated_Code/TU2.o
 .debug_info    0x00004c55      0x2ba ./Generated_Code/Term1.o
 .debug_info    0x00004f0f      0x2ba ./Generated_Code/Term2.o
 .debug_info    0x000051c9      0x10e ./Generated_Code/Vectors.o

.debug_abbrev   0x00000000     0x17b1
 .debug_abbrev  0x00000000       0x45 ./Sources/Events.o
 .debug_abbrev  0x00000045       0xbd ./Sources/main.o
 .debug_abbrev  0x00000102      0x11e ./Project_Settings/Startup_Code/startup.o
 .debug_abbrev  0x00000220      0x1c3 ./Generated_Code/ASerialLdd1.o
 .debug_abbrev  0x000003e3      0x1c3 ./Generated_Code/ASerialLdd2.o
 .debug_abbrev  0x000005a6      0x124 ./Generated_Code/CI2C1.o
 .debug_abbrev  0x000006ca      0x178 ./Generated_Code/Cpu.o
 .debug_abbrev  0x00000842      0x117 ./Generated_Code/Inhr1.o
 .debug_abbrev  0x00000959      0x117 ./Generated_Code/Inhr2.o
 .debug_abbrev  0x00000a70      0x182 ./Generated_Code/IntI2cLdd1.o
 .debug_abbrev  0x00000bf2      0x10d ./Generated_Code/PE_LDD.o
 .debug_abbrev  0x00000cff      0x122 ./Generated_Code/PwmLdd1.o
 .debug_abbrev  0x00000e21      0x122 ./Generated_Code/PwmLdd2.o
 .debug_abbrev  0x00000f43      0x122 ./Generated_Code/PwmLdd3.o
 .debug_abbrev  0x00001065      0x134 ./Generated_Code/RealTimeLdd1.o
 .debug_abbrev  0x00001199      0x198 ./Generated_Code/TU1.o
 .debug_abbrev  0x00001331      0x16a ./Generated_Code/TU2.o
 .debug_abbrev  0x0000149b      0x139 ./Generated_Code/Term1.o
 .debug_abbrev  0x000015d4      0x139 ./Generated_Code/Term2.o
 .debug_abbrev  0x0000170d       0xa4 ./Generated_Code/Vectors.o

.debug_aranges  0x00000000      0x550
 .debug_aranges
                0x00000000       0x20 ./Sources/Events.o
 .debug_aranges
                0x00000020       0x20 ./Sources/main.o
 .debug_aranges
                0x00000040       0x50 ./Project_Settings/Startup_Code/startup.o
 .debug_aranges
                0x00000090       0x58 ./Generated_Code/ASerialLdd1.o
 .debug_aranges
                0x000000e8       0x58 ./Generated_Code/ASerialLdd2.o
 .debug_aranges
                0x00000140       0x40 ./Generated_Code/CI2C1.o
 .debug_aranges
                0x00000180       0x40 ./Generated_Code/Cpu.o
 .debug_aranges
                0x000001c0       0x48 ./Generated_Code/Inhr1.o
 .debug_aranges
                0x00000208       0x48 ./Generated_Code/Inhr2.o
 .debug_aranges
                0x00000250       0x70 ./Generated_Code/IntI2cLdd1.o
 .debug_aranges
                0x000002c0       0x30 ./Generated_Code/PE_LDD.o
 .debug_aranges
                0x000002f0       0x40 ./Generated_Code/PwmLdd1.o
 .debug_aranges
                0x00000330       0x40 ./Generated_Code/PwmLdd2.o
 .debug_aranges
                0x00000370       0x40 ./Generated_Code/PwmLdd3.o
 .debug_aranges
                0x000003b0       0x40 ./Generated_Code/RealTimeLdd1.o
 .debug_aranges
                0x000003f0       0x48 ./Generated_Code/TU1.o
 .debug_aranges
                0x00000438       0x30 ./Generated_Code/TU2.o
 .debug_aranges
                0x00000468       0x68 ./Generated_Code/Term1.o
 .debug_aranges
                0x000004d0       0x68 ./Generated_Code/Term2.o
 .debug_aranges
                0x00000538       0x18 ./Generated_Code/Vectors.o

.debug_ranges   0x00000000      0x408
 .debug_ranges  0x00000000       0x10 ./Sources/Events.o
 .debug_ranges  0x00000010       0x10 ./Sources/main.o
 .debug_ranges  0x00000020       0x40 ./Project_Settings/Startup_Code/startup.o
 .debug_ranges  0x00000060       0x48 ./Generated_Code/ASerialLdd1.o
 .debug_ranges  0x000000a8       0x48 ./Generated_Code/ASerialLdd2.o
 .debug_ranges  0x000000f0       0x30 ./Generated_Code/CI2C1.o
 .debug_ranges  0x00000120       0x30 ./Generated_Code/Cpu.o
 .debug_ranges  0x00000150       0x38 ./Generated_Code/Inhr1.o
 .debug_ranges  0x00000188       0x38 ./Generated_Code/Inhr2.o
 .debug_ranges  0x000001c0       0x60 ./Generated_Code/IntI2cLdd1.o
 .debug_ranges  0x00000220       0x20 ./Generated_Code/PE_LDD.o
 .debug_ranges  0x00000240       0x30 ./Generated_Code/PwmLdd1.o
 .debug_ranges  0x00000270       0x30 ./Generated_Code/PwmLdd2.o
 .debug_ranges  0x000002a0       0x30 ./Generated_Code/PwmLdd3.o
 .debug_ranges  0x000002d0       0x30 ./Generated_Code/RealTimeLdd1.o
 .debug_ranges  0x00000300       0x38 ./Generated_Code/TU1.o
 .debug_ranges  0x00000338       0x20 ./Generated_Code/TU2.o
 .debug_ranges  0x00000358       0x58 ./Generated_Code/Term1.o
 .debug_ranges  0x000003b0       0x58 ./Generated_Code/Term2.o

.debug_macro    0x00000000    0x19e9f
 .debug_macro   0x00000000      0x1c5 ./Sources/Events.o
 .debug_macro   0x000001c5      0x84a ./Sources/Events.o
 .debug_macro   0x00000a0f       0x16 ./Sources/Events.o
 .debug_macro   0x00000a25       0x44 ./Sources/Events.o
 .debug_macro   0x00000a69      0x209 ./Sources/Events.o
 .debug_macro   0x00000c72     0x1695 ./Sources/Events.o
 .debug_macro   0x00002307      0x14e ./Sources/Events.o
 .debug_macro   0x00002455       0x6a ./Sources/Events.o
 .debug_macro   0x000024bf     0x9b9f ./Sources/Events.o
 .debug_macro   0x0000c05e       0x94 ./Sources/Events.o
 .debug_macro   0x0000c0f2       0x94 ./Sources/Events.o
 .debug_macro   0x0000c186      0x6a0 ./Sources/Events.o
 .debug_macro   0x0000c826       0x82 ./Sources/Events.o
 .debug_macro   0x0000c8a8       0x37 ./Sources/Events.o
 .debug_macro   0x0000c8df       0x25 ./Sources/Events.o
 .debug_macro   0x0000c904       0x3d ./Sources/Events.o
 .debug_macro   0x0000c941       0x25 ./Sources/Events.o
 .debug_macro   0x0000c966       0x3d ./Sources/Events.o
 .debug_macro   0x0000c9a3       0x25 ./Sources/Events.o
 .debug_macro   0x0000c9c8       0x5f ./Sources/Events.o
 .debug_macro   0x0000ca27       0x5e ./Sources/Events.o
 .debug_macro   0x0000ca85       0x11 ./Sources/Events.o
 .debug_macro   0x0000ca96       0x58 ./Sources/Events.o
 .debug_macro   0x0000caee       0x28 ./Sources/Events.o
 .debug_macro   0x0000cb16       0x18 ./Sources/Events.o
 .debug_macro   0x0000cb2e       0x5e ./Sources/Events.o
 .debug_macro   0x0000cb8c       0x11 ./Sources/Events.o
 .debug_macro   0x0000cb9d      0x1c5 ./Sources/main.o
 .debug_macro   0x0000cd62      0x121 ./Project_Settings/Startup_Code/startup.o
 .debug_macro   0x0000ce83       0x58 ./Project_Settings/Startup_Code/startup.o
 .debug_macro   0x0000cedb       0x35 ./Project_Settings/Startup_Code/startup.o
 .debug_macro   0x0000cf10       0xa3 ./Project_Settings/Startup_Code/startup.o
 .debug_macro   0x0000cfb3      0x166 ./Project_Settings/Startup_Code/startup.o
 .debug_macro   0x0000d119       0x4a ./Project_Settings/Startup_Code/startup.o
 .debug_macro   0x0000d163       0x52 ./Project_Settings/Startup_Code/startup.o
 .debug_macro   0x0000d1b5       0x16 ./Project_Settings/Startup_Code/startup.o
 .debug_macro   0x0000d1cb       0x43 ./Project_Settings/Startup_Code/startup.o
 .debug_macro   0x0000d20e      0x180 ./Project_Settings/Startup_Code/startup.o
 .debug_macro   0x0000d38e      0x2a6 ./Project_Settings/Startup_Code/startup.o
 .debug_macro   0x0000d634       0x10 ./Project_Settings/Startup_Code/startup.o
 .debug_macro   0x0000d644       0x35 ./Project_Settings/Startup_Code/startup.o
 .debug_macro   0x0000d679       0x16 ./Project_Settings/Startup_Code/startup.o
 .debug_macro   0x0000d68f       0x22 ./Project_Settings/Startup_Code/startup.o
 .debug_macro   0x0000d6b1       0x10 ./Project_Settings/Startup_Code/startup.o
 .debug_macro   0x0000d6c1      0x20f ./Project_Settings/Startup_Code/startup.o
 .debug_macro   0x0000d8d0     0x9b93 ./Project_Settings/Startup_Code/startup.o
 .debug_macro   0x00017463       0xc5 ./Generated_Code/ASerialLdd1.o
 .debug_macro   0x00017528       0x58 ./Generated_Code/ASerialLdd1.o
 .debug_macro   0x00017580       0x17 ./Generated_Code/ASerialLdd1.o
 .debug_macro   0x00017597      0x7ab ./Generated_Code/ASerialLdd1.o
 .debug_macro   0x00017d42      0x9b1 ./Generated_Code/ASerialLdd1.o
 .debug_macro   0x000186f3       0xc5 ./Generated_Code/ASerialLdd2.o
 .debug_macro   0x000187b8       0x58 ./Generated_Code/ASerialLdd2.o
 .debug_macro   0x00018810       0x17 ./Generated_Code/ASerialLdd2.o
 .debug_macro   0x00018827       0xa7 ./Generated_Code/CI2C1.o
 .debug_macro   0x000188ce       0x58 ./Generated_Code/CI2C1.o
 .debug_macro   0x00018926      0x1e9 ./Generated_Code/Cpu.o
 .debug_macro   0x00018b0f       0xdf ./Generated_Code/Inhr1.o
 .debug_macro   0x00018bee       0xdf ./Generated_Code/Inhr2.o
 .debug_macro   0x00018ccd       0xf0 ./Generated_Code/IntI2cLdd1.o
 .debug_macro   0x00018dbd      0x4e4 ./Generated_Code/IntI2cLdd1.o
 .debug_macro   0x000192a1      0x29c ./Generated_Code/IntI2cLdd1.o
 .debug_macro   0x0001953d      0x187 ./Generated_Code/PE_LDD.o
 .debug_macro   0x000196c4       0xbe ./Generated_Code/PwmLdd1.o
 .debug_macro   0x00019782       0xbe ./Generated_Code/PwmLdd2.o
 .debug_macro   0x00019840       0x37 ./Generated_Code/PwmLdd2.o
 .debug_macro   0x00019877       0xbe ./Generated_Code/PwmLdd3.o
 .debug_macro   0x00019935       0xb5 ./Generated_Code/RealTimeLdd1.o
 .debug_macro   0x000199ea       0xbc ./Generated_Code/TU1.o
 .debug_macro   0x00019aa6       0xbb ./Generated_Code/TU2.o
 .debug_macro   0x00019b61       0xad ./Generated_Code/Term1.o
 .debug_macro   0x00019c0e       0xad ./Generated_Code/Term2.o
 .debug_macro   0x00019cbb      0x1e4 ./Generated_Code/Vectors.o

.debug_line     0x00000000     0x4625
 .debug_line    0x00000000      0x39e ./Sources/Events.o
 .debug_line    0x0000039e      0x42b ./Sources/main.o
 .debug_line    0x000007c9      0x3ee ./Project_Settings/Startup_Code/startup.o
 .debug_line    0x00000bb7      0x37e ./Generated_Code/ASerialLdd1.o
 .debug_line    0x00000f35      0x37e ./Generated_Code/ASerialLdd2.o
 .debug_line    0x000012b3      0x2d5 ./Generated_Code/CI2C1.o
 .debug_line    0x00001588      0x571 ./Generated_Code/Cpu.o
 .debug_line    0x00001af9      0x29c ./Generated_Code/Inhr1.o
 .debug_line    0x00001d95      0x29c ./Generated_Code/Inhr2.o
 .debug_line    0x00002031      0x436 ./Generated_Code/IntI2cLdd1.o
 .debug_line    0x00002467      0x397 ./Generated_Code/PE_LDD.o
 .debug_line    0x000027fe      0x2f7 ./Generated_Code/PwmLdd1.o
 .debug_line    0x00002af5      0x2f7 ./Generated_Code/PwmLdd2.o
 .debug_line    0x00002dec      0x2f7 ./Generated_Code/PwmLdd3.o
 .debug_line    0x000030e3      0x333 ./Generated_Code/RealTimeLdd1.o
 .debug_line    0x00003416      0x331 ./Generated_Code/TU1.o
 .debug_line    0x00003747      0x2d7 ./Generated_Code/TU2.o
 .debug_line    0x00003a1e      0x38f ./Generated_Code/Term1.o
 .debug_line    0x00003dad      0x38f ./Generated_Code/Term2.o
 .debug_line    0x0000413c      0x4e9 ./Generated_Code/Vectors.o

.debug_str      0x00000000    0x61766
 .debug_str     0x00000000    0x491df ./Sources/Events.o
                              0x4932f (size before relaxing)
 .debug_str     0x000491df       0x5e ./Sources/main.o
                              0x49374 (size before relaxing)
 .debug_str     0x0004923d     0x25f1 ./Project_Settings/Startup_Code/startup.o
                              0x3a1e0 (size before relaxing)
 .debug_str     0x0004b82e     0xe6d5 ./Generated_Code/ASerialLdd1.o
                              0x4dc4e (size before relaxing)
 .debug_str     0x00059f03       0xd8 ./Generated_Code/ASerialLdd2.o
                              0x4dc4e (size before relaxing)
 .debug_str     0x00059fdb      0x17a ./Generated_Code/CI2C1.o
                              0x3f23f (size before relaxing)
 .debug_str     0x0005a155      0x293 ./Generated_Code/Cpu.o
                              0x496ec (size before relaxing)
 .debug_str     0x0005a3e8      0x17a ./Generated_Code/Inhr1.o
                              0x3f1cc (size before relaxing)
 .debug_str     0x0005a562       0x96 ./Generated_Code/Inhr2.o
                              0x3f1cc (size before relaxing)
 .debug_str     0x0005a5f8     0x6876 ./Generated_Code/IntI2cLdd1.o
                              0x460b3 (size before relaxing)
 .debug_str     0x00060e6e      0x17e ./Generated_Code/PE_LDD.o
                              0x494e4 (size before relaxing)
 .debug_str     0x00060fec       0xdd ./Generated_Code/PwmLdd1.o
                              0x48500 (size before relaxing)
 .debug_str     0x000610c9       0x82 ./Generated_Code/PwmLdd2.o
                              0x48500 (size before relaxing)
 .debug_str     0x0006114b       0x74 ./Generated_Code/PwmLdd3.o
                              0x48500 (size before relaxing)
 .debug_str     0x000611bf       0xed ./Generated_Code/RealTimeLdd1.o
                              0x48477 (size before relaxing)
 .debug_str     0x000612ac      0x269 ./Generated_Code/TU1.o
                              0x4864f (size before relaxing)
 .debug_str     0x00061515       0xe4 ./Generated_Code/TU2.o
                              0x485f2 (size before relaxing)
 .debug_str     0x000615f9       0xca ./Generated_Code/Term1.o
                              0x3f107 (size before relaxing)
 .debug_str     0x000616c3       0x87 ./Generated_Code/Term2.o
                              0x3f107 (size before relaxing)
 .debug_str     0x0006174a       0x1c ./Generated_Code/Vectors.o
                              0x49377 (size before relaxing)

.comment        0x00000000       0x70
 .comment       0x00000000       0x70 ./Sources/Events.o
                                 0x71 (size before relaxing)
 .comment       0x00000000       0x71 ./Sources/main.o
 .comment       0x00000000       0x71 ./Project_Settings/Startup_Code/startup.o
 .comment       0x00000000       0x71 ./Generated_Code/ASerialLdd1.o
 .comment       0x00000000       0x71 ./Generated_Code/ASerialLdd2.o
 .comment       0x00000000       0x71 ./Generated_Code/CI2C1.o
 .comment       0x00000000       0x71 ./Generated_Code/Cpu.o
 .comment       0x00000000       0x71 ./Generated_Code/Inhr1.o
 .comment       0x00000000       0x71 ./Generated_Code/Inhr2.o
 .comment       0x00000000       0x71 ./Generated_Code/IntI2cLdd1.o
 .comment       0x00000000       0x71 ./Generated_Code/PE_LDD.o
 .comment       0x00000000       0x71 ./Generated_Code/PwmLdd1.o
 .comment       0x00000000       0x71 ./Generated_Code/PwmLdd2.o
 .comment       0x00000000       0x71 ./Generated_Code/PwmLdd3.o
 .comment       0x00000000       0x71 ./Generated_Code/RealTimeLdd1.o
 .comment       0x00000000       0x71 ./Generated_Code/TU1.o
 .comment       0x00000000       0x71 ./Generated_Code/TU2.o
 .comment       0x00000000       0x71 ./Generated_Code/Term1.o
 .comment       0x00000000       0x71 ./Generated_Code/Term2.o
 .comment       0x00000000       0x71 ./Generated_Code/Vectors.o

.debug_frame    0x00000000      0xe84
 .debug_frame   0x00000000       0x28 ./Sources/Events.o
 .debug_frame   0x00000028       0x30 ./Sources/main.o
 .debug_frame   0x00000058       0xc0 ./Project_Settings/Startup_Code/startup.o
 .debug_frame   0x00000118      0x100 ./Generated_Code/ASerialLdd1.o
 .debug_frame   0x00000218      0x100 ./Generated_Code/ASerialLdd2.o
 .debug_frame   0x00000318       0xac ./Generated_Code/CI2C1.o
 .debug_frame   0x000003c4       0xa4 ./Generated_Code/Cpu.o
 .debug_frame   0x00000468       0xc0 ./Generated_Code/Inhr1.o
 .debug_frame   0x00000528       0xc0 ./Generated_Code/Inhr2.o
 .debug_frame   0x000005e8      0x148 ./Generated_Code/IntI2cLdd1.o
 .debug_frame   0x00000730       0x64 ./Generated_Code/PE_LDD.o
 .debug_frame   0x00000794       0xb0 ./Generated_Code/PwmLdd1.o
 .debug_frame   0x00000844       0xb0 ./Generated_Code/PwmLdd2.o
 .debug_frame   0x000008f4       0xb0 ./Generated_Code/PwmLdd3.o
 .debug_frame   0x000009a4       0xac ./Generated_Code/RealTimeLdd1.o
 .debug_frame   0x00000a50       0xbc ./Generated_Code/TU1.o
 .debug_frame   0x00000b0c       0x6c ./Generated_Code/TU2.o
 .debug_frame   0x00000b78      0x13c ./Generated_Code/Term1.o
 .debug_frame   0x00000cb4      0x13c ./Generated_Code/Term2.o
 .debug_frame   0x00000df0       0x28 c:/freescale/kds_3.0.0/toolchain/bin/../lib/gcc/arm-none-eabi/4.8.4/../../../../arm-none-eabi/lib/armv7e-m\libg_s.a(lib_a-exit.o)
 .debug_frame   0x00000e18       0x2c c:/freescale/kds_3.0.0/toolchain/bin/../lib/gcc/arm-none-eabi/4.8.4/../../../../arm-none-eabi/lib/armv7e-m\libg_s.a(lib_a-init.o)
 .debug_frame   0x00000e44       0x20 c:/freescale/kds_3.0.0/toolchain/bin/../lib/gcc/arm-none-eabi/4.8.4/../../../../arm-none-eabi/lib/armv7e-m\libg_s.a(lib_a-memset.o)
 .debug_frame   0x00000e64       0x20 c:/freescale/kds_3.0.0/toolchain/bin/../lib/gcc/arm-none-eabi/4.8.4/../../../../arm-none-eabi/lib/armv7e-m\libnosys.a(_exit.o)
