Archive member included because of file (symbol)

c:/freescale/kds_3.0.0/toolchain/bin/../lib/gcc/arm-none-eabi/4.8.4/armv7e-m\libgcc.a(_arm_addsubdf3.o)
                              ./Sources/main.o (__aeabi_i2d)
c:/freescale/kds_3.0.0/toolchain/bin/../lib/gcc/arm-none-eabi/4.8.4/armv7e-m\libgcc.a(_arm_muldivdf3.o)
                              ./Sources/main.o (__aeabi_dmul)
c:/freescale/kds_3.0.0/toolchain/bin/../lib/gcc/arm-none-eabi/4.8.4/armv7e-m\libgcc.a(_arm_fixdfsi.o)
                              ./Sources/main.o (__aeabi_d2iz)
c:/freescale/kds_3.0.0/toolchain/bin/../lib/gcc/arm-none-eabi/4.8.4/../../../../arm-none-eabi/lib/armv7e-m\libg_s.a(lib_a-exit.o)
                              c:/freescale/kds_3.0.0/toolchain/bin/../lib/gcc/arm-none-eabi/4.8.4/../../../../arm-none-eabi/lib/armv7e-m/crt0.o (exit)
c:/freescale/kds_3.0.0/toolchain/bin/../lib/gcc/arm-none-eabi/4.8.4/../../../../arm-none-eabi/lib/armv7e-m\libg_s.a(lib_a-impure.o)
                              c:/freescale/kds_3.0.0/toolchain/bin/../lib/gcc/arm-none-eabi/4.8.4/../../../../arm-none-eabi/lib/armv7e-m\libg_s.a(lib_a-exit.o) (_global_impure_ptr)
c:/freescale/kds_3.0.0/toolchain/bin/../lib/gcc/arm-none-eabi/4.8.4/../../../../arm-none-eabi/lib/armv7e-m\libg_s.a(lib_a-init.o)
                              c:/freescale/kds_3.0.0/toolchain/bin/../lib/gcc/arm-none-eabi/4.8.4/../../../../arm-none-eabi/lib/armv7e-m/crt0.o (__libc_init_array)
c:/freescale/kds_3.0.0/toolchain/bin/../lib/gcc/arm-none-eabi/4.8.4/../../../../arm-none-eabi/lib/armv7e-m\libg_s.a(lib_a-memset.o)
                              c:/freescale/kds_3.0.0/toolchain/bin/../lib/gcc/arm-none-eabi/4.8.4/../../../../arm-none-eabi/lib/armv7e-m/crt0.o (memset)
c:/freescale/kds_3.0.0/toolchain/bin/../lib/gcc/arm-none-eabi/4.8.4/../../../../arm-none-eabi/lib/armv7e-m\libnosys.a(_exit.o)
                              c:/freescale/kds_3.0.0/toolchain/bin/../lib/gcc/arm-none-eabi/4.8.4/../../../../arm-none-eabi/lib/armv7e-m\libg_s.a(lib_a-exit.o) (_exit)

Allocating common symbols
Common symbol       size              file

ASerialLdd1_DeviceDataPtr
                    0x4               ./Generated_Code/Inhr1.o
AD1_OutV            0x2               ./Generated_Code/AD1.o
AdcLdd1_DeviceDataPtr
                    0x4               ./Generated_Code/AD1.o
SR_reg              0x1               ./Generated_Code/Cpu.o

Discarded input sections

 .text          0x00000000        0x0 c:/freescale/kds_3.0.0/toolchain/bin/../lib/gcc/arm-none-eabi/4.8.4/armv7e-m/crti.o
 .data          0x00000000        0x0 c:/freescale/kds_3.0.0/toolchain/bin/../lib/gcc/arm-none-eabi/4.8.4/armv7e-m/crti.o
 .bss           0x00000000        0x0 c:/freescale/kds_3.0.0/toolchain/bin/../lib/gcc/arm-none-eabi/4.8.4/armv7e-m/crti.o
 .data          0x00000000        0x4 c:/freescale/kds_3.0.0/toolchain/bin/../lib/gcc/arm-none-eabi/4.8.4/armv7e-m/crtbegin.o
 .data          0x00000000        0x0 c:/freescale/kds_3.0.0/toolchain/bin/../lib/gcc/arm-none-eabi/4.8.4/../../../../arm-none-eabi/lib/armv7e-m/crt0.o
 .bss           0x00000000        0x0 c:/freescale/kds_3.0.0/toolchain/bin/../lib/gcc/arm-none-eabi/4.8.4/../../../../arm-none-eabi/lib/armv7e-m/crt0.o
 .ARM.extab     0x00000000        0x0 c:/freescale/kds_3.0.0/toolchain/bin/../lib/gcc/arm-none-eabi/4.8.4/../../../../arm-none-eabi/lib/armv7e-m/crt0.o
 .group         0x00000000        0x8 ./Sources/Events.o
 .group         0x00000000        0x8 ./Sources/Events.o
 .group         0x00000000        0x8 ./Sources/Events.o
 .group         0x00000000        0x8 ./Sources/Events.o
 .group         0x00000000        0x8 ./Sources/Events.o
 .group         0x00000000        0x8 ./Sources/Events.o
 .group         0x00000000        0x8 ./Sources/Events.o
 .group         0x00000000        0x8 ./Sources/Events.o
 .group         0x00000000        0x8 ./Sources/Events.o
 .group         0x00000000        0x8 ./Sources/Events.o
 .group         0x00000000        0x8 ./Sources/Events.o
 .group         0x00000000        0x8 ./Sources/Events.o
 .group         0x00000000        0x8 ./Sources/Events.o
 .group         0x00000000        0x8 ./Sources/Events.o
 .group         0x00000000        0x8 ./Sources/Events.o
 .text          0x00000000        0x0 ./Sources/Events.o
 .data          0x00000000        0x0 ./Sources/Events.o
 .bss           0x00000000        0x0 ./Sources/Events.o
 .group         0x00000000        0x8 ./Sources/main.o
 .group         0x00000000        0x8 ./Sources/main.o
 .group         0x00000000        0x8 ./Sources/main.o
 .group         0x00000000        0x8 ./Sources/main.o
 .group         0x00000000        0x8 ./Sources/main.o
 .group         0x00000000        0x8 ./Sources/main.o
 .group         0x00000000        0x8 ./Sources/main.o
 .group         0x00000000        0x8 ./Sources/main.o
 .group         0x00000000        0x8 ./Sources/main.o
 .group         0x00000000        0x8 ./Sources/main.o
 .group         0x00000000        0x8 ./Sources/main.o
 .group         0x00000000        0x8 ./Sources/main.o
 .group         0x00000000        0x8 ./Sources/main.o
 .group         0x00000000        0x8 ./Sources/main.o
 .group         0x00000000        0x8 ./Sources/main.o
 .text          0x00000000        0x0 ./Sources/main.o
 .data          0x00000000        0x0 ./Sources/main.o
 .bss           0x00000000        0x0 ./Sources/main.o
 .debug_macro   0x00000000      0x84a ./Sources/main.o
 .debug_macro   0x00000000       0x16 ./Sources/main.o
 .debug_macro   0x00000000       0x44 ./Sources/main.o
 .debug_macro   0x00000000      0x209 ./Sources/main.o
 .debug_macro   0x00000000     0x1664 ./Sources/main.o
 .debug_macro   0x00000000      0x14e ./Sources/main.o
 .debug_macro   0x00000000       0x6a ./Sources/main.o
 .debug_macro   0x00000000     0x9b9f ./Sources/main.o
 .debug_macro   0x00000000       0x94 ./Sources/main.o
 .debug_macro   0x00000000       0x5e ./Sources/main.o
 .debug_macro   0x00000000       0x11 ./Sources/main.o
 .debug_macro   0x00000000       0x94 ./Sources/main.o
 .debug_macro   0x00000000      0x616 ./Sources/main.o
 .debug_macro   0x00000000       0x7b ./Sources/main.o
 .debug_macro   0x00000000       0x10 ./Sources/main.o
 .group         0x00000000        0x8 ./Project_Settings/Startup_Code/startup.o
 .group         0x00000000        0x8 ./Project_Settings/Startup_Code/startup.o
 .group         0x00000000        0x8 ./Project_Settings/Startup_Code/startup.o
 .group         0x00000000        0x8 ./Project_Settings/Startup_Code/startup.o
 .group         0x00000000        0x8 ./Project_Settings/Startup_Code/startup.o
 .group         0x00000000        0x8 ./Project_Settings/Startup_Code/startup.o
 .group         0x00000000        0x8 ./Project_Settings/Startup_Code/startup.o
 .group         0x00000000        0x8 ./Project_Settings/Startup_Code/startup.o
 .group         0x00000000        0x8 ./Project_Settings/Startup_Code/startup.o
 .group         0x00000000        0x8 ./Project_Settings/Startup_Code/startup.o
 .group         0x00000000        0x8 ./Project_Settings/Startup_Code/startup.o
 .group         0x00000000        0x8 ./Project_Settings/Startup_Code/startup.o
 .group         0x00000000        0x8 ./Project_Settings/Startup_Code/startup.o
 .group         0x00000000        0x8 ./Project_Settings/Startup_Code/startup.o
 .group         0x00000000        0x8 ./Project_Settings/Startup_Code/startup.o
 .group         0x00000000        0x8 ./Project_Settings/Startup_Code/startup.o
 .group         0x00000000        0x8 ./Project_Settings/Startup_Code/startup.o
 .group         0x00000000        0x8 ./Project_Settings/Startup_Code/startup.o
 .group         0x00000000        0x8 ./Project_Settings/Startup_Code/startup.o
 .text          0x00000000        0x0 ./Project_Settings/Startup_Code/startup.o
 .data          0x00000000        0x0 ./Project_Settings/Startup_Code/startup.o
 .bss           0x00000000        0x0 ./Project_Settings/Startup_Code/startup.o
 .text.__init_hardware
                0x00000000        0xc ./Project_Settings/Startup_Code/startup.o
 .text.__iar_program_start
                0x00000000        0xc ./Project_Settings/Startup_Code/startup.o
 .debug_macro   0x00000000      0x84a ./Project_Settings/Startup_Code/startup.o
 .debug_macro   0x00000000       0x16 ./Project_Settings/Startup_Code/startup.o
 .group         0x00000000        0x8 ./Generated_Code/AD1.o
 .group         0x00000000        0x8 ./Generated_Code/AD1.o
 .group         0x00000000        0x8 ./Generated_Code/AD1.o
 .group         0x00000000        0x8 ./Generated_Code/AD1.o
 .group         0x00000000        0x8 ./Generated_Code/AD1.o
 .group         0x00000000        0x8 ./Generated_Code/AD1.o
 .group         0x00000000        0x8 ./Generated_Code/AD1.o
 .group         0x00000000        0x8 ./Generated_Code/AD1.o
 .group         0x00000000        0x8 ./Generated_Code/AD1.o
 .group         0x00000000        0x8 ./Generated_Code/AD1.o
 .group         0x00000000        0x8 ./Generated_Code/AD1.o
 .group         0x00000000        0x8 ./Generated_Code/AD1.o
 .group         0x00000000        0x8 ./Generated_Code/AD1.o
 .group         0x00000000        0x8 ./Generated_Code/AD1.o
 .group         0x00000000        0x8 ./Generated_Code/AD1.o
 .text          0x00000000        0x0 ./Generated_Code/AD1.o
 .data          0x00000000        0x0 ./Generated_Code/AD1.o
 .bss           0x00000000        0x0 ./Generated_Code/AD1.o
 .debug_macro   0x00000000      0x84a ./Generated_Code/AD1.o
 .debug_macro   0x00000000       0x16 ./Generated_Code/AD1.o
 .debug_macro   0x00000000       0x44 ./Generated_Code/AD1.o
 .debug_macro   0x00000000      0x209 ./Generated_Code/AD1.o
 .debug_macro   0x00000000     0x1664 ./Generated_Code/AD1.o
 .debug_macro   0x00000000      0x14e ./Generated_Code/AD1.o
 .debug_macro   0x00000000       0x6a ./Generated_Code/AD1.o
 .debug_macro   0x00000000     0x9b9f ./Generated_Code/AD1.o
 .debug_macro   0x00000000       0x5e ./Generated_Code/AD1.o
 .debug_macro   0x00000000       0x11 ./Generated_Code/AD1.o
 .debug_macro   0x00000000       0x94 ./Generated_Code/AD1.o
 .debug_macro   0x00000000      0x616 ./Generated_Code/AD1.o
 .debug_macro   0x00000000       0x7b ./Generated_Code/AD1.o
 .debug_macro   0x00000000       0x10 ./Generated_Code/AD1.o
 .group         0x00000000        0x8 ./Generated_Code/ASerialLdd1.o
 .group         0x00000000        0x8 ./Generated_Code/ASerialLdd1.o
 .group         0x00000000        0x8 ./Generated_Code/ASerialLdd1.o
 .group         0x00000000        0x8 ./Generated_Code/ASerialLdd1.o
 .group         0x00000000        0x8 ./Generated_Code/ASerialLdd1.o
 .group         0x00000000        0x8 ./Generated_Code/ASerialLdd1.o
 .group         0x00000000        0x8 ./Generated_Code/ASerialLdd1.o
 .group         0x00000000        0x8 ./Generated_Code/ASerialLdd1.o
 .group         0x00000000        0x8 ./Generated_Code/ASerialLdd1.o
 .group         0x00000000        0x8 ./Generated_Code/ASerialLdd1.o
 .group         0x00000000        0x8 ./Generated_Code/ASerialLdd1.o
 .group         0x00000000        0x8 ./Generated_Code/ASerialLdd1.o
 .group         0x00000000        0x8 ./Generated_Code/ASerialLdd1.o
 .group         0x00000000        0x8 ./Generated_Code/ASerialLdd1.o
 .text          0x00000000        0x0 ./Generated_Code/ASerialLdd1.o
 .data          0x00000000        0x0 ./Generated_Code/ASerialLdd1.o
 .bss           0x00000000        0x0 ./Generated_Code/ASerialLdd1.o
 .text.ASerialLdd1_GetReceivedDataNum
                0x00000000       0x1c ./Generated_Code/ASerialLdd1.o
 .text.ASerialLdd1_GetError
                0x00000000       0x2c ./Generated_Code/ASerialLdd1.o
 .debug_macro   0x00000000      0x84a ./Generated_Code/ASerialLdd1.o
 .debug_macro   0x00000000       0x16 ./Generated_Code/ASerialLdd1.o
 .debug_macro   0x00000000       0x44 ./Generated_Code/ASerialLdd1.o
 .debug_macro   0x00000000      0x209 ./Generated_Code/ASerialLdd1.o
 .debug_macro   0x00000000     0x1664 ./Generated_Code/ASerialLdd1.o
 .debug_macro   0x00000000      0x14e ./Generated_Code/ASerialLdd1.o
 .debug_macro   0x00000000       0x6a ./Generated_Code/ASerialLdd1.o
 .debug_macro   0x00000000     0x9b9f ./Generated_Code/ASerialLdd1.o
 .debug_macro   0x00000000       0x94 ./Generated_Code/ASerialLdd1.o
 .debug_macro   0x00000000       0x94 ./Generated_Code/ASerialLdd1.o
 .group         0x00000000        0x8 ./Generated_Code/AdcLdd1.o
 .group         0x00000000        0x8 ./Generated_Code/AdcLdd1.o
 .group         0x00000000        0x8 ./Generated_Code/AdcLdd1.o
 .group         0x00000000        0x8 ./Generated_Code/AdcLdd1.o
 .group         0x00000000        0x8 ./Generated_Code/AdcLdd1.o
 .group         0x00000000        0x8 ./Generated_Code/AdcLdd1.o
 .group         0x00000000        0x8 ./Generated_Code/AdcLdd1.o
 .group         0x00000000        0x8 ./Generated_Code/AdcLdd1.o
 .group         0x00000000        0x8 ./Generated_Code/AdcLdd1.o
 .group         0x00000000        0x8 ./Generated_Code/AdcLdd1.o
 .group         0x00000000        0x8 ./Generated_Code/AdcLdd1.o
 .group         0x00000000        0x8 ./Generated_Code/AdcLdd1.o
 .group         0x00000000        0x8 ./Generated_Code/AdcLdd1.o
 .text          0x00000000        0x0 ./Generated_Code/AdcLdd1.o
 .data          0x00000000        0x0 ./Generated_Code/AdcLdd1.o
 .bss           0x00000000        0x0 ./Generated_Code/AdcLdd1.o
 .rodata.ChannelToPin
                0x00000000        0x4 ./Generated_Code/AdcLdd1.o
 .text.AdcLdd1_CancelMeasurement
                0x00000000       0x2c ./Generated_Code/AdcLdd1.o
 .debug_macro   0x00000000      0x84a ./Generated_Code/AdcLdd1.o
 .debug_macro   0x00000000       0x16 ./Generated_Code/AdcLdd1.o
 .debug_macro   0x00000000       0x44 ./Generated_Code/AdcLdd1.o
 .debug_macro   0x00000000      0x209 ./Generated_Code/AdcLdd1.o
 .debug_macro   0x00000000     0x1664 ./Generated_Code/AdcLdd1.o
 .debug_macro   0x00000000      0x14e ./Generated_Code/AdcLdd1.o
 .debug_macro   0x00000000       0x6a ./Generated_Code/AdcLdd1.o
 .debug_macro   0x00000000     0x9b9f ./Generated_Code/AdcLdd1.o
 .debug_macro   0x00000000       0x9a ./Generated_Code/AdcLdd1.o
 .debug_macro   0x00000000       0x94 ./Generated_Code/AdcLdd1.o
 .debug_macro   0x00000000      0x616 ./Generated_Code/AdcLdd1.o
 .debug_macro   0x00000000       0x7b ./Generated_Code/AdcLdd1.o
 .debug_macro   0x00000000       0x10 ./Generated_Code/AdcLdd1.o
 .group         0x00000000        0x8 ./Generated_Code/Cpu.o
 .group         0x00000000        0x8 ./Generated_Code/Cpu.o
 .group         0x00000000        0x8 ./Generated_Code/Cpu.o
 .group         0x00000000        0x8 ./Generated_Code/Cpu.o
 .group         0x00000000        0x8 ./Generated_Code/Cpu.o
 .group         0x00000000        0x8 ./Generated_Code/Cpu.o
 .group         0x00000000        0x8 ./Generated_Code/Cpu.o
 .group         0x00000000        0x8 ./Generated_Code/Cpu.o
 .group         0x00000000        0x8 ./Generated_Code/Cpu.o
 .group         0x00000000        0x8 ./Generated_Code/Cpu.o
 .group         0x00000000        0x8 ./Generated_Code/Cpu.o
 .group         0x00000000        0x8 ./Generated_Code/Cpu.o
 .group         0x00000000        0x8 ./Generated_Code/Cpu.o
 .group         0x00000000        0x8 ./Generated_Code/Cpu.o
 .group         0x00000000        0x8 ./Generated_Code/Cpu.o
 .text          0x00000000        0x0 ./Generated_Code/Cpu.o
 .data          0x00000000        0x0 ./Generated_Code/Cpu.o
 .bss           0x00000000        0x0 ./Generated_Code/Cpu.o
 .debug_macro   0x00000000      0x84a ./Generated_Code/Cpu.o
 .debug_macro   0x00000000       0x16 ./Generated_Code/Cpu.o
 .debug_macro   0x00000000       0x44 ./Generated_Code/Cpu.o
 .debug_macro   0x00000000      0x209 ./Generated_Code/Cpu.o
 .debug_macro   0x00000000     0x1664 ./Generated_Code/Cpu.o
 .debug_macro   0x00000000      0x14e ./Generated_Code/Cpu.o
 .debug_macro   0x00000000       0x6a ./Generated_Code/Cpu.o
 .debug_macro   0x00000000     0x9b9f ./Generated_Code/Cpu.o
 .debug_macro   0x00000000       0x9a ./Generated_Code/Cpu.o
 .debug_macro   0x00000000       0x5e ./Generated_Code/Cpu.o
 .debug_macro   0x00000000       0x11 ./Generated_Code/Cpu.o
 .debug_macro   0x00000000       0x94 ./Generated_Code/Cpu.o
 .debug_macro   0x00000000      0x616 ./Generated_Code/Cpu.o
 .debug_macro   0x00000000       0x7b ./Generated_Code/Cpu.o
 .debug_macro   0x00000000       0x10 ./Generated_Code/Cpu.o
 .group         0x00000000        0x8 ./Generated_Code/Inhr1.o
 .group         0x00000000        0x8 ./Generated_Code/Inhr1.o
 .group         0x00000000        0x8 ./Generated_Code/Inhr1.o
 .group         0x00000000        0x8 ./Generated_Code/Inhr1.o
 .group         0x00000000        0x8 ./Generated_Code/Inhr1.o
 .group         0x00000000        0x8 ./Generated_Code/Inhr1.o
 .group         0x00000000        0x8 ./Generated_Code/Inhr1.o
 .group         0x00000000        0x8 ./Generated_Code/Inhr1.o
 .group         0x00000000        0x8 ./Generated_Code/Inhr1.o
 .group         0x00000000        0x8 ./Generated_Code/Inhr1.o
 .group         0x00000000        0x8 ./Generated_Code/Inhr1.o
 .text          0x00000000        0x0 ./Generated_Code/Inhr1.o
 .data          0x00000000        0x0 ./Generated_Code/Inhr1.o
 .bss           0x00000000        0x0 ./Generated_Code/Inhr1.o
 .text.Inhr1_RecvChar
                0x00000000       0x80 ./Generated_Code/Inhr1.o
 .text.Inhr1_GetCharsInRxBuf
                0x00000000       0x24 ./Generated_Code/Inhr1.o
 .debug_macro   0x00000000      0x84a ./Generated_Code/Inhr1.o
 .debug_macro   0x00000000       0x16 ./Generated_Code/Inhr1.o
 .debug_macro   0x00000000       0x44 ./Generated_Code/Inhr1.o
 .debug_macro   0x00000000      0x209 ./Generated_Code/Inhr1.o
 .debug_macro   0x00000000     0x1664 ./Generated_Code/Inhr1.o
 .debug_macro   0x00000000      0x14e ./Generated_Code/Inhr1.o
 .debug_macro   0x00000000       0x6a ./Generated_Code/Inhr1.o
 .debug_macro   0x00000000     0x9b9f ./Generated_Code/Inhr1.o
 .debug_macro   0x00000000       0x94 ./Generated_Code/Inhr1.o
 .debug_macro   0x00000000       0x58 ./Generated_Code/Inhr1.o
 .debug_macro   0x00000000       0x11 ./Generated_Code/Inhr1.o
 .group         0x00000000        0x8 ./Generated_Code/PE_LDD.o
 .group         0x00000000        0x8 ./Generated_Code/PE_LDD.o
 .group         0x00000000        0x8 ./Generated_Code/PE_LDD.o
 .group         0x00000000        0x8 ./Generated_Code/PE_LDD.o
 .group         0x00000000        0x8 ./Generated_Code/PE_LDD.o
 .group         0x00000000        0x8 ./Generated_Code/PE_LDD.o
 .group         0x00000000        0x8 ./Generated_Code/PE_LDD.o
 .group         0x00000000        0x8 ./Generated_Code/PE_LDD.o
 .group         0x00000000        0x8 ./Generated_Code/PE_LDD.o
 .group         0x00000000        0x8 ./Generated_Code/PE_LDD.o
 .group         0x00000000        0x8 ./Generated_Code/PE_LDD.o
 .group         0x00000000        0x8 ./Generated_Code/PE_LDD.o
 .group         0x00000000        0x8 ./Generated_Code/PE_LDD.o
 .group         0x00000000        0x8 ./Generated_Code/PE_LDD.o
 .group         0x00000000        0x8 ./Generated_Code/PE_LDD.o
 .text          0x00000000        0x0 ./Generated_Code/PE_LDD.o
 .data          0x00000000        0x0 ./Generated_Code/PE_LDD.o
 .bss           0x00000000        0x0 ./Generated_Code/PE_LDD.o
 .rodata.PE_CpuClockConfigurations
                0x00000000       0x28 ./Generated_Code/PE_LDD.o
 .text.PE_FillMemory
                0x00000000       0x24 ./Generated_Code/PE_LDD.o
 .text.PE_PeripheralUsed
                0x00000000       0x38 ./Generated_Code/PE_LDD.o
 .text.LDD_SetClockConfiguration
                0x00000000       0x14 ./Generated_Code/PE_LDD.o
 .debug_macro   0x00000000      0x84a ./Generated_Code/PE_LDD.o
 .debug_macro   0x00000000       0x16 ./Generated_Code/PE_LDD.o
 .debug_macro   0x00000000       0x44 ./Generated_Code/PE_LDD.o
 .debug_macro   0x00000000      0x209 ./Generated_Code/PE_LDD.o
 .debug_macro   0x00000000     0x1664 ./Generated_Code/PE_LDD.o
 .debug_macro   0x00000000      0x14e ./Generated_Code/PE_LDD.o
 .debug_macro   0x00000000       0x6a ./Generated_Code/PE_LDD.o
 .debug_macro   0x00000000     0x9b9f ./Generated_Code/PE_LDD.o
 .debug_macro   0x00000000       0x9a ./Generated_Code/PE_LDD.o
 .debug_macro   0x00000000       0x5e ./Generated_Code/PE_LDD.o
 .debug_macro   0x00000000       0x11 ./Generated_Code/PE_LDD.o
 .debug_macro   0x00000000       0x94 ./Generated_Code/PE_LDD.o
 .debug_macro   0x00000000      0x616 ./Generated_Code/PE_LDD.o
 .debug_macro   0x00000000       0x7b ./Generated_Code/PE_LDD.o
 .debug_macro   0x00000000       0x10 ./Generated_Code/PE_LDD.o
 .group         0x00000000        0x8 ./Generated_Code/Term1.o
 .group         0x00000000        0x8 ./Generated_Code/Term1.o
 .group         0x00000000        0x8 ./Generated_Code/Term1.o
 .group         0x00000000        0x8 ./Generated_Code/Term1.o
 .group         0x00000000        0x8 ./Generated_Code/Term1.o
 .group         0x00000000        0x8 ./Generated_Code/Term1.o
 .group         0x00000000        0x8 ./Generated_Code/Term1.o
 .group         0x00000000        0x8 ./Generated_Code/Term1.o
 .group         0x00000000        0x8 ./Generated_Code/Term1.o
 .group         0x00000000        0x8 ./Generated_Code/Term1.o
 .group         0x00000000        0x8 ./Generated_Code/Term1.o
 .text          0x00000000        0x0 ./Generated_Code/Term1.o
 .data          0x00000000        0x0 ./Generated_Code/Term1.o
 .bss           0x00000000        0x0 ./Generated_Code/Term1.o
 .text.Term1_SendChar
                0x00000000       0x20 ./Generated_Code/Term1.o
 .text.SendESCPrefix
                0x00000000       0x24 ./Generated_Code/Term1.o
 .text.Term1_ReadChar
                0x00000000       0x1c ./Generated_Code/Term1.o
 .text.Term1_KeyPressed
                0x00000000       0x1c ./Generated_Code/Term1.o
 .text.Term1_CRLF
                0x00000000       0x24 ./Generated_Code/Term1.o
 .text.Term1_Cls
                0x00000000       0x28 ./Generated_Code/Term1.o
 .text.Term1_MoveTo
                0x00000000       0x44 ./Generated_Code/Term1.o
 .debug_macro   0x00000000      0x84a ./Generated_Code/Term1.o
 .debug_macro   0x00000000       0x16 ./Generated_Code/Term1.o
 .debug_macro   0x00000000       0x44 ./Generated_Code/Term1.o
 .debug_macro   0x00000000      0x209 ./Generated_Code/Term1.o
 .debug_macro   0x00000000     0x1664 ./Generated_Code/Term1.o
 .debug_macro   0x00000000      0x14e ./Generated_Code/Term1.o
 .debug_macro   0x00000000       0x6a ./Generated_Code/Term1.o
 .debug_macro   0x00000000     0x9b9f ./Generated_Code/Term1.o
 .debug_macro   0x00000000       0x9a ./Generated_Code/Term1.o
 .debug_macro   0x00000000       0x5e ./Generated_Code/Term1.o
 .debug_macro   0x00000000       0x11 ./Generated_Code/Term1.o
 .group         0x00000000        0x8 ./Generated_Code/Vectors.o
 .group         0x00000000        0x8 ./Generated_Code/Vectors.o
 .group         0x00000000        0x8 ./Generated_Code/Vectors.o
 .group         0x00000000        0x8 ./Generated_Code/Vectors.o
 .group         0x00000000        0x8 ./Generated_Code/Vectors.o
 .group         0x00000000        0x8 ./Generated_Code/Vectors.o
 .group         0x00000000        0x8 ./Generated_Code/Vectors.o
 .group         0x00000000        0x8 ./Generated_Code/Vectors.o
 .group         0x00000000        0x8 ./Generated_Code/Vectors.o
 .group         0x00000000        0x8 ./Generated_Code/Vectors.o
 .group         0x00000000        0x8 ./Generated_Code/Vectors.o
 .group         0x00000000        0x8 ./Generated_Code/Vectors.o
 .group         0x00000000        0x8 ./Generated_Code/Vectors.o
 .group         0x00000000        0x8 ./Generated_Code/Vectors.o
 .group         0x00000000        0x8 ./Generated_Code/Vectors.o
 .text          0x00000000        0x0 ./Generated_Code/Vectors.o
 .data          0x00000000        0x0 ./Generated_Code/Vectors.o
 .bss           0x00000000        0x0 ./Generated_Code/Vectors.o
 .debug_macro   0x00000000      0x84a ./Generated_Code/Vectors.o
 .debug_macro   0x00000000       0x16 ./Generated_Code/Vectors.o
 .debug_macro   0x00000000       0x44 ./Generated_Code/Vectors.o
 .debug_macro   0x00000000      0x209 ./Generated_Code/Vectors.o
 .debug_macro   0x00000000     0x1664 ./Generated_Code/Vectors.o
 .debug_macro   0x00000000      0x14e ./Generated_Code/Vectors.o
 .debug_macro   0x00000000       0x6a ./Generated_Code/Vectors.o
 .debug_macro   0x00000000     0x9b9f ./Generated_Code/Vectors.o
 .debug_macro   0x00000000       0x94 ./Generated_Code/Vectors.o
 .debug_macro   0x00000000       0x5e ./Generated_Code/Vectors.o
 .debug_macro   0x00000000       0x11 ./Generated_Code/Vectors.o
 .debug_macro   0x00000000       0x94 ./Generated_Code/Vectors.o
 .debug_macro   0x00000000      0x616 ./Generated_Code/Vectors.o
 .debug_macro   0x00000000       0x7b ./Generated_Code/Vectors.o
 .debug_macro   0x00000000       0x10 ./Generated_Code/Vectors.o
 .data          0x00000000        0x0 c:/freescale/kds_3.0.0/toolchain/bin/../lib/gcc/arm-none-eabi/4.8.4/armv7e-m\libgcc.a(_arm_addsubdf3.o)
 .bss           0x00000000        0x0 c:/freescale/kds_3.0.0/toolchain/bin/../lib/gcc/arm-none-eabi/4.8.4/armv7e-m\libgcc.a(_arm_addsubdf3.o)
 .data          0x00000000        0x0 c:/freescale/kds_3.0.0/toolchain/bin/../lib/gcc/arm-none-eabi/4.8.4/armv7e-m\libgcc.a(_arm_muldivdf3.o)
 .bss           0x00000000        0x0 c:/freescale/kds_3.0.0/toolchain/bin/../lib/gcc/arm-none-eabi/4.8.4/armv7e-m\libgcc.a(_arm_muldivdf3.o)
 .data          0x00000000        0x0 c:/freescale/kds_3.0.0/toolchain/bin/../lib/gcc/arm-none-eabi/4.8.4/armv7e-m\libgcc.a(_arm_fixdfsi.o)
 .bss           0x00000000        0x0 c:/freescale/kds_3.0.0/toolchain/bin/../lib/gcc/arm-none-eabi/4.8.4/armv7e-m\libgcc.a(_arm_fixdfsi.o)
 .text          0x00000000        0x0 c:/freescale/kds_3.0.0/toolchain/bin/../lib/gcc/arm-none-eabi/4.8.4/../../../../arm-none-eabi/lib/armv7e-m\libg_s.a(lib_a-exit.o)
 .data          0x00000000        0x0 c:/freescale/kds_3.0.0/toolchain/bin/../lib/gcc/arm-none-eabi/4.8.4/../../../../arm-none-eabi/lib/armv7e-m\libg_s.a(lib_a-exit.o)
 .bss           0x00000000        0x0 c:/freescale/kds_3.0.0/toolchain/bin/../lib/gcc/arm-none-eabi/4.8.4/../../../../arm-none-eabi/lib/armv7e-m\libg_s.a(lib_a-exit.o)
 .text          0x00000000        0x0 c:/freescale/kds_3.0.0/toolchain/bin/../lib/gcc/arm-none-eabi/4.8.4/../../../../arm-none-eabi/lib/armv7e-m\libg_s.a(lib_a-impure.o)
 .data          0x00000000        0x0 c:/freescale/kds_3.0.0/toolchain/bin/../lib/gcc/arm-none-eabi/4.8.4/../../../../arm-none-eabi/lib/armv7e-m\libg_s.a(lib_a-impure.o)
 .bss           0x00000000        0x0 c:/freescale/kds_3.0.0/toolchain/bin/../lib/gcc/arm-none-eabi/4.8.4/../../../../arm-none-eabi/lib/armv7e-m\libg_s.a(lib_a-impure.o)
 .data._impure_ptr
                0x00000000        0x4 c:/freescale/kds_3.0.0/toolchain/bin/../lib/gcc/arm-none-eabi/4.8.4/../../../../arm-none-eabi/lib/armv7e-m\libg_s.a(lib_a-impure.o)
 .text          0x00000000        0x0 c:/freescale/kds_3.0.0/toolchain/bin/../lib/gcc/arm-none-eabi/4.8.4/../../../../arm-none-eabi/lib/armv7e-m\libg_s.a(lib_a-init.o)
 .data          0x00000000        0x0 c:/freescale/kds_3.0.0/toolchain/bin/../lib/gcc/arm-none-eabi/4.8.4/../../../../arm-none-eabi/lib/armv7e-m\libg_s.a(lib_a-init.o)
 .bss           0x00000000        0x0 c:/freescale/kds_3.0.0/toolchain/bin/../lib/gcc/arm-none-eabi/4.8.4/../../../../arm-none-eabi/lib/armv7e-m\libg_s.a(lib_a-init.o)
 .text          0x00000000        0x0 c:/freescale/kds_3.0.0/toolchain/bin/../lib/gcc/arm-none-eabi/4.8.4/../../../../arm-none-eabi/lib/armv7e-m\libg_s.a(lib_a-memset.o)
 .data          0x00000000        0x0 c:/freescale/kds_3.0.0/toolchain/bin/../lib/gcc/arm-none-eabi/4.8.4/../../../../arm-none-eabi/lib/armv7e-m\libg_s.a(lib_a-memset.o)
 .bss           0x00000000        0x0 c:/freescale/kds_3.0.0/toolchain/bin/../lib/gcc/arm-none-eabi/4.8.4/../../../../arm-none-eabi/lib/armv7e-m\libg_s.a(lib_a-memset.o)
 .text          0x00000000        0x0 c:/freescale/kds_3.0.0/toolchain/bin/../lib/gcc/arm-none-eabi/4.8.4/../../../../arm-none-eabi/lib/armv7e-m\libnosys.a(_exit.o)
 .data          0x00000000        0x0 c:/freescale/kds_3.0.0/toolchain/bin/../lib/gcc/arm-none-eabi/4.8.4/../../../../arm-none-eabi/lib/armv7e-m\libnosys.a(_exit.o)
 .bss           0x00000000        0x0 c:/freescale/kds_3.0.0/toolchain/bin/../lib/gcc/arm-none-eabi/4.8.4/../../../../arm-none-eabi/lib/armv7e-m\libnosys.a(_exit.o)
 .text          0x00000000        0x0 c:/freescale/kds_3.0.0/toolchain/bin/../lib/gcc/arm-none-eabi/4.8.4/armv7e-m/crtend.o
 .data          0x00000000        0x0 c:/freescale/kds_3.0.0/toolchain/bin/../lib/gcc/arm-none-eabi/4.8.4/armv7e-m/crtend.o
 .bss           0x00000000        0x0 c:/freescale/kds_3.0.0/toolchain/bin/../lib/gcc/arm-none-eabi/4.8.4/armv7e-m/crtend.o
 .eh_frame      0x00000000        0x4 c:/freescale/kds_3.0.0/toolchain/bin/../lib/gcc/arm-none-eabi/4.8.4/armv7e-m/crtend.o
 .jcr           0x00000000        0x4 c:/freescale/kds_3.0.0/toolchain/bin/../lib/gcc/arm-none-eabi/4.8.4/armv7e-m/crtend.o
 .ARM.attributes
                0x00000000       0x2e c:/freescale/kds_3.0.0/toolchain/bin/../lib/gcc/arm-none-eabi/4.8.4/armv7e-m/crtend.o
 .text          0x00000000        0x0 c:/freescale/kds_3.0.0/toolchain/bin/../lib/gcc/arm-none-eabi/4.8.4/armv7e-m/crtn.o
 .data          0x00000000        0x0 c:/freescale/kds_3.0.0/toolchain/bin/../lib/gcc/arm-none-eabi/4.8.4/armv7e-m/crtn.o
 .bss           0x00000000        0x0 c:/freescale/kds_3.0.0/toolchain/bin/../lib/gcc/arm-none-eabi/4.8.4/armv7e-m/crtn.o

Memory Configuration

Name             Origin             Length             Attributes
m_interrupts     0x00000000         0x000000f8         xr
m_text           0x00000410         0x0001fbf0         xr
m_data           0x1fffe000         0x00002000         rw
m_data_20000000  0x20000000         0x00002000         rw
m_cfmprotrom     0x00000400         0x00000010         xr
*default*        0x00000000         0xffffffff

Linker script and memory map

LOAD c:/freescale/kds_3.0.0/toolchain/bin/../lib/gcc/arm-none-eabi/4.8.4/armv7e-m/crti.o
LOAD c:/freescale/kds_3.0.0/toolchain/bin/../lib/gcc/arm-none-eabi/4.8.4/armv7e-m/crtbegin.o
LOAD c:/freescale/kds_3.0.0/toolchain/bin/../lib/gcc/arm-none-eabi/4.8.4/../../../../arm-none-eabi/lib/armv7e-m/crt0.o
LOAD ./Sources/Events.o
LOAD ./Sources/main.o
LOAD ./Project_Settings/Startup_Code/startup.o
LOAD ./Generated_Code/AD1.o
LOAD ./Generated_Code/ASerialLdd1.o
LOAD ./Generated_Code/AdcLdd1.o
LOAD ./Generated_Code/Cpu.o
LOAD ./Generated_Code/Inhr1.o
LOAD ./Generated_Code/PE_LDD.o
LOAD ./Generated_Code/Term1.o
LOAD ./Generated_Code/Vectors.o
LOAD c:/freescale/kds_3.0.0/toolchain/bin/../lib/gcc/arm-none-eabi/4.8.4/../../../../arm-none-eabi/lib/armv7e-m\libstdc++_s.a
LOAD c:/freescale/kds_3.0.0/toolchain/bin/../lib/gcc/arm-none-eabi/4.8.4/../../../../arm-none-eabi/lib/armv7e-m\libm.a
START GROUP
LOAD c:/freescale/kds_3.0.0/toolchain/bin/../lib/gcc/arm-none-eabi/4.8.4/armv7e-m\libgcc.a
LOAD c:/freescale/kds_3.0.0/toolchain/bin/../lib/gcc/arm-none-eabi/4.8.4/../../../../arm-none-eabi/lib/armv7e-m\libg_s.a
LOAD c:/freescale/kds_3.0.0/toolchain/bin/../lib/gcc/arm-none-eabi/4.8.4/../../../../arm-none-eabi/lib/armv7e-m\libc_s.a
END GROUP
START GROUP
LOAD c:/freescale/kds_3.0.0/toolchain/bin/../lib/gcc/arm-none-eabi/4.8.4/armv7e-m\libgcc.a
LOAD c:/freescale/kds_3.0.0/toolchain/bin/../lib/gcc/arm-none-eabi/4.8.4/../../../../arm-none-eabi/lib/armv7e-m\libc_s.a
LOAD c:/freescale/kds_3.0.0/toolchain/bin/../lib/gcc/arm-none-eabi/4.8.4/../../../../arm-none-eabi/lib/armv7e-m\libnosys.a
END GROUP
START GROUP
LOAD c:/freescale/kds_3.0.0/toolchain/bin/../lib/gcc/arm-none-eabi/4.8.4/armv7e-m\libgcc.a
LOAD c:/freescale/kds_3.0.0/toolchain/bin/../lib/gcc/arm-none-eabi/4.8.4/../../../../arm-none-eabi/lib/armv7e-m\libc_s.a
LOAD c:/freescale/kds_3.0.0/toolchain/bin/../lib/gcc/arm-none-eabi/4.8.4/../../../../arm-none-eabi/lib/armv7e-m\libnosys.a
END GROUP
LOAD c:/freescale/kds_3.0.0/toolchain/bin/../lib/gcc/arm-none-eabi/4.8.4/armv7e-m/crtend.o
LOAD c:/freescale/kds_3.0.0/toolchain/bin/../lib/gcc/arm-none-eabi/4.8.4/armv7e-m/crtn.o
                0x20000000                _estack = 0x20000000
                0x20000000                __SP_INIT = _estack
                0x20000000                __stack = _estack
                0x00000000                __heap_size = 0x0
                0x00000400                __stack_size = 0x400

.interrupts     0x00000000       0xf8
                0x00000000                __vector_table = .
                0x00000000                . = ALIGN (0x4)
 *(.vectortable)
 .vectortable   0x00000000       0xf8 ./Generated_Code/Vectors.o
                0x00000000                __vect_table
                0x000000f8                . = ALIGN (0x4)

.cfmprotect     0x00000400       0x10
                0x00000400                . = ALIGN (0x4)
 *(.cfmconfig)
 .cfmconfig     0x00000400       0x10 ./Generated_Code/Cpu.o
                0x00000400                _cfm
                0x00000410                . = ALIGN (0x4)

.text           0x00000410     0x1910
                0x00000410                . = ALIGN (0x4)
 *(.text)
 .text          0x00000410       0x54 c:/freescale/kds_3.0.0/toolchain/bin/../lib/gcc/arm-none-eabi/4.8.4/armv7e-m/crtbegin.o
 .text          0x00000464       0x74 c:/freescale/kds_3.0.0/toolchain/bin/../lib/gcc/arm-none-eabi/4.8.4/../../../../arm-none-eabi/lib/armv7e-m/crt0.o
                0x00000464                _start
                0x00000464                _mainCRTStartup
 .text          0x000004d8      0x370 c:/freescale/kds_3.0.0/toolchain/bin/../lib/gcc/arm-none-eabi/4.8.4/armv7e-m\libgcc.a(_arm_addsubdf3.o)
                0x000004d8                __aeabi_drsub
                0x000004e0                __aeabi_dsub
                0x000004e0                __subdf3
                0x000004e4                __aeabi_dadd
                0x000004e4                __adddf3
                0x0000075c                __floatunsidf
                0x0000075c                __aeabi_ui2d
                0x0000077c                __floatsidf
                0x0000077c                __aeabi_i2d
                0x000007a0                __aeabi_f2d
                0x000007a0                __extendsfdf2
                0x000007dc                __floatundidf
                0x000007dc                __aeabi_ul2d
                0x000007ec                __floatdidf
                0x000007ec                __aeabi_l2d
 .text          0x00000848      0x424 c:/freescale/kds_3.0.0/toolchain/bin/../lib/gcc/arm-none-eabi/4.8.4/armv7e-m\libgcc.a(_arm_muldivdf3.o)
                0x00000848                __aeabi_dmul
                0x00000848                __muldf3
                0x00000a9c                __divdf3
                0x00000a9c                __aeabi_ddiv
 .text          0x00000c6c       0x50 c:/freescale/kds_3.0.0/toolchain/bin/../lib/gcc/arm-none-eabi/4.8.4/armv7e-m\libgcc.a(_arm_fixdfsi.o)
                0x00000c6c                __aeabi_d2iz
                0x00000c6c                __fixdfsi
 *(.text*)
 .text.Cpu_OnNMIINT
                0x00000cbc        0xc ./Sources/Events.o
                0x00000cbc                Cpu_OnNMIINT
 .text.AD1_OnEnd
                0x00000cc8        0xc ./Sources/Events.o
                0x00000cc8                AD1_OnEnd
 .text.AD1_OnCalibrationEnd
                0x00000cd4        0xc ./Sources/Events.o
                0x00000cd4                AD1_OnCalibrationEnd
 .text.main     0x00000ce0       0xb8 ./Sources/main.o
                0x00000ce0                main
 .text.__copy_rom_section
                0x00000d98       0xe4 ./Project_Settings/Startup_Code/startup.o
                0x00000d98                __copy_rom_section
 .text.__copy_rom_sections_to_ram
                0x00000e7c       0x9c ./Project_Settings/Startup_Code/startup.o
                0x00000e7c                __copy_rom_sections_to_ram
 .text.__init_registers
                0x00000f18        0xc ./Project_Settings/Startup_Code/startup.o
                0x00000f18                __init_registers
 .text.__init_user
                0x00000f24        0xc ./Project_Settings/Startup_Code/startup.o
                0x00000f24                __init_user
 .text.__thumb_startup
                0x00000f30       0x34 ./Project_Settings/Startup_Code/startup.o
                0x00000f30                __thumb_startup
 .text.AD1_HWEnDi
                0x00000f64       0x44 ./Generated_Code/AD1.o
                0x00000f64                AD1_HWEnDi
 .text.AD1_Measure
                0x00000fa8       0x44 ./Generated_Code/AD1.o
                0x00000fa8                AD1_Measure
 .text.AD1_GetValue16
                0x00000fec       0x38 ./Generated_Code/AD1.o
                0x00000fec                AD1_GetValue16
 .text.AD1_Calibrate
                0x00001024       0x7c ./Generated_Code/AD1.o
                0x00001024                AD1_Calibrate
 .text.AdcLdd1_OnMeasurementComplete
                0x000010a0       0x5c ./Generated_Code/AD1.o
                0x000010a0                AdcLdd1_OnMeasurementComplete
 .text.AD1_Init
                0x000010fc       0x2c ./Generated_Code/AD1.o
                0x000010fc                AD1_Init
 .text.ASerialLdd1_Init
                0x00001128      0x160 ./Generated_Code/ASerialLdd1.o
                0x00001128                ASerialLdd1_Init
 .text.ASerialLdd1_ReceiveBlock
                0x00001288       0x48 ./Generated_Code/ASerialLdd1.o
                0x00001288                ASerialLdd1_ReceiveBlock
 .text.ASerialLdd1_SendBlock
                0x000012d0       0x58 ./Generated_Code/ASerialLdd1.o
                0x000012d0                ASerialLdd1_SendBlock
 .text.InterruptRx
                0x00001328       0x50 ./Generated_Code/ASerialLdd1.o
 .text.InterruptTx
                0x00001378       0x60 ./Generated_Code/ASerialLdd1.o
 .text.ASerialLdd1_Main
                0x000013d8       0xd8 ./Generated_Code/ASerialLdd1.o
                0x000013d8                ASerialLdd1_Main
 .text.AdcLdd1_Init
                0x000014b0       0x9c ./Generated_Code/AdcLdd1.o
                0x000014b0                AdcLdd1_Init
 .text.AdcLdd1_StartSingleMeasurement
                0x0000154c       0x4c ./Generated_Code/AdcLdd1.o
                0x0000154c                AdcLdd1_StartSingleMeasurement
 .text.AdcLdd1_CreateSampleGroup
                0x00001598       0x64 ./Generated_Code/AdcLdd1.o
                0x00001598                AdcLdd1_CreateSampleGroup
 .text.AdcLdd1_GetMeasuredValues
                0x000015fc       0x4c ./Generated_Code/AdcLdd1.o
                0x000015fc                AdcLdd1_GetMeasuredValues
 .text.AdcLdd1_GetMeasurementCompleteStatus
                0x00001648       0x78 ./Generated_Code/AdcLdd1.o
                0x00001648                AdcLdd1_GetMeasurementCompleteStatus
 .text.AdcLdd1_StartCalibration
                0x000016c0       0x4c ./Generated_Code/AdcLdd1.o
                0x000016c0                AdcLdd1_StartCalibration
 .text.AdcLdd1_GetCalibrationResultStatus
                0x0000170c       0xbc ./Generated_Code/AdcLdd1.o
                0x0000170c                AdcLdd1_GetCalibrationResultStatus
 .text.AdcLdd1_MeasurementCompleteInterrupt
                0x000017c8       0x3c ./Generated_Code/AdcLdd1.o
                0x000017c8                AdcLdd1_MeasurementCompleteInterrupt
 .text.Cpu_INT_NMIInterrupt
                0x00001804       0x1c ./Generated_Code/Cpu.o
                0x00001804                Cpu_INT_NMIInterrupt
 .text.Cpu_Interrupt
                0x00001820       0x18 ./Generated_Code/Cpu.o
                0x00001820                Cpu_Interrupt
 .text.__init_hardware
                0x00001838      0x11c ./Generated_Code/Cpu.o
                0x00001838                __init_hardware
 .text.Cpu_SetBASEPRI
                0x00001954       0x18 ./Generated_Code/Cpu.o
                0x00001954                Cpu_SetBASEPRI
 .text.PE_low_level_init
                0x0000196c       0xb0 ./Generated_Code/Cpu.o
                0x0000196c                PE_low_level_init
 .text.HWEnDi   0x00001a1c       0x1c ./Generated_Code/Inhr1.o
 .text.Inhr1_SendChar
                0x00001a38       0x5c ./Generated_Code/Inhr1.o
                0x00001a38                Inhr1_SendChar
 .text.Inhr1_Init
                0x00001a94       0x24 ./Generated_Code/Inhr1.o
                0x00001a94                Inhr1_Init
 .text.ASerialLdd1_OnBreak
                0x00001ab8       0x24 ./Generated_Code/Inhr1.o
                0x00001ab8                ASerialLdd1_OnBreak
 .text.Term1_SendStr
                0x00001adc       0x34 ./Generated_Code/Term1.o
                0x00001adc                Term1_SendStr
 .text.LongToStr
                0x00001b10       0xf4 ./Generated_Code/Term1.o
 .text.Term1_SendNum
                0x00001c04       0x54 ./Generated_Code/Term1.o
                0x00001c04                Term1_SendNum
 .text.exit     0x00001c58       0x28 c:/freescale/kds_3.0.0/toolchain/bin/../lib/gcc/arm-none-eabi/4.8.4/../../../../arm-none-eabi/lib/armv7e-m\libg_s.a(lib_a-exit.o)
                0x00001c58                exit
 .text.__libc_init_array
                0x00001c80       0x4c c:/freescale/kds_3.0.0/toolchain/bin/../lib/gcc/arm-none-eabi/4.8.4/../../../../arm-none-eabi/lib/armv7e-m\libg_s.a(lib_a-init.o)
                0x00001c80                __libc_init_array
 .text.memset   0x00001ccc       0x10 c:/freescale/kds_3.0.0/toolchain/bin/../lib/gcc/arm-none-eabi/4.8.4/../../../../arm-none-eabi/lib/armv7e-m\libg_s.a(lib_a-memset.o)
                0x00001ccc                memset
 .text._exit    0x00001cdc        0x4 c:/freescale/kds_3.0.0/toolchain/bin/../lib/gcc/arm-none-eabi/4.8.4/../../../../arm-none-eabi/lib/armv7e-m\libnosys.a(_exit.o)
                0x00001cdc                _exit
 *(.rodata)
 .rodata        0x00001ce0       0x20 ./Sources/main.o
 *(.rodata*)
 .rodata.str1.1
                0x00001d00        0x2 c:/freescale/kds_3.0.0/toolchain/bin/../lib/gcc/arm-none-eabi/4.8.4/../../../../arm-none-eabi/lib/armv7e-m\libg_s.a(lib_a-impure.o)
 *fill*         0x00001d02        0x2 
 .rodata._global_impure_ptr
                0x00001d04        0x4 c:/freescale/kds_3.0.0/toolchain/bin/../lib/gcc/arm-none-eabi/4.8.4/../../../../arm-none-eabi/lib/armv7e-m\libg_s.a(lib_a-impure.o)
                0x00001d04                _global_impure_ptr
 *(.glue_7)
 .glue_7        0x00000000        0x0 linker stubs
 *(.glue_7t)
 .glue_7t       0x00000000        0x0 linker stubs
 *(.eh_frame)
 .eh_frame      0x00001d08        0x0 c:/freescale/kds_3.0.0/toolchain/bin/../lib/gcc/arm-none-eabi/4.8.4/armv7e-m/crtbegin.o
 *(.init)
 .init          0x00001d08        0x4 c:/freescale/kds_3.0.0/toolchain/bin/../lib/gcc/arm-none-eabi/4.8.4/armv7e-m/crti.o
                0x00001d08                _init
 .init          0x00001d0c        0x8 c:/freescale/kds_3.0.0/toolchain/bin/../lib/gcc/arm-none-eabi/4.8.4/armv7e-m/crtn.o
 *(.fini)
 .fini          0x00001d14        0x4 c:/freescale/kds_3.0.0/toolchain/bin/../lib/gcc/arm-none-eabi/4.8.4/armv7e-m/crti.o
                0x00001d14                _fini
 .fini          0x00001d18        0x8 c:/freescale/kds_3.0.0/toolchain/bin/../lib/gcc/arm-none-eabi/4.8.4/armv7e-m/crtn.o
                0x00001d20                . = ALIGN (0x4)
                0x00001d20                _etext = .

.vfp11_veneer   0x00001d20        0x0
 .vfp11_veneer  0x00000000        0x0 linker stubs

.v4_bx          0x00001d20        0x0
 .v4_bx         0x00000000        0x0 linker stubs

.iplt           0x00001d20        0x0
 .iplt          0x00000000        0x0 c:/freescale/kds_3.0.0/toolchain/bin/../lib/gcc/arm-none-eabi/4.8.4/armv7e-m/crtbegin.o

.ARM.extab
 *(.ARM.extab* .gnu.linkonce.armextab.*)

.ARM            0x00001d20        0x8
                0x00001d20                __exidx_start = .
 *(.ARM.exidx*)
 .ARM.exidx     0x00001d20        0x8 c:/freescale/kds_3.0.0/toolchain/bin/../lib/gcc/arm-none-eabi/4.8.4/../../../../arm-none-eabi/lib/armv7e-m/crt0.o
                0x00001d28                __exidx_end = .

.rel.dyn        0x00001d28        0x0
 .rel.iplt      0x00000000        0x0 c:/freescale/kds_3.0.0/toolchain/bin/../lib/gcc/arm-none-eabi/4.8.4/armv7e-m/crtbegin.o

.ctors          0x00001d28        0x0
                0x00001d28                __CTOR_LIST__ = .
 *crtbegin.o(.ctors)
 *(EXCLUDE_FILE(*crtend.o) .ctors)
 *(SORT(.ctors.*))
 *(.ctors)
                0x00001d28                __CTOR_END__ = .

.dtors          0x00001d28        0x0
                0x00001d28                __DTOR_LIST__ = .
 *crtbegin.o(.dtors)
 *(EXCLUDE_FILE(*crtend.o) .dtors)
 *(SORT(.dtors.*))
 *(.dtors)
                0x00001d28                __DTOR_END__ = .

.preinit_array  0x00001d28        0x0
                0x00001d28                PROVIDE (__preinit_array_start, .)
 *(.preinit_array*)
                0x00001d28                PROVIDE (__preinit_array_end, .)

.init_array     0x00001d28        0x4
                0x00001d28                PROVIDE (__init_array_start, .)
 *(SORT(.init_array.*))
 *(.init_array*)
 .init_array    0x00001d28        0x4 c:/freescale/kds_3.0.0/toolchain/bin/../lib/gcc/arm-none-eabi/4.8.4/armv7e-m/crtbegin.o
                0x00001d2c                PROVIDE (__init_array_end, .)

.fini_array     0x00001d2c        0x4
                0x00001d2c                PROVIDE (__fini_array_start, .)
 *(SORT(.fini_array.*))
 *(.fini_array*)
 .fini_array    0x00001d2c        0x4 c:/freescale/kds_3.0.0/toolchain/bin/../lib/gcc/arm-none-eabi/4.8.4/armv7e-m/crtbegin.o
                0x00001d30                PROVIDE (__fini_array_end, .)
                0x00001d30                ___ROM_AT = .

.data           0x1fffe000       0x60 load address 0x00001d30
                0x1fffe000                . = ALIGN (0x4)
                0x1fffe000                _sdata = .
 *(.data)
 *(.data*)
 .data.impure_data
                0x1fffe000       0x60 c:/freescale/kds_3.0.0/toolchain/bin/../lib/gcc/arm-none-eabi/4.8.4/../../../../arm-none-eabi/lib/armv7e-m\libg_s.a(lib_a-impure.o)
                0x1fffe060                . = ALIGN (0x4)
                0x1fffe060                _edata = .
                0x00000060                ___data_size = (_edata - _sdata)
                0x00001d90                ___m_data_20000000_ROMStart = (___ROM_AT + SIZEOF (.data))

.jcr            0x1fffe060        0x0 load address 0x00001d90
 .jcr           0x1fffe060        0x0 c:/freescale/kds_3.0.0/toolchain/bin/../lib/gcc/arm-none-eabi/4.8.4/armv7e-m/crtbegin.o

.igot.plt       0x1fffe060        0x0 load address 0x00001d90
 .igot.plt      0x00000000        0x0 c:/freescale/kds_3.0.0/toolchain/bin/../lib/gcc/arm-none-eabi/4.8.4/armv7e-m/crtbegin.o

.m_data_20000000
                0x20000000        0x0 load address 0x00001d90
                0x20000000                . = ALIGN (0x4)
                0x20000000                ___m_data_20000000_RAMStart = .
 *(.m_data_20000000)
                0x20000000                ___m_data_20000000_RAMEnd = .
                0x20000000                . = ALIGN (0x4)
                0x00000000                ___m_data_20000000_ROMSize = (___m_data_20000000_RAMEnd - ___m_data_20000000_RAMStart)
                0x20000000                . = ALIGN (0x4)

.bss            0x1fffe060       0x74 load address 0x00001d90
                0x1fffe060                __START_BSS = .
                0x1fffe060                PROVIDE (__bss_start__, __START_BSS)
 *(.bss)
 .bss           0x1fffe060       0x1c c:/freescale/kds_3.0.0/toolchain/bin/../lib/gcc/arm-none-eabi/4.8.4/armv7e-m/crtbegin.o
 *(.bss*)
 .bss.ModeFlg   0x1fffe07c        0x1 ./Generated_Code/AD1.o
 *fill*         0x1fffe07d        0x3 
 .bss.SampleGroup
                0x1fffe080        0x4 ./Generated_Code/AD1.o
 .bss.OutFlg    0x1fffe084        0x1 ./Generated_Code/AD1.o
 *fill*         0x1fffe085        0x3 
 .bss.DeviceDataPrv__DEFAULT_RTOS_ALLOC
                0x1fffe088       0x20 ./Generated_Code/ASerialLdd1.o
 .bss.DeviceDataPrv__DEFAULT_RTOS_ALLOC
                0x1fffe0a8        0x8 ./Generated_Code/AdcLdd1.o
 .bss.INT_ADC0__DEFAULT_RTOS_ISRPARAM
                0x1fffe0b0        0x4 ./Generated_Code/AdcLdd1.o
 .bss.SR_lock   0x1fffe0b4        0x1 ./Generated_Code/Cpu.o
                0x1fffe0b4                SR_lock
 *fill*         0x1fffe0b5        0x1 
 .bss.SerFlag   0x1fffe0b6        0x2 ./Generated_Code/Inhr1.o
 .bss.BufferRead
                0x1fffe0b8        0x1 ./Generated_Code/Inhr1.o
 .bss.OutBuffer
                0x1fffe0b9        0x1 ./Generated_Code/Inhr1.o
 *fill*         0x1fffe0ba        0x2 
 .bss.PE_LDD_DeviceDataList
                0x1fffe0bc        0x8 ./Generated_Code/PE_LDD.o
                0x1fffe0bc                PE_LDD_DeviceDataList
 *(COMMON)
 COMMON         0x1fffe0c4        0x8 ./Generated_Code/AD1.o
                0x1fffe0c4                AD1_OutV
                0x1fffe0c8                AdcLdd1_DeviceDataPtr
 COMMON         0x1fffe0cc        0x1 ./Generated_Code/Cpu.o
                0x1fffe0cc                SR_reg
 *fill*         0x1fffe0cd        0x3 
 COMMON         0x1fffe0d0        0x4 ./Generated_Code/Inhr1.o
                0x1fffe0d0                ASerialLdd1_DeviceDataPtr
                0x1fffe0d4                . = ALIGN (0x4)
                0x1fffe0d4                __END_BSS = .
                0x1fffe0d4                PROVIDE (__bss_end__, __END_BSS)
                0x00001d90                _romp_at = ((___ROM_AT + SIZEOF (.data)) + SIZEOF (.m_data_20000000))

.romp           0x1fffe0d4       0x24 load address 0x00001d90
                0x00001d90                __S_romp = _romp_at
                0x1fffe0d4        0x4 LONG 0x1d30 ___ROM_AT
                0x1fffe0d8        0x4 LONG 0x1fffe000 _sdata
                0x1fffe0dc        0x4 LONG 0x60 ___data_size
                0x1fffe0e0        0x4 LONG 0x1d90 ___m_data_20000000_ROMStart
                0x1fffe0e4        0x4 LONG 0x20000000 ___m_data_20000000_RAMStart
                0x1fffe0e8        0x4 LONG 0x0 ___m_data_20000000_ROMSize
                0x1fffe0ec        0x4 LONG 0x0
                0x1fffe0f0        0x4 LONG 0x0
                0x1fffe0f4        0x4 LONG 0x0

._user_heap_stack
                0x1fffe0f8      0x400 load address 0x00001db4
                0x1fffe0f8                . = ALIGN (0x4)
                0x1fffe0f8                PROVIDE (end, .)
                0x1fffe0f8                PROVIDE (_end, .)
                0x1fffe0f8                __heap_addr = .
                0x1fffe0f8                __HeapBase = .
                0x1fffe0f8                . = (. + __heap_size)
                0x1fffe0f8                __HeapLimit = .
                0x1fffe4f8                . = (. + __stack_size)
 *fill*         0x1fffe0f8      0x400 
                0x1fffe4f8                . = ALIGN (0x4)

.ARM.attributes
                0x00000000       0x2a
 *(.ARM.attributes)
 .ARM.attributes
                0x00000000       0x1e c:/freescale/kds_3.0.0/toolchain/bin/../lib/gcc/arm-none-eabi/4.8.4/armv7e-m/crti.o
 .ARM.attributes
                0x0000001e       0x2e c:/freescale/kds_3.0.0/toolchain/bin/../lib/gcc/arm-none-eabi/4.8.4/armv7e-m/crtbegin.o
 .ARM.attributes
                0x0000004c       0x1c c:/freescale/kds_3.0.0/toolchain/bin/../lib/gcc/arm-none-eabi/4.8.4/../../../../arm-none-eabi/lib/armv7e-m/crt0.o
 .ARM.attributes
                0x00000068       0x33 ./Sources/Events.o
 .ARM.attributes
                0x0000009b       0x33 ./Sources/main.o
 .ARM.attributes
                0x000000ce       0x33 ./Project_Settings/Startup_Code/startup.o
 .ARM.attributes
                0x00000101       0x33 ./Generated_Code/AD1.o
 .ARM.attributes
                0x00000134       0x33 ./Generated_Code/ASerialLdd1.o
 .ARM.attributes
                0x00000167       0x33 ./Generated_Code/AdcLdd1.o
 .ARM.attributes
                0x0000019a       0x33 ./Generated_Code/Cpu.o
 .ARM.attributes
                0x000001cd       0x33 ./Generated_Code/Inhr1.o
 .ARM.attributes
                0x00000200       0x33 ./Generated_Code/PE_LDD.o
 .ARM.attributes
                0x00000233       0x33 ./Generated_Code/Term1.o
 .ARM.attributes
                0x00000266       0x33 ./Generated_Code/Vectors.o
 .ARM.attributes
                0x00000299       0x1e c:/freescale/kds_3.0.0/toolchain/bin/../lib/gcc/arm-none-eabi/4.8.4/armv7e-m\libgcc.a(_arm_addsubdf3.o)
 .ARM.attributes
                0x000002b7       0x1e c:/freescale/kds_3.0.0/toolchain/bin/../lib/gcc/arm-none-eabi/4.8.4/armv7e-m\libgcc.a(_arm_muldivdf3.o)
 .ARM.attributes
                0x000002d5       0x1e c:/freescale/kds_3.0.0/toolchain/bin/../lib/gcc/arm-none-eabi/4.8.4/armv7e-m\libgcc.a(_arm_fixdfsi.o)
 .ARM.attributes
                0x000002f3       0x2e c:/freescale/kds_3.0.0/toolchain/bin/../lib/gcc/arm-none-eabi/4.8.4/../../../../arm-none-eabi/lib/armv7e-m\libg_s.a(lib_a-exit.o)
 .ARM.attributes
                0x00000321       0x2e c:/freescale/kds_3.0.0/toolchain/bin/../lib/gcc/arm-none-eabi/4.8.4/../../../../arm-none-eabi/lib/armv7e-m\libg_s.a(lib_a-impure.o)
 .ARM.attributes
                0x0000034f       0x2e c:/freescale/kds_3.0.0/toolchain/bin/../lib/gcc/arm-none-eabi/4.8.4/../../../../arm-none-eabi/lib/armv7e-m\libg_s.a(lib_a-init.o)
 .ARM.attributes
                0x0000037d       0x2e c:/freescale/kds_3.0.0/toolchain/bin/../lib/gcc/arm-none-eabi/4.8.4/../../../../arm-none-eabi/lib/armv7e-m\libg_s.a(lib_a-memset.o)
 .ARM.attributes
                0x000003ab       0x2e c:/freescale/kds_3.0.0/toolchain/bin/../lib/gcc/arm-none-eabi/4.8.4/../../../../arm-none-eabi/lib/armv7e-m\libnosys.a(_exit.o)
 .ARM.attributes
                0x000003d9       0x1e c:/freescale/kds_3.0.0/toolchain/bin/../lib/gcc/arm-none-eabi/4.8.4/armv7e-m/crtn.o
OUTPUT(some prac.elf elf32-littlearm)

.debug_info     0x00000000     0x29a1
 .debug_info    0x00000000       0xb8 ./Sources/Events.o
 .debug_info    0x000000b8       0xd9 ./Sources/main.o
 .debug_info    0x00000191      0x20a ./Project_Settings/Startup_Code/startup.o
 .debug_info    0x0000039b      0x23b ./Generated_Code/AD1.o
 .debug_info    0x000005d6      0x939 ./Generated_Code/ASerialLdd1.o
 .debug_info    0x00000f0f      0x885 ./Generated_Code/AdcLdd1.o
 .debug_info    0x00001794      0x9e9 ./Generated_Code/Cpu.o
 .debug_info    0x0000217d      0x20b ./Generated_Code/Inhr1.o
 .debug_info    0x00002388      0x251 ./Generated_Code/PE_LDD.o
 .debug_info    0x000025d9      0x2ba ./Generated_Code/Term1.o
 .debug_info    0x00002893      0x10e ./Generated_Code/Vectors.o

.debug_abbrev   0x00000000      0xc11
 .debug_abbrev  0x00000000       0x45 ./Sources/Events.o
 .debug_abbrev  0x00000045       0x6e ./Sources/main.o
 .debug_abbrev  0x000000b3      0x11e ./Project_Settings/Startup_Code/startup.o
 .debug_abbrev  0x000001d1      0x150 ./Generated_Code/AD1.o
 .debug_abbrev  0x00000321      0x1c3 ./Generated_Code/ASerialLdd1.o
 .debug_abbrev  0x000004e4      0x1b4 ./Generated_Code/AdcLdd1.o
 .debug_abbrev  0x00000698      0x178 ./Generated_Code/Cpu.o
 .debug_abbrev  0x00000810      0x117 ./Generated_Code/Inhr1.o
 .debug_abbrev  0x00000927      0x10d ./Generated_Code/PE_LDD.o
 .debug_abbrev  0x00000a34      0x139 ./Generated_Code/Term1.o
 .debug_abbrev  0x00000b6d       0xa4 ./Generated_Code/Vectors.o

.debug_aranges  0x00000000      0x2d8
 .debug_aranges
                0x00000000       0x30 ./Sources/Events.o
 .debug_aranges
                0x00000030       0x20 ./Sources/main.o
 .debug_aranges
                0x00000050       0x50 ./Project_Settings/Startup_Code/startup.o
 .debug_aranges
                0x000000a0       0x48 ./Generated_Code/AD1.o
 .debug_aranges
                0x000000e8       0x58 ./Generated_Code/ASerialLdd1.o
 .debug_aranges
                0x00000140       0x60 ./Generated_Code/AdcLdd1.o
 .debug_aranges
                0x000001a0       0x40 ./Generated_Code/Cpu.o
 .debug_aranges
                0x000001e0       0x48 ./Generated_Code/Inhr1.o
 .debug_aranges
                0x00000228       0x30 ./Generated_Code/PE_LDD.o
 .debug_aranges
                0x00000258       0x68 ./Generated_Code/Term1.o
 .debug_aranges
                0x000002c0       0x18 ./Generated_Code/Vectors.o

.debug_ranges   0x00000000      0x220
 .debug_ranges  0x00000000       0x20 ./Sources/Events.o
 .debug_ranges  0x00000020       0x10 ./Sources/main.o
 .debug_ranges  0x00000030       0x40 ./Project_Settings/Startup_Code/startup.o
 .debug_ranges  0x00000070       0x38 ./Generated_Code/AD1.o
 .debug_ranges  0x000000a8       0x48 ./Generated_Code/ASerialLdd1.o
 .debug_ranges  0x000000f0       0x50 ./Generated_Code/AdcLdd1.o
 .debug_ranges  0x00000140       0x30 ./Generated_Code/Cpu.o
 .debug_ranges  0x00000170       0x38 ./Generated_Code/Inhr1.o
 .debug_ranges  0x000001a8       0x20 ./Generated_Code/PE_LDD.o
 .debug_ranges  0x000001c8       0x58 ./Generated_Code/Term1.o

.debug_macro    0x00000000    0x18946
 .debug_macro   0x00000000      0x104 ./Sources/Events.o
 .debug_macro   0x00000104      0x84a ./Sources/Events.o
 .debug_macro   0x0000094e       0x16 ./Sources/Events.o
 .debug_macro   0x00000964       0x44 ./Sources/Events.o
 .debug_macro   0x000009a8      0x209 ./Sources/Events.o
 .debug_macro   0x00000bb1     0x1664 ./Sources/Events.o
 .debug_macro   0x00002215      0x14e ./Sources/Events.o
 .debug_macro   0x00002363       0x6a ./Sources/Events.o
 .debug_macro   0x000023cd     0x9b9f ./Sources/Events.o
 .debug_macro   0x0000bf6c       0x94 ./Sources/Events.o
 .debug_macro   0x0000c000       0x5e ./Sources/Events.o
 .debug_macro   0x0000c05e       0x11 ./Sources/Events.o
 .debug_macro   0x0000c06f       0x94 ./Sources/Events.o
 .debug_macro   0x0000c103      0x616 ./Sources/Events.o
 .debug_macro   0x0000c719       0x7b ./Sources/Events.o
 .debug_macro   0x0000c794       0x10 ./Sources/Events.o
 .debug_macro   0x0000c7a4      0x104 ./Sources/main.o
 .debug_macro   0x0000c8a8      0x121 ./Project_Settings/Startup_Code/startup.o
 .debug_macro   0x0000c9c9       0x58 ./Project_Settings/Startup_Code/startup.o
 .debug_macro   0x0000ca21       0x35 ./Project_Settings/Startup_Code/startup.o
 .debug_macro   0x0000ca56       0xa3 ./Project_Settings/Startup_Code/startup.o
 .debug_macro   0x0000caf9      0x166 ./Project_Settings/Startup_Code/startup.o
 .debug_macro   0x0000cc5f       0x4a ./Project_Settings/Startup_Code/startup.o
 .debug_macro   0x0000cca9       0x52 ./Project_Settings/Startup_Code/startup.o
 .debug_macro   0x0000ccfb       0x16 ./Project_Settings/Startup_Code/startup.o
 .debug_macro   0x0000cd11       0x43 ./Project_Settings/Startup_Code/startup.o
 .debug_macro   0x0000cd54      0x180 ./Project_Settings/Startup_Code/startup.o
 .debug_macro   0x0000ced4      0x2a6 ./Project_Settings/Startup_Code/startup.o
 .debug_macro   0x0000d17a       0x10 ./Project_Settings/Startup_Code/startup.o
 .debug_macro   0x0000d18a       0x35 ./Project_Settings/Startup_Code/startup.o
 .debug_macro   0x0000d1bf       0x16 ./Project_Settings/Startup_Code/startup.o
 .debug_macro   0x0000d1d5       0x22 ./Project_Settings/Startup_Code/startup.o
 .debug_macro   0x0000d1f7       0x10 ./Project_Settings/Startup_Code/startup.o
 .debug_macro   0x0000d207      0x20f ./Project_Settings/Startup_Code/startup.o
 .debug_macro   0x0000d416     0x9b93 ./Project_Settings/Startup_Code/startup.o
 .debug_macro   0x00016fa9      0x11c ./Generated_Code/AD1.o
 .debug_macro   0x000170c5       0x9a ./Generated_Code/AD1.o
 .debug_macro   0x0001715f       0xc5 ./Generated_Code/ASerialLdd1.o
 .debug_macro   0x00017224       0x58 ./Generated_Code/ASerialLdd1.o
 .debug_macro   0x0001727c       0x17 ./Generated_Code/ASerialLdd1.o
 .debug_macro   0x00017293      0x7ab ./Generated_Code/ASerialLdd1.o
 .debug_macro   0x00017a3e      0x9b1 ./Generated_Code/ASerialLdd1.o
 .debug_macro   0x000183ef       0xd3 ./Generated_Code/AdcLdd1.o
 .debug_macro   0x000184c2      0x10a ./Generated_Code/Cpu.o
 .debug_macro   0x000185cc       0xdf ./Generated_Code/Inhr1.o
 .debug_macro   0x000186ab       0xe2 ./Generated_Code/PE_LDD.o
 .debug_macro   0x0001878d       0xad ./Generated_Code/Term1.o
 .debug_macro   0x0001883a      0x10c ./Generated_Code/Vectors.o

.debug_line     0x00000000     0x23dd
 .debug_line    0x00000000      0x2e4 ./Sources/Events.o
 .debug_line    0x000002e4      0x2ec ./Sources/main.o
 .debug_line    0x000005d0      0x3c6 ./Project_Settings/Startup_Code/startup.o
 .debug_line    0x00000996      0x387 ./Generated_Code/AD1.o
 .debug_line    0x00000d1d      0x356 ./Generated_Code/ASerialLdd1.o
 .debug_line    0x00001073      0x36a ./Generated_Code/AdcLdd1.o
 .debug_line    0x000013dd      0x3dc ./Generated_Code/Cpu.o
 .debug_line    0x000017b9      0x288 ./Generated_Code/Inhr1.o
 .debug_line    0x00001a41      0x2c8 ./Generated_Code/PE_LDD.o
 .debug_line    0x00001d09      0x37b ./Generated_Code/Term1.o
 .debug_line    0x00002084      0x359 ./Generated_Code/Vectors.o

.debug_str      0x00000000    0x55898
 .debug_str     0x00000000    0x440e2 ./Sources/Events.o
                              0x4422c (size before relaxing)
 .debug_str     0x000440e2       0x29 ./Sources/main.o
                              0x44215 (size before relaxing)
 .debug_str     0x0004410b     0x25f6 ./Project_Settings/Startup_Code/startup.o
                              0x3a1cc (size before relaxing)
 .debug_str     0x00046701      0x160 ./Generated_Code/AD1.o
                              0x44367 (size before relaxing)
 .debug_str     0x00046861     0xe6bd ./Generated_Code/ASerialLdd1.o
                              0x4db48 (size before relaxing)
 .debug_str     0x00054f1e      0x371 ./Generated_Code/AdcLdd1.o
                              0x4455b (size before relaxing)
 .debug_str     0x0005528f      0x240 ./Generated_Code/Cpu.o
                              0x445ca (size before relaxing)
 .debug_str     0x000554cf      0x16c ./Generated_Code/Inhr1.o
                              0x3f0c6 (size before relaxing)
 .debug_str     0x0005563b      0x177 ./Generated_Code/PE_LDD.o
                              0x443c2 (size before relaxing)
 .debug_str     0x000557b2       0xca ./Generated_Code/Term1.o
                              0x3f001 (size before relaxing)
 .debug_str     0x0005587c       0x1c ./Generated_Code/Vectors.o
                              0x44255 (size before relaxing)

.comment        0x00000000       0x70
 .comment       0x00000000       0x70 ./Sources/Events.o
                                 0x71 (size before relaxing)
 .comment       0x00000000       0x71 ./Sources/main.o
 .comment       0x00000000       0x71 ./Project_Settings/Startup_Code/startup.o
 .comment       0x00000000       0x71 ./Generated_Code/AD1.o
 .comment       0x00000000       0x71 ./Generated_Code/ASerialLdd1.o
 .comment       0x00000000       0x71 ./Generated_Code/AdcLdd1.o
 .comment       0x00000000       0x71 ./Generated_Code/Cpu.o
 .comment       0x00000000       0x71 ./Generated_Code/Inhr1.o
 .comment       0x00000000       0x71 ./Generated_Code/PE_LDD.o
 .comment       0x00000000       0x71 ./Generated_Code/Term1.o
 .comment       0x00000000       0x71 ./Generated_Code/Vectors.o

.debug_frame    0x00000000      0x7b8
 .debug_frame   0x00000000       0x58 ./Sources/Events.o
 .debug_frame   0x00000058       0x30 ./Sources/main.o
 .debug_frame   0x00000088       0xc0 ./Project_Settings/Startup_Code/startup.o
 .debug_frame   0x00000148       0xc4 ./Generated_Code/AD1.o
 .debug_frame   0x0000020c      0x100 ./Generated_Code/ASerialLdd1.o
 .debug_frame   0x0000030c      0x114 ./Generated_Code/AdcLdd1.o
 .debug_frame   0x00000420       0xa4 ./Generated_Code/Cpu.o
 .debug_frame   0x000004c4       0xc0 ./Generated_Code/Inhr1.o
 .debug_frame   0x00000584       0x64 ./Generated_Code/PE_LDD.o
 .debug_frame   0x000005e8      0x13c ./Generated_Code/Term1.o
 .debug_frame   0x00000724       0x28 c:/freescale/kds_3.0.0/toolchain/bin/../lib/gcc/arm-none-eabi/4.8.4/../../../../arm-none-eabi/lib/armv7e-m\libg_s.a(lib_a-exit.o)
 .debug_frame   0x0000074c       0x2c c:/freescale/kds_3.0.0/toolchain/bin/../lib/gcc/arm-none-eabi/4.8.4/../../../../arm-none-eabi/lib/armv7e-m\libg_s.a(lib_a-init.o)
 .debug_frame   0x00000778       0x20 c:/freescale/kds_3.0.0/toolchain/bin/../lib/gcc/arm-none-eabi/4.8.4/../../../../arm-none-eabi/lib/armv7e-m\libg_s.a(lib_a-memset.o)
 .debug_frame   0x00000798       0x20 c:/freescale/kds_3.0.0/toolchain/bin/../lib/gcc/arm-none-eabi/4.8.4/../../../../arm-none-eabi/lib/armv7e-m\libnosys.a(_exit.o)
